ARM GAS  C:\Users\elizavet\AppData\Local\Temp\cc9Kx38m.s 			page 1


   1              		.syntax unified
   2              		.cpu cortex-m0
   3              		.fpu softvfp
   4              		.eabi_attribute 20, 1
   5              		.eabi_attribute 21, 1
   6              		.eabi_attribute 23, 3
   7              		.eabi_attribute 24, 1
   8              		.eabi_attribute 25, 1
   9              		.eabi_attribute 26, 1
  10              		.eabi_attribute 30, 1
  11              		.eabi_attribute 34, 0
  12              		.eabi_attribute 18, 4
  13              		.thumb
  14              		.syntax unified
  15              		.file	"cyfitter_cfg.c"
  16              		.text
  17              	.Ltext0:
  18              		.cfi_sections	.debug_frame
  19              		.section	.text.cfg_write_bytes32,"ax",%progbits
  20              		.align	2
  21              		.code	16
  22              		.thumb_func
  23              		.type	cfg_write_bytes32, %function
  24              	cfg_write_bytes32:
  25              	.LFB4:
  26              		.file 1 "Generated_Source\\PSoC4\\cyfitter_cfg.c"
   1:Generated_Source\PSoC4/cyfitter_cfg.c **** 
   2:Generated_Source\PSoC4/cyfitter_cfg.c **** /*******************************************************************************
   3:Generated_Source\PSoC4/cyfitter_cfg.c **** * File Name: cyfitter_cfg.c
   4:Generated_Source\PSoC4/cyfitter_cfg.c **** * 
   5:Generated_Source\PSoC4/cyfitter_cfg.c **** * PSoC Creator  4.4
   6:Generated_Source\PSoC4/cyfitter_cfg.c **** *
   7:Generated_Source\PSoC4/cyfitter_cfg.c **** * Description:
   8:Generated_Source\PSoC4/cyfitter_cfg.c **** * This file contains device initialization code.
   9:Generated_Source\PSoC4/cyfitter_cfg.c **** * Except for the user defined sections in CyClockStartupError(), this file should not be modified.
  10:Generated_Source\PSoC4/cyfitter_cfg.c **** * This file is automatically generated by PSoC Creator.
  11:Generated_Source\PSoC4/cyfitter_cfg.c **** *
  12:Generated_Source\PSoC4/cyfitter_cfg.c **** ********************************************************************************
  13:Generated_Source\PSoC4/cyfitter_cfg.c **** * Copyright (c) 2007-2020 Cypress Semiconductor.  All rights reserved.
  14:Generated_Source\PSoC4/cyfitter_cfg.c **** * You may use this file only in accordance with the license, terms, conditions, 
  15:Generated_Source\PSoC4/cyfitter_cfg.c **** * disclaimers, and limitations in the end user license agreement accompanying 
  16:Generated_Source\PSoC4/cyfitter_cfg.c **** * the software package with which this file was provided.
  17:Generated_Source\PSoC4/cyfitter_cfg.c **** ********************************************************************************/
  18:Generated_Source\PSoC4/cyfitter_cfg.c **** 
  19:Generated_Source\PSoC4/cyfitter_cfg.c **** #include <string.h>
  20:Generated_Source\PSoC4/cyfitter_cfg.c **** #include "cytypes.h"
  21:Generated_Source\PSoC4/cyfitter_cfg.c **** #include "cydevice_trm.h"
  22:Generated_Source\PSoC4/cyfitter_cfg.c **** #include "cyfitter.h"
  23:Generated_Source\PSoC4/cyfitter_cfg.c **** #include "CyLib.h"
  24:Generated_Source\PSoC4/cyfitter_cfg.c **** #include "CyLFClk.h"
  25:Generated_Source\PSoC4/cyfitter_cfg.c **** #include "cyfitter_cfg.h"
  26:Generated_Source\PSoC4/cyfitter_cfg.c **** #include "cyapicallbacks.h"
  27:Generated_Source\PSoC4/cyfitter_cfg.c **** 
  28:Generated_Source\PSoC4/cyfitter_cfg.c **** 
  29:Generated_Source\PSoC4/cyfitter_cfg.c **** #if defined(__GNUC__) || defined(__ARMCC_VERSION)
  30:Generated_Source\PSoC4/cyfitter_cfg.c ****     #define CYPACKED 
  31:Generated_Source\PSoC4/cyfitter_cfg.c ****     #define CYPACKED_ATTR __attribute__ ((packed))
ARM GAS  C:\Users\elizavet\AppData\Local\Temp\cc9Kx38m.s 			page 2


  32:Generated_Source\PSoC4/cyfitter_cfg.c ****     #define CYALIGNED __attribute__ ((aligned))
  33:Generated_Source\PSoC4/cyfitter_cfg.c ****     #define CY_CFG_UNUSED __attribute__ ((unused))
  34:Generated_Source\PSoC4/cyfitter_cfg.c ****     #ifndef CY_CFG_SECTION
  35:Generated_Source\PSoC4/cyfitter_cfg.c ****         #define CY_CFG_SECTION __attribute__ ((section(".psocinit")))
  36:Generated_Source\PSoC4/cyfitter_cfg.c ****     #endif
  37:Generated_Source\PSoC4/cyfitter_cfg.c ****     
  38:Generated_Source\PSoC4/cyfitter_cfg.c ****     #if defined(__ARMCC_VERSION)
  39:Generated_Source\PSoC4/cyfitter_cfg.c ****         #define CY_CFG_MEMORY_BARRIER() __memory_changed()
  40:Generated_Source\PSoC4/cyfitter_cfg.c ****     #else
  41:Generated_Source\PSoC4/cyfitter_cfg.c ****         #define CY_CFG_MEMORY_BARRIER() __sync_synchronize()
  42:Generated_Source\PSoC4/cyfitter_cfg.c ****     #endif
  43:Generated_Source\PSoC4/cyfitter_cfg.c ****     
  44:Generated_Source\PSoC4/cyfitter_cfg.c **** #elif defined(__ICCARM__)
  45:Generated_Source\PSoC4/cyfitter_cfg.c ****     #include <intrinsics.h>
  46:Generated_Source\PSoC4/cyfitter_cfg.c **** 
  47:Generated_Source\PSoC4/cyfitter_cfg.c ****     #define CYPACKED __packed
  48:Generated_Source\PSoC4/cyfitter_cfg.c ****     #define CYPACKED_ATTR 
  49:Generated_Source\PSoC4/cyfitter_cfg.c ****     #define CYALIGNED _Pragma("data_alignment=4")
  50:Generated_Source\PSoC4/cyfitter_cfg.c ****     #define CY_CFG_UNUSED _Pragma("diag_suppress=Pe177")
  51:Generated_Source\PSoC4/cyfitter_cfg.c ****     #define CY_CFG_SECTION _Pragma("location=\".psocinit\"")
  52:Generated_Source\PSoC4/cyfitter_cfg.c ****     
  53:Generated_Source\PSoC4/cyfitter_cfg.c ****     #define CY_CFG_MEMORY_BARRIER() __DMB()
  54:Generated_Source\PSoC4/cyfitter_cfg.c ****     
  55:Generated_Source\PSoC4/cyfitter_cfg.c **** #else
  56:Generated_Source\PSoC4/cyfitter_cfg.c ****     #error Unsupported toolchain
  57:Generated_Source\PSoC4/cyfitter_cfg.c **** #endif
  58:Generated_Source\PSoC4/cyfitter_cfg.c **** 
  59:Generated_Source\PSoC4/cyfitter_cfg.c **** #ifndef CYCODE
  60:Generated_Source\PSoC4/cyfitter_cfg.c ****     #define CYCODE
  61:Generated_Source\PSoC4/cyfitter_cfg.c **** #endif
  62:Generated_Source\PSoC4/cyfitter_cfg.c **** #ifndef CYDATA
  63:Generated_Source\PSoC4/cyfitter_cfg.c ****     #define CYDATA
  64:Generated_Source\PSoC4/cyfitter_cfg.c **** #endif
  65:Generated_Source\PSoC4/cyfitter_cfg.c **** #ifndef CYFAR
  66:Generated_Source\PSoC4/cyfitter_cfg.c ****     #define CYFAR
  67:Generated_Source\PSoC4/cyfitter_cfg.c **** #endif
  68:Generated_Source\PSoC4/cyfitter_cfg.c **** #ifndef CYXDATA
  69:Generated_Source\PSoC4/cyfitter_cfg.c ****     #define CYXDATA
  70:Generated_Source\PSoC4/cyfitter_cfg.c **** #endif
  71:Generated_Source\PSoC4/cyfitter_cfg.c **** 
  72:Generated_Source\PSoC4/cyfitter_cfg.c **** 
  73:Generated_Source\PSoC4/cyfitter_cfg.c **** CY_CFG_UNUSED
  74:Generated_Source\PSoC4/cyfitter_cfg.c **** static void CYMEMZERO(void *s, size_t n);
  75:Generated_Source\PSoC4/cyfitter_cfg.c **** CY_CFG_UNUSED
  76:Generated_Source\PSoC4/cyfitter_cfg.c **** static void CYMEMZERO(void *s, size_t n)
  77:Generated_Source\PSoC4/cyfitter_cfg.c **** {
  78:Generated_Source\PSoC4/cyfitter_cfg.c **** 	(void)memset(s, 0, n);
  79:Generated_Source\PSoC4/cyfitter_cfg.c **** }
  80:Generated_Source\PSoC4/cyfitter_cfg.c **** CY_CFG_UNUSED
  81:Generated_Source\PSoC4/cyfitter_cfg.c **** static void CYCONFIGCPY(void *dest, const void *src, size_t n);
  82:Generated_Source\PSoC4/cyfitter_cfg.c **** CY_CFG_UNUSED
  83:Generated_Source\PSoC4/cyfitter_cfg.c **** static void CYCONFIGCPY(void *dest, const void *src, size_t n)
  84:Generated_Source\PSoC4/cyfitter_cfg.c **** {
  85:Generated_Source\PSoC4/cyfitter_cfg.c **** 	(void)memcpy(dest, src, n);
  86:Generated_Source\PSoC4/cyfitter_cfg.c **** }
  87:Generated_Source\PSoC4/cyfitter_cfg.c **** CY_CFG_UNUSED
  88:Generated_Source\PSoC4/cyfitter_cfg.c **** static void CYCONFIGCPYCODE(void *dest, const void *src, size_t n);
ARM GAS  C:\Users\elizavet\AppData\Local\Temp\cc9Kx38m.s 			page 3


  89:Generated_Source\PSoC4/cyfitter_cfg.c **** CY_CFG_UNUSED
  90:Generated_Source\PSoC4/cyfitter_cfg.c **** static void CYCONFIGCPYCODE(void *dest, const void *src, size_t n)
  91:Generated_Source\PSoC4/cyfitter_cfg.c **** {
  92:Generated_Source\PSoC4/cyfitter_cfg.c **** 	(void)memcpy(dest, src, n);
  93:Generated_Source\PSoC4/cyfitter_cfg.c **** }
  94:Generated_Source\PSoC4/cyfitter_cfg.c **** 
  95:Generated_Source\PSoC4/cyfitter_cfg.c **** 
  96:Generated_Source\PSoC4/cyfitter_cfg.c **** 
  97:Generated_Source\PSoC4/cyfitter_cfg.c **** 
  98:Generated_Source\PSoC4/cyfitter_cfg.c **** /* Clock startup error codes                                                   */
  99:Generated_Source\PSoC4/cyfitter_cfg.c **** #define CYCLOCKSTART_NO_ERROR    0u
 100:Generated_Source\PSoC4/cyfitter_cfg.c **** #define CYCLOCKSTART_XTAL_ERROR  1u
 101:Generated_Source\PSoC4/cyfitter_cfg.c **** #define CYCLOCKSTART_32KHZ_ERROR 2u
 102:Generated_Source\PSoC4/cyfitter_cfg.c **** #define CYCLOCKSTART_PLL_ERROR   3u
 103:Generated_Source\PSoC4/cyfitter_cfg.c **** #define CYCLOCKSTART_FLL_ERROR   4u
 104:Generated_Source\PSoC4/cyfitter_cfg.c **** #define CYCLOCKSTART_WCO_ERROR   5u
 105:Generated_Source\PSoC4/cyfitter_cfg.c **** 
 106:Generated_Source\PSoC4/cyfitter_cfg.c **** 
 107:Generated_Source\PSoC4/cyfitter_cfg.c **** #ifdef CY_NEED_CYCLOCKSTARTUPERROR
 108:Generated_Source\PSoC4/cyfitter_cfg.c **** /*******************************************************************************
 109:Generated_Source\PSoC4/cyfitter_cfg.c **** * Function Name: CyClockStartupError
 110:Generated_Source\PSoC4/cyfitter_cfg.c **** ********************************************************************************
 111:Generated_Source\PSoC4/cyfitter_cfg.c **** * Summary:
 112:Generated_Source\PSoC4/cyfitter_cfg.c **** *  If an error is encountered during clock configuration (crystal startup error,
 113:Generated_Source\PSoC4/cyfitter_cfg.c **** *  PLL lock error, etc.), the system will end up here.  Unless reimplemented by
 114:Generated_Source\PSoC4/cyfitter_cfg.c **** *  the customer, this function will stop in an infinite loop.
 115:Generated_Source\PSoC4/cyfitter_cfg.c **** *
 116:Generated_Source\PSoC4/cyfitter_cfg.c **** * Parameters:
 117:Generated_Source\PSoC4/cyfitter_cfg.c **** *   void
 118:Generated_Source\PSoC4/cyfitter_cfg.c **** *
 119:Generated_Source\PSoC4/cyfitter_cfg.c **** * Return:
 120:Generated_Source\PSoC4/cyfitter_cfg.c **** *   void
 121:Generated_Source\PSoC4/cyfitter_cfg.c **** *
 122:Generated_Source\PSoC4/cyfitter_cfg.c **** *******************************************************************************/
 123:Generated_Source\PSoC4/cyfitter_cfg.c **** CY_CFG_UNUSED
 124:Generated_Source\PSoC4/cyfitter_cfg.c **** static void CyClockStartupError(uint8 errorCode);
 125:Generated_Source\PSoC4/cyfitter_cfg.c **** CY_CFG_UNUSED
 126:Generated_Source\PSoC4/cyfitter_cfg.c **** static void CyClockStartupError(uint8 errorCode)
 127:Generated_Source\PSoC4/cyfitter_cfg.c **** {
 128:Generated_Source\PSoC4/cyfitter_cfg.c ****     /* To remove the compiler warning if errorCode not used.                */
 129:Generated_Source\PSoC4/cyfitter_cfg.c ****     errorCode = errorCode;
 130:Generated_Source\PSoC4/cyfitter_cfg.c **** 
 131:Generated_Source\PSoC4/cyfitter_cfg.c ****     /* If we have a clock startup error (bad MHz crystal, PLL lock, etc.),  */
 132:Generated_Source\PSoC4/cyfitter_cfg.c ****     /* we will end up here to allow the customer to implement something to  */
 133:Generated_Source\PSoC4/cyfitter_cfg.c ****     /* deal with the clock condition.                                       */
 134:Generated_Source\PSoC4/cyfitter_cfg.c **** 
 135:Generated_Source\PSoC4/cyfitter_cfg.c **** #ifdef CY_CFG_CLOCK_STARTUP_ERROR_CALLBACK
 136:Generated_Source\PSoC4/cyfitter_cfg.c ****     CY_CFG_Clock_Startup_ErrorCallback();
 137:Generated_Source\PSoC4/cyfitter_cfg.c **** #else
 138:Generated_Source\PSoC4/cyfitter_cfg.c ****     /*  If not using CY_CFG_CLOCK_STARTUP_ERROR_CALLBACK, place your clock startup code here. */
 139:Generated_Source\PSoC4/cyfitter_cfg.c ****     /* `#START CyClockStartupError` */
 140:Generated_Source\PSoC4/cyfitter_cfg.c **** 
 141:Generated_Source\PSoC4/cyfitter_cfg.c **** 
 142:Generated_Source\PSoC4/cyfitter_cfg.c **** 
 143:Generated_Source\PSoC4/cyfitter_cfg.c ****     /* `#END` */
 144:Generated_Source\PSoC4/cyfitter_cfg.c **** 
 145:Generated_Source\PSoC4/cyfitter_cfg.c ****     while(1) {}
ARM GAS  C:\Users\elizavet\AppData\Local\Temp\cc9Kx38m.s 			page 4


 146:Generated_Source\PSoC4/cyfitter_cfg.c **** #endif /* CY_CFG_CLOCK_STARTUP_ERROR_CALLBACK */
 147:Generated_Source\PSoC4/cyfitter_cfg.c **** }
 148:Generated_Source\PSoC4/cyfitter_cfg.c **** #endif
 149:Generated_Source\PSoC4/cyfitter_cfg.c **** 
 150:Generated_Source\PSoC4/cyfitter_cfg.c **** #define CY_CFG_BASE_ADDR_COUNT 4u
 151:Generated_Source\PSoC4/cyfitter_cfg.c **** CYPACKED typedef struct
 152:Generated_Source\PSoC4/cyfitter_cfg.c **** {
 153:Generated_Source\PSoC4/cyfitter_cfg.c **** 	uint8 offset;
 154:Generated_Source\PSoC4/cyfitter_cfg.c **** 	uint8 value;
 155:Generated_Source\PSoC4/cyfitter_cfg.c **** } CYPACKED_ATTR cy_cfg_addrvalue_t;
 156:Generated_Source\PSoC4/cyfitter_cfg.c **** 
 157:Generated_Source\PSoC4/cyfitter_cfg.c **** 
 158:Generated_Source\PSoC4/cyfitter_cfg.c **** 
 159:Generated_Source\PSoC4/cyfitter_cfg.c **** /*******************************************************************************
 160:Generated_Source\PSoC4/cyfitter_cfg.c **** * Function Name: cfg_write_bytes32
 161:Generated_Source\PSoC4/cyfitter_cfg.c **** ********************************************************************************
 162:Generated_Source\PSoC4/cyfitter_cfg.c **** * Summary:
 163:Generated_Source\PSoC4/cyfitter_cfg.c **** *  This function is used for setting up the chip configuration areas that
 164:Generated_Source\PSoC4/cyfitter_cfg.c **** *  contain relatively sparse data.
 165:Generated_Source\PSoC4/cyfitter_cfg.c **** *
 166:Generated_Source\PSoC4/cyfitter_cfg.c **** * Parameters:
 167:Generated_Source\PSoC4/cyfitter_cfg.c **** *   void
 168:Generated_Source\PSoC4/cyfitter_cfg.c **** *
 169:Generated_Source\PSoC4/cyfitter_cfg.c **** * Return:
 170:Generated_Source\PSoC4/cyfitter_cfg.c **** *   void
 171:Generated_Source\PSoC4/cyfitter_cfg.c **** *
 172:Generated_Source\PSoC4/cyfitter_cfg.c **** *******************************************************************************/
 173:Generated_Source\PSoC4/cyfitter_cfg.c **** static void cfg_write_bytes32(const uint32 addr_table[], const cy_cfg_addrvalue_t data_table[]);
 174:Generated_Source\PSoC4/cyfitter_cfg.c **** static void cfg_write_bytes32(const uint32 addr_table[], const cy_cfg_addrvalue_t data_table[])
 175:Generated_Source\PSoC4/cyfitter_cfg.c **** {
  27              		.loc 1 175 0
  28              		.cfi_startproc
  29              		@ args = 0, pretend = 0, frame = 0
  30              		@ frame_needed = 0, uses_anonymous_args = 0
  31              	.LVL0:
  32 0000 F0B5     		push	{r4, r5, r6, r7, lr}
  33              		.cfi_def_cfa_offset 20
  34              		.cfi_offset 4, -20
  35              		.cfi_offset 5, -16
  36              		.cfi_offset 6, -12
  37              		.cfi_offset 7, -8
  38              		.cfi_offset 14, -4
  39              	.LVL1:
 176:Generated_Source\PSoC4/cyfitter_cfg.c **** 	/* For 32-bit little-endian architectures */
 177:Generated_Source\PSoC4/cyfitter_cfg.c **** 	uint32 i, j = 0u;
  40              		.loc 1 177 0
  41 0002 0025     		movs	r5, #0
 178:Generated_Source\PSoC4/cyfitter_cfg.c **** 	for (i = 0u; i < CY_CFG_BASE_ADDR_COUNT; i++)
  42              		.loc 1 178 0
  43 0004 0027     		movs	r7, #0
  44 0006 11E0     		b	.L2
  45              	.LVL2:
  46              	.L5:
  47              	.LBB2:
 179:Generated_Source\PSoC4/cyfitter_cfg.c **** 	{
 180:Generated_Source\PSoC4/cyfitter_cfg.c **** 		uint32 baseAddr = addr_table[i];
  48              		.loc 1 180 0
ARM GAS  C:\Users\elizavet\AppData\Local\Temp\cc9Kx38m.s 			page 5


  49 0008 BB00     		lsls	r3, r7, #2
  50 000a C658     		ldr	r6, [r0, r3]
  51              	.LVL3:
 181:Generated_Source\PSoC4/cyfitter_cfg.c **** 		uint8 count = (uint8)baseAddr;
  52              		.loc 1 181 0
  53 000c F3B2     		uxtb	r3, r6
  54              	.LVL4:
 182:Generated_Source\PSoC4/cyfitter_cfg.c **** 		baseAddr &= 0xFFFFFF00u;
  55              		.loc 1 182 0
  56 000e FF22     		movs	r2, #255
  57 0010 9643     		bics	r6, r2
  58              	.LVL5:
 183:Generated_Source\PSoC4/cyfitter_cfg.c **** 		while (count != 0u)
  59              		.loc 1 183 0
  60 0012 08E0     		b	.L3
  61              	.L4:
 184:Generated_Source\PSoC4/cyfitter_cfg.c **** 		{
 185:Generated_Source\PSoC4/cyfitter_cfg.c **** 			CY_SET_REG8((void *)(baseAddr + data_table[j].offset), data_table[j].value);
  62              		.loc 1 185 0
  63 0014 6A00     		lsls	r2, r5, #1
  64 0016 8A18     		adds	r2, r1, r2
  65 0018 1478     		ldrb	r4, [r2]
  66 001a A419     		adds	r4, r4, r6
  67 001c 5278     		ldrb	r2, [r2, #1]
  68 001e 2270     		strb	r2, [r4]
 186:Generated_Source\PSoC4/cyfitter_cfg.c **** 			j++;
  69              		.loc 1 186 0
  70 0020 0135     		adds	r5, r5, #1
  71              	.LVL6:
 187:Generated_Source\PSoC4/cyfitter_cfg.c **** 			count--;
  72              		.loc 1 187 0
  73 0022 013B     		subs	r3, r3, #1
  74              	.LVL7:
  75 0024 DBB2     		uxtb	r3, r3
  76              	.LVL8:
  77              	.L3:
 183:Generated_Source\PSoC4/cyfitter_cfg.c **** 		{
  78              		.loc 1 183 0
  79 0026 002B     		cmp	r3, #0
  80 0028 F4D1     		bne	.L4
  81              	.LBE2:
 178:Generated_Source\PSoC4/cyfitter_cfg.c **** 	{
  82              		.loc 1 178 0 discriminator 2
  83 002a 0137     		adds	r7, r7, #1
  84              	.LVL9:
  85              	.L2:
 178:Generated_Source\PSoC4/cyfitter_cfg.c **** 	{
  86              		.loc 1 178 0 is_stmt 0 discriminator 1
  87 002c 032F     		cmp	r7, #3
  88 002e EBD9     		bls	.L5
 188:Generated_Source\PSoC4/cyfitter_cfg.c **** 		}
 189:Generated_Source\PSoC4/cyfitter_cfg.c **** 	}
 190:Generated_Source\PSoC4/cyfitter_cfg.c **** }
  89              		.loc 1 190 0 is_stmt 1
  90              		@ sp needed
  91              	.LVL10:
  92              	.LVL11:
ARM GAS  C:\Users\elizavet\AppData\Local\Temp\cc9Kx38m.s 			page 6


  93 0030 F0BD     		pop	{r4, r5, r6, r7, pc}
  94              		.cfi_endproc
  95              	.LFE4:
  96              		.size	cfg_write_bytes32, .-cfg_write_bytes32
  97 0032 C046     		.section	.text.AnalogSetDefault,"ax",%progbits
  98              		.align	2
  99              		.code	16
 100              		.thumb_func
 101              		.type	AnalogSetDefault, %function
 102              	AnalogSetDefault:
 103              	.LFB6:
 191:Generated_Source\PSoC4/cyfitter_cfg.c **** 
 192:Generated_Source\PSoC4/cyfitter_cfg.c **** 
 193:Generated_Source\PSoC4/cyfitter_cfg.c **** /*******************************************************************************
 194:Generated_Source\PSoC4/cyfitter_cfg.c **** * Function Name: ClockSetup
 195:Generated_Source\PSoC4/cyfitter_cfg.c **** ********************************************************************************
 196:Generated_Source\PSoC4/cyfitter_cfg.c **** *
 197:Generated_Source\PSoC4/cyfitter_cfg.c **** * Summary:
 198:Generated_Source\PSoC4/cyfitter_cfg.c **** *   Performs the initialization of all of the clocks in the device based on the
 199:Generated_Source\PSoC4/cyfitter_cfg.c **** *   settings in the Clock tab of the DWR.  This includes enabling the requested
 200:Generated_Source\PSoC4/cyfitter_cfg.c **** *   clocks and setting the necessary dividers to produce the desired frequency. 
 201:Generated_Source\PSoC4/cyfitter_cfg.c **** *
 202:Generated_Source\PSoC4/cyfitter_cfg.c **** * Parameters:
 203:Generated_Source\PSoC4/cyfitter_cfg.c **** *   void
 204:Generated_Source\PSoC4/cyfitter_cfg.c **** *
 205:Generated_Source\PSoC4/cyfitter_cfg.c **** * Return:
 206:Generated_Source\PSoC4/cyfitter_cfg.c **** *   void
 207:Generated_Source\PSoC4/cyfitter_cfg.c **** *
 208:Generated_Source\PSoC4/cyfitter_cfg.c **** *******************************************************************************/
 209:Generated_Source\PSoC4/cyfitter_cfg.c **** static void ClockSetup(void);
 210:Generated_Source\PSoC4/cyfitter_cfg.c **** CY_CFG_SECTION
 211:Generated_Source\PSoC4/cyfitter_cfg.c **** static void ClockSetup(void)
 212:Generated_Source\PSoC4/cyfitter_cfg.c **** {
 213:Generated_Source\PSoC4/cyfitter_cfg.c **** 
 214:Generated_Source\PSoC4/cyfitter_cfg.c **** 	/* Set Flash Cycles based on max possible frequency in case a glitch occurs during ClockSetup(). *
 215:Generated_Source\PSoC4/cyfitter_cfg.c **** 	CY_SET_REG32((void CYXDATA *)(CYREG_CPUSS_FLASH_CTL), (0x0012u));
 216:Generated_Source\PSoC4/cyfitter_cfg.c **** 	/* Setup and trim IMO based on desired frequency. */
 217:Generated_Source\PSoC4/cyfitter_cfg.c **** 	CySysClkWriteImoFreq(48u);
 218:Generated_Source\PSoC4/cyfitter_cfg.c **** 	/* CYDEV_CLK_ILO_CONFIG Starting address: CYDEV_CLK_ILO_CONFIG */
 219:Generated_Source\PSoC4/cyfitter_cfg.c **** 	CY_SET_REG32((void *)(CYREG_CLK_ILO_CONFIG), 0x80000006u);
 220:Generated_Source\PSoC4/cyfitter_cfg.c **** 
 221:Generated_Source\PSoC4/cyfitter_cfg.c **** 
 222:Generated_Source\PSoC4/cyfitter_cfg.c **** 	/* Setup phase aligned clocks */
 223:Generated_Source\PSoC4/cyfitter_cfg.c **** 	CY_SET_REG32((void *)CYREG_PERI_DIV_16_CTL0, 0x00000300u);
 224:Generated_Source\PSoC4/cyfitter_cfg.c **** 	CY_SET_REG32((void *)CYREG_PERI_DIV_CMD, 0x8000FF40u);
 225:Generated_Source\PSoC4/cyfitter_cfg.c **** 
 226:Generated_Source\PSoC4/cyfitter_cfg.c **** 	/* CYDEV_CLK_IMO_CONFIG Starting address: CYDEV_CLK_IMO_CONFIG */
 227:Generated_Source\PSoC4/cyfitter_cfg.c **** 	CY_SET_REG32((void *)(CYREG_CLK_IMO_CONFIG), 0x80000000u);
 228:Generated_Source\PSoC4/cyfitter_cfg.c **** 
 229:Generated_Source\PSoC4/cyfitter_cfg.c **** 	/* CYDEV_CLK_SELECT Starting address: CYDEV_CLK_SELECT */
 230:Generated_Source\PSoC4/cyfitter_cfg.c **** 	CY_SET_REG32((void *)(CYREG_CLK_SELECT), 0x00040000u);
 231:Generated_Source\PSoC4/cyfitter_cfg.c **** 
 232:Generated_Source\PSoC4/cyfitter_cfg.c **** 	(void)CyIntSetVector(7u, &CySysWdtIsr);
 233:Generated_Source\PSoC4/cyfitter_cfg.c **** 	CyIntEnable(7u);
 234:Generated_Source\PSoC4/cyfitter_cfg.c **** 	CY_SET_REG32((void *)(CYREG_WDT_CONFIG), 0x00000000u);
 235:Generated_Source\PSoC4/cyfitter_cfg.c **** }
 236:Generated_Source\PSoC4/cyfitter_cfg.c **** 
ARM GAS  C:\Users\elizavet\AppData\Local\Temp\cc9Kx38m.s 			page 7


 237:Generated_Source\PSoC4/cyfitter_cfg.c **** 
 238:Generated_Source\PSoC4/cyfitter_cfg.c **** /* Analog API Functions */
 239:Generated_Source\PSoC4/cyfitter_cfg.c **** 
 240:Generated_Source\PSoC4/cyfitter_cfg.c **** 
 241:Generated_Source\PSoC4/cyfitter_cfg.c **** /*******************************************************************************
 242:Generated_Source\PSoC4/cyfitter_cfg.c **** * Function Name: AnalogSetDefault
 243:Generated_Source\PSoC4/cyfitter_cfg.c **** ********************************************************************************
 244:Generated_Source\PSoC4/cyfitter_cfg.c **** *
 245:Generated_Source\PSoC4/cyfitter_cfg.c **** * Summary:
 246:Generated_Source\PSoC4/cyfitter_cfg.c **** *  Sets up the analog portions of the chip to default values based on chip
 247:Generated_Source\PSoC4/cyfitter_cfg.c **** *  configuration options from the project.
 248:Generated_Source\PSoC4/cyfitter_cfg.c **** *
 249:Generated_Source\PSoC4/cyfitter_cfg.c **** * Parameters:
 250:Generated_Source\PSoC4/cyfitter_cfg.c **** *  void
 251:Generated_Source\PSoC4/cyfitter_cfg.c **** *
 252:Generated_Source\PSoC4/cyfitter_cfg.c **** * Return:
 253:Generated_Source\PSoC4/cyfitter_cfg.c **** *  void
 254:Generated_Source\PSoC4/cyfitter_cfg.c **** *
 255:Generated_Source\PSoC4/cyfitter_cfg.c **** *******************************************************************************/
 256:Generated_Source\PSoC4/cyfitter_cfg.c **** static void AnalogSetDefault(void);
 257:Generated_Source\PSoC4/cyfitter_cfg.c **** static void AnalogSetDefault(void)
 258:Generated_Source\PSoC4/cyfitter_cfg.c **** {
 104              		.loc 1 258 0
 105              		.cfi_startproc
 106              		@ args = 0, pretend = 0, frame = 0
 107              		@ frame_needed = 0, uses_anonymous_args = 0
 108              		@ link register save eliminated.
 259:Generated_Source\PSoC4/cyfitter_cfg.c **** 	CY_SET_XTND_REG32((void CYFAR *)CYREG_CTBM0_DFT_CTRL, 0x00000003u);
 109              		.loc 1 259 0
 110 0000 0323     		movs	r3, #3
 111 0002 044A     		ldr	r2, .L7
 112 0004 1360     		str	r3, [r2]
 260:Generated_Source\PSoC4/cyfitter_cfg.c **** 	CY_SET_XTND_REG32((void CYFAR *)CYREG_CTBM1_DFT_CTRL, 0x00000003u);
 113              		.loc 1 260 0
 114 0006 044A     		ldr	r2, .L7+4
 115 0008 1360     		str	r3, [r2]
 261:Generated_Source\PSoC4/cyfitter_cfg.c **** 	CY_SET_XTND_REG32((void CYFAR *)CYREG_PASS_DSAB_DSAB_CTRL, 0x00000000u);
 116              		.loc 1 261 0
 117 000a 0022     		movs	r2, #0
 118 000c 034B     		ldr	r3, .L7+8
 119 000e 1A60     		str	r2, [r3]
 262:Generated_Source\PSoC4/cyfitter_cfg.c **** }
 120              		.loc 1 262 0
 121              		@ sp needed
 122 0010 7047     		bx	lr
 123              	.L8:
 124 0012 C046     		.align	2
 125              	.L7:
 126 0014 30003040 		.word	1076887600
 127 0018 30003140 		.word	1076953136
 128 001c 000E3F40 		.word	1077874176
 129              		.cfi_endproc
 130              	.LFE6:
 131              		.size	AnalogSetDefault, .-AnalogSetDefault
 132              		.section	.text.CYMEMZERO,"ax",%progbits
 133              		.align	2
 134              		.code	16
ARM GAS  C:\Users\elizavet\AppData\Local\Temp\cc9Kx38m.s 			page 8


 135              		.thumb_func
 136              		.type	CYMEMZERO, %function
 137              	CYMEMZERO:
 138              	.LFB1:
  77:Generated_Source\PSoC4/cyfitter_cfg.c **** 	(void)memset(s, 0, n);
 139              		.loc 1 77 0
 140              		.cfi_startproc
 141              		@ args = 0, pretend = 0, frame = 0
 142              		@ frame_needed = 0, uses_anonymous_args = 0
 143              	.LVL12:
 144 0000 10B5     		push	{r4, lr}
 145              		.cfi_def_cfa_offset 8
 146              		.cfi_offset 4, -8
 147              		.cfi_offset 14, -4
 148 0002 0A00     		movs	r2, r1
  78:Generated_Source\PSoC4/cyfitter_cfg.c **** }
 149              		.loc 1 78 0
 150 0004 0021     		movs	r1, #0
 151              	.LVL13:
 152 0006 FFF7FEFF 		bl	memset
 153              	.LVL14:
  79:Generated_Source\PSoC4/cyfitter_cfg.c **** CY_CFG_UNUSED
 154              		.loc 1 79 0
 155              		@ sp needed
 156 000a 10BD     		pop	{r4, pc}
 157              		.cfi_endproc
 158              	.LFE1:
 159              		.size	CYMEMZERO, .-CYMEMZERO
 160              		.section	.psocinit,"ax",%progbits
 161              		.align	2
 162              		.code	16
 163              		.thumb_func
 164              		.type	ClockSetup, %function
 165              	ClockSetup:
 166              	.LFB5:
 212:Generated_Source\PSoC4/cyfitter_cfg.c **** 
 167              		.loc 1 212 0
 168              		.cfi_startproc
 169              		@ args = 0, pretend = 0, frame = 0
 170              		@ frame_needed = 0, uses_anonymous_args = 0
 171 0000 10B5     		push	{r4, lr}
 172              		.cfi_def_cfa_offset 8
 173              		.cfi_offset 4, -8
 174              		.cfi_offset 14, -4
 215:Generated_Source\PSoC4/cyfitter_cfg.c **** 	/* Setup and trim IMO based on desired frequency. */
 175              		.loc 1 215 0
 176 0002 1222     		movs	r2, #18
 177 0004 104B     		ldr	r3, .L11
 178 0006 1A60     		str	r2, [r3]
 217:Generated_Source\PSoC4/cyfitter_cfg.c **** 	/* CYDEV_CLK_ILO_CONFIG Starting address: CYDEV_CLK_ILO_CONFIG */
 179              		.loc 1 217 0
 180 0008 3020     		movs	r0, #48
 181 000a FFF7FEFF 		bl	CySysClkWriteImoFreq
 182              	.LVL15:
 219:Generated_Source\PSoC4/cyfitter_cfg.c **** 
 183              		.loc 1 219 0
 184 000e 0F4A     		ldr	r2, .L11+4
ARM GAS  C:\Users\elizavet\AppData\Local\Temp\cc9Kx38m.s 			page 9


 185 0010 0F4B     		ldr	r3, .L11+8
 186 0012 1A60     		str	r2, [r3]
 223:Generated_Source\PSoC4/cyfitter_cfg.c **** 	CY_SET_REG32((void *)CYREG_PERI_DIV_CMD, 0x8000FF40u);
 187              		.loc 1 223 0
 188 0014 C022     		movs	r2, #192
 189 0016 9200     		lsls	r2, r2, #2
 190 0018 0E4B     		ldr	r3, .L11+12
 191 001a 1A60     		str	r2, [r3]
 224:Generated_Source\PSoC4/cyfitter_cfg.c **** 
 192              		.loc 1 224 0
 193 001c 0E4A     		ldr	r2, .L11+16
 194 001e 0F4B     		ldr	r3, .L11+20
 195 0020 1A60     		str	r2, [r3]
 227:Generated_Source\PSoC4/cyfitter_cfg.c **** 
 196              		.loc 1 227 0
 197 0022 8022     		movs	r2, #128
 198 0024 1206     		lsls	r2, r2, #24
 199 0026 0E4B     		ldr	r3, .L11+24
 200 0028 1A60     		str	r2, [r3]
 230:Generated_Source\PSoC4/cyfitter_cfg.c **** 
 201              		.loc 1 230 0
 202 002a 8022     		movs	r2, #128
 203 002c D202     		lsls	r2, r2, #11
 204 002e 0D4B     		ldr	r3, .L11+28
 205 0030 1A60     		str	r2, [r3]
 232:Generated_Source\PSoC4/cyfitter_cfg.c **** 	CyIntEnable(7u);
 206              		.loc 1 232 0
 207 0032 0D49     		ldr	r1, .L11+32
 208 0034 0720     		movs	r0, #7
 209 0036 FFF7FEFF 		bl	CyIntSetVector
 210              	.LVL16:
 233:Generated_Source\PSoC4/cyfitter_cfg.c **** 	CY_SET_REG32((void *)(CYREG_WDT_CONFIG), 0x00000000u);
 211              		.loc 1 233 0
 212 003a 0720     		movs	r0, #7
 213 003c FFF7FEFF 		bl	CyIntEnable
 214              	.LVL17:
 234:Generated_Source\PSoC4/cyfitter_cfg.c **** }
 215              		.loc 1 234 0
 216 0040 0022     		movs	r2, #0
 217 0042 0A4B     		ldr	r3, .L11+36
 218 0044 1A60     		str	r2, [r3]
 235:Generated_Source\PSoC4/cyfitter_cfg.c **** 
 219              		.loc 1 235 0
 220              		@ sp needed
 221 0046 10BD     		pop	{r4, pc}
 222              	.L12:
 223              		.align	2
 224              	.L11:
 225 0048 30001040 		.word	1074790448
 226 004c 06000080 		.word	-2147483642
 227 0050 04010B40 		.word	1074462980
 228 0054 00030140 		.word	1073808128
 229 0058 40FF0080 		.word	-2147418304
 230 005c 00000140 		.word	1073807360
 231 0060 08010B40 		.word	1074462984
 232 0064 00010B40 		.word	1074462976
 233 0068 00000000 		.word	CySysWdtIsr
ARM GAS  C:\Users\elizavet\AppData\Local\Temp\cc9Kx38m.s 			page 10


 234 006c 0C020B40 		.word	1074463244
 235              		.cfi_endproc
 236              	.LFE5:
 237              		.size	ClockSetup, .-ClockSetup
 238              		.align	2
 239              		.global	cyfitter_cfg
 240              		.code	16
 241              		.thumb_func
 242              		.type	cyfitter_cfg, %function
 243              	cyfitter_cfg:
 244              	.LFB7:
 263:Generated_Source\PSoC4/cyfitter_cfg.c **** 
 264:Generated_Source\PSoC4/cyfitter_cfg.c **** 
 265:Generated_Source\PSoC4/cyfitter_cfg.c **** 
 266:Generated_Source\PSoC4/cyfitter_cfg.c **** 
 267:Generated_Source\PSoC4/cyfitter_cfg.c **** /*******************************************************************************
 268:Generated_Source\PSoC4/cyfitter_cfg.c **** * Function Name: cyfitter_cfg
 269:Generated_Source\PSoC4/cyfitter_cfg.c **** ********************************************************************************
 270:Generated_Source\PSoC4/cyfitter_cfg.c **** * Summary:
 271:Generated_Source\PSoC4/cyfitter_cfg.c **** *  This function is called by the start-up code for the selected device. It
 272:Generated_Source\PSoC4/cyfitter_cfg.c **** *  performs all of the necessary device configuration based on the design
 273:Generated_Source\PSoC4/cyfitter_cfg.c **** *  settings.  This includes settings from the Design Wide Resources (DWR) such
 274:Generated_Source\PSoC4/cyfitter_cfg.c **** *  as Clocks and Pins as well as any component configuration that is necessary.
 275:Generated_Source\PSoC4/cyfitter_cfg.c **** *
 276:Generated_Source\PSoC4/cyfitter_cfg.c **** * Parameters:
 277:Generated_Source\PSoC4/cyfitter_cfg.c **** *   void
 278:Generated_Source\PSoC4/cyfitter_cfg.c **** *
 279:Generated_Source\PSoC4/cyfitter_cfg.c **** * Return:
 280:Generated_Source\PSoC4/cyfitter_cfg.c **** *   void
 281:Generated_Source\PSoC4/cyfitter_cfg.c **** *
 282:Generated_Source\PSoC4/cyfitter_cfg.c **** *******************************************************************************/
 283:Generated_Source\PSoC4/cyfitter_cfg.c **** CY_CFG_SECTION
 284:Generated_Source\PSoC4/cyfitter_cfg.c **** void cyfitter_cfg(void)
 285:Generated_Source\PSoC4/cyfitter_cfg.c **** {
 245              		.loc 1 285 0
 246              		.cfi_startproc
 247              		@ args = 0, pretend = 0, frame = 0
 248              		@ frame_needed = 0, uses_anonymous_args = 0
 249 0070 10B5     		push	{r4, lr}
 250              		.cfi_def_cfa_offset 8
 251              		.cfi_offset 4, -8
 252              		.cfi_offset 14, -4
 286:Generated_Source\PSoC4/cyfitter_cfg.c **** 	/* Disable interrupts by default. Let user enable if/when they want. */
 287:Generated_Source\PSoC4/cyfitter_cfg.c **** 	CyGlobalIntDisable;
 253              		.loc 1 287 0
 254              		.syntax divided
 255              	@ 287 "Generated_Source\PSoC4\cyfitter_cfg.c" 1
 256 0072 72B6     		CPSID   i
 257              	@ 0 "" 2
 258              	.LVL18:
 259              		.thumb
 260              		.syntax unified
 261              	.LBB3:
 288:Generated_Source\PSoC4/cyfitter_cfg.c **** 
 289:Generated_Source\PSoC4/cyfitter_cfg.c **** 	{
 290:Generated_Source\PSoC4/cyfitter_cfg.c **** 		static const uint32 CYCODE cy_cfg_addr_table[] = {
 291:Generated_Source\PSoC4/cyfitter_cfg.c **** 			0x400F3202u, /* Base address: 0x400F3200 Count: 2 */
ARM GAS  C:\Users\elizavet\AppData\Local\Temp\cc9Kx38m.s 			page 11


 292:Generated_Source\PSoC4/cyfitter_cfg.c **** 			0x400F330Cu, /* Base address: 0x400F3300 Count: 12 */
 293:Generated_Source\PSoC4/cyfitter_cfg.c **** 			0x400F4002u, /* Base address: 0x400F4000 Count: 2 */
 294:Generated_Source\PSoC4/cyfitter_cfg.c **** 			0x400F410Au, /* Base address: 0x400F4100 Count: 10 */
 295:Generated_Source\PSoC4/cyfitter_cfg.c **** 		};
 296:Generated_Source\PSoC4/cyfitter_cfg.c **** 
 297:Generated_Source\PSoC4/cyfitter_cfg.c **** 		static const cy_cfg_addrvalue_t CYCODE cy_cfg_data_table[] = {
 298:Generated_Source\PSoC4/cyfitter_cfg.c **** 			{0x5Bu, 0x04u},
 299:Generated_Source\PSoC4/cyfitter_cfg.c **** 			{0x5Fu, 0x01u},
 300:Generated_Source\PSoC4/cyfitter_cfg.c **** 			{0x5Eu, 0x81u},
 301:Generated_Source\PSoC4/cyfitter_cfg.c **** 			{0x5Fu, 0x28u},
 302:Generated_Source\PSoC4/cyfitter_cfg.c **** 			{0x64u, 0x02u},
 303:Generated_Source\PSoC4/cyfitter_cfg.c **** 			{0x83u, 0x08u},
 304:Generated_Source\PSoC4/cyfitter_cfg.c **** 			{0x86u, 0x01u},
 305:Generated_Source\PSoC4/cyfitter_cfg.c **** 			{0x87u, 0x20u},
 306:Generated_Source\PSoC4/cyfitter_cfg.c **** 			{0x88u, 0x02u},
 307:Generated_Source\PSoC4/cyfitter_cfg.c **** 			{0xA2u, 0x40u},
 308:Generated_Source\PSoC4/cyfitter_cfg.c **** 			{0xAEu, 0x40u},
 309:Generated_Source\PSoC4/cyfitter_cfg.c **** 			{0xD6u, 0xF0u},
 310:Generated_Source\PSoC4/cyfitter_cfg.c **** 			{0xD8u, 0x10u},
 311:Generated_Source\PSoC4/cyfitter_cfg.c **** 			{0xE0u, 0x20u},
 312:Generated_Source\PSoC4/cyfitter_cfg.c **** 			{0x0Du, 0x80u},
 313:Generated_Source\PSoC4/cyfitter_cfg.c **** 			{0xC2u, 0x80u},
 314:Generated_Source\PSoC4/cyfitter_cfg.c **** 			{0x02u, 0x18u},
 315:Generated_Source\PSoC4/cyfitter_cfg.c **** 			{0x05u, 0x20u},
 316:Generated_Source\PSoC4/cyfitter_cfg.c **** 			{0x07u, 0x10u},
 317:Generated_Source\PSoC4/cyfitter_cfg.c **** 			{0x83u, 0x10u},
 318:Generated_Source\PSoC4/cyfitter_cfg.c **** 			{0x86u, 0x18u},
 319:Generated_Source\PSoC4/cyfitter_cfg.c **** 			{0x89u, 0x20u},
 320:Generated_Source\PSoC4/cyfitter_cfg.c **** 			{0xADu, 0x80u},
 321:Generated_Source\PSoC4/cyfitter_cfg.c **** 			{0xC0u, 0xF0u},
 322:Generated_Source\PSoC4/cyfitter_cfg.c **** 			{0xE0u, 0x70u},
 323:Generated_Source\PSoC4/cyfitter_cfg.c **** 			{0xECu, 0x40u},
 324:Generated_Source\PSoC4/cyfitter_cfg.c **** 		};
 325:Generated_Source\PSoC4/cyfitter_cfg.c **** 
 326:Generated_Source\PSoC4/cyfitter_cfg.c **** 
 327:Generated_Source\PSoC4/cyfitter_cfg.c **** 
 328:Generated_Source\PSoC4/cyfitter_cfg.c **** 		CYPACKED typedef struct {
 329:Generated_Source\PSoC4/cyfitter_cfg.c **** 			void CYFAR *address;
 330:Generated_Source\PSoC4/cyfitter_cfg.c **** 			uint16 size;
 331:Generated_Source\PSoC4/cyfitter_cfg.c **** 		} CYPACKED_ATTR cfg_memset_t;
 332:Generated_Source\PSoC4/cyfitter_cfg.c **** 
 333:Generated_Source\PSoC4/cyfitter_cfg.c **** 		static const cfg_memset_t CYCODE cfg_memset_list[] = {
 334:Generated_Source\PSoC4/cyfitter_cfg.c **** 			/* address, size */
 335:Generated_Source\PSoC4/cyfitter_cfg.c **** 			{(void CYFAR *)(CYDEV_UDB_P0_U0_BASE), 1024u},
 336:Generated_Source\PSoC4/cyfitter_cfg.c **** 			{(void CYFAR *)(CYDEV_UDB_DSI0_BASE), 1024u},
 337:Generated_Source\PSoC4/cyfitter_cfg.c **** 		};
 338:Generated_Source\PSoC4/cyfitter_cfg.c **** 
 339:Generated_Source\PSoC4/cyfitter_cfg.c **** 		uint8 CYDATA i;
 340:Generated_Source\PSoC4/cyfitter_cfg.c **** 
 341:Generated_Source\PSoC4/cyfitter_cfg.c **** 		/* Zero out critical memory blocks before beginning configuration */
 342:Generated_Source\PSoC4/cyfitter_cfg.c **** 		for (i = 0u; i < (sizeof(cfg_memset_list)/sizeof(cfg_memset_list[0])); i++)
 262              		.loc 1 342 0
 263 0074 0024     		movs	r4, #0
 264 0076 0FE0     		b	.L14
 265              	.LVL19:
 266              	.L15:
 267              	.LBB4:
ARM GAS  C:\Users\elizavet\AppData\Local\Temp\cc9Kx38m.s 			page 12


 343:Generated_Source\PSoC4/cyfitter_cfg.c **** 		{
 344:Generated_Source\PSoC4/cyfitter_cfg.c **** 			const cfg_memset_t CYCODE * CYDATA ms = &cfg_memset_list[i];
 345:Generated_Source\PSoC4/cyfitter_cfg.c **** 			CYMEMZERO(ms->address, (size_t)(uint32)(ms->size));
 268              		.loc 1 345 0 discriminator 3
 269 0078 2648     		ldr	r0, .L16
 270 007a 6200     		lsls	r2, r4, #1
 271 007c 1319     		adds	r3, r2, r4
 272 007e 5900     		lsls	r1, r3, #1
 273 0080 0B00     		movs	r3, r1
 274 0082 4118     		adds	r1, r0, r1
 275 0084 8988     		ldrh	r1, [r1, #4]
 276 0086 1A5A     		ldrh	r2, [r3, r0]
 277 0088 C318     		adds	r3, r0, r3
 278 008a 5888     		ldrh	r0, [r3, #2]
 279 008c 0004     		lsls	r0, r0, #16
 280 008e 1043     		orrs	r0, r2
 281 0090 FFF7FEFF 		bl	CYMEMZERO
 282              	.LVL20:
 283              	.LBE4:
 342:Generated_Source\PSoC4/cyfitter_cfg.c **** 		{
 284              		.loc 1 342 0 discriminator 3
 285 0094 0134     		adds	r4, r4, #1
 286              	.LVL21:
 287 0096 E4B2     		uxtb	r4, r4
 288              	.LVL22:
 289              	.L14:
 342:Generated_Source\PSoC4/cyfitter_cfg.c **** 		{
 290              		.loc 1 342 0 is_stmt 0 discriminator 1
 291 0098 012C     		cmp	r4, #1
 292 009a EDD9     		bls	.L15
 346:Generated_Source\PSoC4/cyfitter_cfg.c **** 		}
 347:Generated_Source\PSoC4/cyfitter_cfg.c **** 
 348:Generated_Source\PSoC4/cyfitter_cfg.c **** 		cfg_write_bytes32(cy_cfg_addr_table, cy_cfg_data_table);
 293              		.loc 1 348 0 is_stmt 1
 294 009c 1D48     		ldr	r0, .L16
 295 009e 0100     		movs	r1, r0
 296 00a0 0C31     		adds	r1, r1, #12
 297 00a2 4030     		adds	r0, r0, #64
 298 00a4 FFF7FEFF 		bl	cfg_write_bytes32
 299              	.LVL23:
 349:Generated_Source\PSoC4/cyfitter_cfg.c **** 
 350:Generated_Source\PSoC4/cyfitter_cfg.c **** 		/* HSIOM Starting address: CYDEV_HSIOM_BASE */
 351:Generated_Source\PSoC4/cyfitter_cfg.c **** 		CY_SET_REG32((void *)(CYREG_HSIOM_PORT_SEL3), 0x0000EE00u);
 300              		.loc 1 351 0
 301 00a8 EE22     		movs	r2, #238
 302 00aa 1202     		lsls	r2, r2, #8
 303 00ac 1A4B     		ldr	r3, .L16+4
 304 00ae 1A60     		str	r2, [r3]
 352:Generated_Source\PSoC4/cyfitter_cfg.c **** 
 353:Generated_Source\PSoC4/cyfitter_cfg.c **** 		/* UDB_PA_0 Starting address: CYDEV_UDB_PA0_BASE */
 354:Generated_Source\PSoC4/cyfitter_cfg.c **** 		CY_SET_REG32((void *)(CYDEV_UDB_PA0_BASE), 0x00990000u);
 305              		.loc 1 354 0
 306 00b0 9923     		movs	r3, #153
 307 00b2 1B04     		lsls	r3, r3, #16
 308 00b4 194A     		ldr	r2, .L16+8
 309 00b6 1360     		str	r3, [r2]
 355:Generated_Source\PSoC4/cyfitter_cfg.c **** 
ARM GAS  C:\Users\elizavet\AppData\Local\Temp\cc9Kx38m.s 			page 13


 356:Generated_Source\PSoC4/cyfitter_cfg.c **** 		/* UDB_PA_1 Starting address: CYDEV_UDB_PA1_BASE */
 357:Generated_Source\PSoC4/cyfitter_cfg.c **** 		CY_SET_REG32((void *)(CYDEV_UDB_PA1_BASE), 0x00990000u);
 310              		.loc 1 357 0
 311 00b8 194A     		ldr	r2, .L16+12
 312 00ba 1360     		str	r3, [r2]
 358:Generated_Source\PSoC4/cyfitter_cfg.c **** 
 359:Generated_Source\PSoC4/cyfitter_cfg.c **** 		/* UDB_PA_2 Starting address: CYDEV_UDB_PA2_BASE */
 360:Generated_Source\PSoC4/cyfitter_cfg.c **** 		CY_SET_REG32((void *)(CYDEV_UDB_PA2_BASE), 0x00990000u);
 313              		.loc 1 360 0
 314 00bc 194A     		ldr	r2, .L16+16
 315 00be 1360     		str	r3, [r2]
 361:Generated_Source\PSoC4/cyfitter_cfg.c **** 
 362:Generated_Source\PSoC4/cyfitter_cfg.c **** 		/* UDB_PA_3 Starting address: CYDEV_UDB_PA3_BASE */
 363:Generated_Source\PSoC4/cyfitter_cfg.c **** 		CY_SET_REG32((void *)(CYDEV_UDB_PA3_BASE), 0x00990000u);
 316              		.loc 1 363 0
 317 00c0 194A     		ldr	r2, .L16+20
 318 00c2 1360     		str	r3, [r2]
 364:Generated_Source\PSoC4/cyfitter_cfg.c **** 
 365:Generated_Source\PSoC4/cyfitter_cfg.c **** 		/* Enable UDB array and digital routing */
 366:Generated_Source\PSoC4/cyfitter_cfg.c **** 		CY_SET_XTND_REG8((void *)CYREG_UDB_UDBIF_WAIT_CFG, (uint8)((CY_GET_XTND_REG8((void *)CYREG_UDB_UD
 319              		.loc 1 366 0
 320 00c4 1949     		ldr	r1, .L16+24
 321 00c6 0B78     		ldrb	r3, [r1]
 322 00c8 3C22     		movs	r2, #60
 323 00ca 9343     		bics	r3, r2
 324 00cc 1422     		movs	r2, #20
 325 00ce 1343     		orrs	r3, r2
 326 00d0 DBB2     		uxtb	r3, r3
 327 00d2 0B70     		strb	r3, [r1]
 367:Generated_Source\PSoC4/cyfitter_cfg.c **** 		CY_SET_XTND_REG8((void *)CYREG_UDB_UDBIF_BANK_CTL, (uint8)(CY_GET_XTND_REG8((void *)CYREG_UDB_UDB
 328              		.loc 1 367 0
 329 00d4 164A     		ldr	r2, .L16+28
 330 00d6 1178     		ldrb	r1, [r2]
 331 00d8 1623     		movs	r3, #22
 332 00da 0B43     		orrs	r3, r1
 333 00dc DBB2     		uxtb	r3, r3
 334 00de 1370     		strb	r3, [r2]
 335              	.LBE3:
 368:Generated_Source\PSoC4/cyfitter_cfg.c **** 	}
 369:Generated_Source\PSoC4/cyfitter_cfg.c **** 
 370:Generated_Source\PSoC4/cyfitter_cfg.c **** 	/* Perform second pass device configuration. These items must be configured in specific order afte
 371:Generated_Source\PSoC4/cyfitter_cfg.c **** 	/* IOPINS0_0 Starting address: CYDEV_GPIO_PRT0_BASE */
 372:Generated_Source\PSoC4/cyfitter_cfg.c **** 	CY_SET_REG32((void *)(CYDEV_GPIO_PRT0_BASE), 0x00000080u);
 336              		.loc 1 372 0
 337 00e0 8022     		movs	r2, #128
 338 00e2 144B     		ldr	r3, .L16+32
 339 00e4 1A60     		str	r2, [r3]
 373:Generated_Source\PSoC4/cyfitter_cfg.c **** 	CY_SET_REG32((void *)(CYREG_GPIO_PRT0_PC), 0x00600000u);
 340              		.loc 1 373 0
 341 00e6 C022     		movs	r2, #192
 342 00e8 D203     		lsls	r2, r2, #15
 343 00ea 134B     		ldr	r3, .L16+36
 344 00ec 1A60     		str	r2, [r3]
 374:Generated_Source\PSoC4/cyfitter_cfg.c **** 
 375:Generated_Source\PSoC4/cyfitter_cfg.c **** 	/* IOPINS0_1 Starting address: CYDEV_GPIO_PRT1_BASE */
 376:Generated_Source\PSoC4/cyfitter_cfg.c **** 	CY_SET_REG32((void *)(CYDEV_GPIO_PRT1_BASE), 0x0000000Fu);
 345              		.loc 1 376 0
ARM GAS  C:\Users\elizavet\AppData\Local\Temp\cc9Kx38m.s 			page 14


 346 00ee 0F22     		movs	r2, #15
 347 00f0 124B     		ldr	r3, .L16+40
 348 00f2 1A60     		str	r2, [r3]
 377:Generated_Source\PSoC4/cyfitter_cfg.c **** 	CY_SET_REG32((void *)(CYREG_GPIO_PRT1_PC), 0x000006DBu);
 349              		.loc 1 377 0
 350 00f4 124A     		ldr	r2, .L16+44
 351 00f6 134B     		ldr	r3, .L16+48
 352 00f8 1A60     		str	r2, [r3]
 378:Generated_Source\PSoC4/cyfitter_cfg.c **** 
 379:Generated_Source\PSoC4/cyfitter_cfg.c **** 	/* IOPINS0_2 Starting address: CYDEV_GPIO_PRT2_BASE */
 380:Generated_Source\PSoC4/cyfitter_cfg.c **** 	CY_SET_REG32((void *)(CYREG_GPIO_PRT2_PC), 0x00006000u);
 353              		.loc 1 380 0
 354 00fa C022     		movs	r2, #192
 355 00fc D201     		lsls	r2, r2, #7
 356 00fe 124B     		ldr	r3, .L16+52
 357 0100 1A60     		str	r2, [r3]
 381:Generated_Source\PSoC4/cyfitter_cfg.c **** 
 382:Generated_Source\PSoC4/cyfitter_cfg.c **** 	/* IOPINS0_3 Starting address: CYDEV_GPIO_PRT3_BASE */
 383:Generated_Source\PSoC4/cyfitter_cfg.c **** 	CY_SET_REG32((void *)(CYREG_GPIO_PRT3_PC), 0x00000D80u);
 358              		.loc 1 383 0
 359 0102 D822     		movs	r2, #216
 360 0104 1201     		lsls	r2, r2, #4
 361 0106 114B     		ldr	r3, .L16+56
 362 0108 1A60     		str	r2, [r3]
 384:Generated_Source\PSoC4/cyfitter_cfg.c **** 
 385:Generated_Source\PSoC4/cyfitter_cfg.c **** 
 386:Generated_Source\PSoC4/cyfitter_cfg.c **** 	/* Setup clocks based on selections from Clock DWR */
 387:Generated_Source\PSoC4/cyfitter_cfg.c **** 	ClockSetup();
 363              		.loc 1 387 0
 364 010a FFF779FF 		bl	ClockSetup
 365              	.LVL24:
 388:Generated_Source\PSoC4/cyfitter_cfg.c **** 
 389:Generated_Source\PSoC4/cyfitter_cfg.c **** 	/* Perform basic analog initialization to defaults */
 390:Generated_Source\PSoC4/cyfitter_cfg.c **** 	AnalogSetDefault();
 366              		.loc 1 390 0
 367 010e FFF7FEFF 		bl	AnalogSetDefault
 368              	.LVL25:
 391:Generated_Source\PSoC4/cyfitter_cfg.c **** 
 392:Generated_Source\PSoC4/cyfitter_cfg.c **** }
 369              		.loc 1 392 0
 370              		@ sp needed
 371              	.LVL26:
 372 0112 10BD     		pop	{r4, pc}
 373              	.L17:
 374              		.align	2
 375              	.L16:
 376 0114 00000000 		.word	.LANCHOR0
 377 0118 00030240 		.word	1073873664
 378 011c 00500F40 		.word	1074745344
 379 0120 10500F40 		.word	1074745360
 380 0124 20500F40 		.word	1074745376
 381 0128 30500F40 		.word	1074745392
 382 012c 01700F40 		.word	1074753537
 383 0130 00700F40 		.word	1074753536
 384 0134 00000440 		.word	1074003968
 385 0138 08000440 		.word	1074003976
 386 013c 00010440 		.word	1074004224
ARM GAS  C:\Users\elizavet\AppData\Local\Temp\cc9Kx38m.s 			page 15


 387 0140 DB060000 		.word	1755
 388 0144 08010440 		.word	1074004232
 389 0148 08020440 		.word	1074004488
 390 014c 08030440 		.word	1074004744
 391              		.cfi_endproc
 392              	.LFE7:
 393              		.size	cyfitter_cfg, .-cyfitter_cfg
 394              		.section	.rodata
 395              		.align	2
 396              		.set	.LANCHOR0,. + 0
 397              		.type	cfg_memset_list.4911, %object
 398              		.size	cfg_memset_list.4911, 12
 399              	cfg_memset_list.4911:
 400 0000 00300F40 		.word	1074737152
 401 0004 0004     		.short	1024
 402 0006 00400F40 		.4byte	1074741248
 403 000a 0004     		.short	1024
 404              		.type	cy_cfg_data_table.4906, %object
 405              		.size	cy_cfg_data_table.4906, 52
 406              	cy_cfg_data_table.4906:
 407 000c 5B       		.byte	91
 408 000d 04       		.byte	4
 409 000e 5F       		.byte	95
 410 000f 01       		.byte	1
 411 0010 5E       		.byte	94
 412 0011 81       		.byte	-127
 413 0012 5F       		.byte	95
 414 0013 28       		.byte	40
 415 0014 64       		.byte	100
 416 0015 02       		.byte	2
 417 0016 83       		.byte	-125
 418 0017 08       		.byte	8
 419 0018 86       		.byte	-122
 420 0019 01       		.byte	1
 421 001a 87       		.byte	-121
 422 001b 20       		.byte	32
 423 001c 88       		.byte	-120
 424 001d 02       		.byte	2
 425 001e A2       		.byte	-94
 426 001f 40       		.byte	64
 427 0020 AE       		.byte	-82
 428 0021 40       		.byte	64
 429 0022 D6       		.byte	-42
 430 0023 F0       		.byte	-16
 431 0024 D8       		.byte	-40
 432 0025 10       		.byte	16
 433 0026 E0       		.byte	-32
 434 0027 20       		.byte	32
 435 0028 0D       		.byte	13
 436 0029 80       		.byte	-128
 437 002a C2       		.byte	-62
 438 002b 80       		.byte	-128
 439 002c 02       		.byte	2
 440 002d 18       		.byte	24
 441 002e 05       		.byte	5
 442 002f 20       		.byte	32
 443 0030 07       		.byte	7
ARM GAS  C:\Users\elizavet\AppData\Local\Temp\cc9Kx38m.s 			page 16


 444 0031 10       		.byte	16
 445 0032 83       		.byte	-125
 446 0033 10       		.byte	16
 447 0034 86       		.byte	-122
 448 0035 18       		.byte	24
 449 0036 89       		.byte	-119
 450 0037 20       		.byte	32
 451 0038 AD       		.byte	-83
 452 0039 80       		.byte	-128
 453 003a C0       		.byte	-64
 454 003b F0       		.byte	-16
 455 003c E0       		.byte	-32
 456 003d 70       		.byte	112
 457 003e EC       		.byte	-20
 458 003f 40       		.byte	64
 459              		.type	cy_cfg_addr_table.4905, %object
 460              		.size	cy_cfg_addr_table.4905, 16
 461              	cy_cfg_addr_table.4905:
 462 0040 02320F40 		.word	1074737666
 463 0044 0C330F40 		.word	1074737932
 464 0048 02400F40 		.word	1074741250
 465 004c 0A410F40 		.word	1074741514
 466              		.text
 467              	.Letext0:
 468              		.file 2 "c:\\program files (x86)\\cypress\\psoc creator\\4.4\\psoc creator\\import\\gnu\\arm\\5.4.
 469              		.file 3 "Generated_Source\\PSoC4\\cytypes.h"
 470              		.file 4 "Generated_Source\\PSoC4\\CyLib.h"
 471              		.section	.debug_info,"",%progbits
 472              	.Ldebug_info0:
 473 0000 B8030000 		.4byte	0x3b8
 474 0004 0400     		.2byte	0x4
 475 0006 00000000 		.4byte	.Ldebug_abbrev0
 476 000a 04       		.byte	0x4
 477 000b 01       		.uleb128 0x1
 478 000c 8E010000 		.4byte	.LASF39
 479 0010 0C       		.byte	0xc
 480 0011 BB020000 		.4byte	.LASF40
 481 0015 D8000000 		.4byte	.LASF41
 482 0019 00000000 		.4byte	.Ldebug_ranges0+0
 483 001d 00000000 		.4byte	0
 484 0021 00000000 		.4byte	.Ldebug_line0
 485 0025 02       		.uleb128 0x2
 486 0026 04       		.byte	0x4
 487 0027 05       		.byte	0x5
 488 0028 696E7400 		.ascii	"int\000"
 489 002c 03       		.uleb128 0x3
 490 002d 06000000 		.4byte	.LASF12
 491 0031 02       		.byte	0x2
 492 0032 D8       		.byte	0xd8
 493 0033 37000000 		.4byte	0x37
 494 0037 04       		.uleb128 0x4
 495 0038 04       		.byte	0x4
 496 0039 07       		.byte	0x7
 497 003a 55010000 		.4byte	.LASF0
 498 003e 04       		.uleb128 0x4
 499 003f 08       		.byte	0x8
 500 0040 05       		.byte	0x5
ARM GAS  C:\Users\elizavet\AppData\Local\Temp\cc9Kx38m.s 			page 17


 501 0041 4E020000 		.4byte	.LASF1
 502 0045 04       		.uleb128 0x4
 503 0046 08       		.byte	0x8
 504 0047 04       		.byte	0x4
 505 0048 A3020000 		.4byte	.LASF2
 506 004c 04       		.uleb128 0x4
 507 004d 01       		.byte	0x1
 508 004e 06       		.byte	0x6
 509 004f AF020000 		.4byte	.LASF3
 510 0053 04       		.uleb128 0x4
 511 0054 01       		.byte	0x1
 512 0055 08       		.byte	0x8
 513 0056 AA000000 		.4byte	.LASF4
 514 005a 04       		.uleb128 0x4
 515 005b 02       		.byte	0x2
 516 005c 05       		.byte	0x5
 517 005d 7B020000 		.4byte	.LASF5
 518 0061 04       		.uleb128 0x4
 519 0062 02       		.byte	0x2
 520 0063 07       		.byte	0x7
 521 0064 3B020000 		.4byte	.LASF6
 522 0068 04       		.uleb128 0x4
 523 0069 04       		.byte	0x4
 524 006a 05       		.byte	0x5
 525 006b 9A020000 		.4byte	.LASF7
 526 006f 04       		.uleb128 0x4
 527 0070 04       		.byte	0x4
 528 0071 07       		.byte	0x7
 529 0072 88000000 		.4byte	.LASF8
 530 0076 04       		.uleb128 0x4
 531 0077 08       		.byte	0x8
 532 0078 07       		.byte	0x7
 533 0079 77010000 		.4byte	.LASF9
 534 007d 04       		.uleb128 0x4
 535 007e 04       		.byte	0x4
 536 007f 07       		.byte	0x7
 537 0080 32020000 		.4byte	.LASF10
 538 0084 05       		.uleb128 0x5
 539 0085 04       		.byte	0x4
 540 0086 04       		.uleb128 0x4
 541 0087 01       		.byte	0x1
 542 0088 08       		.byte	0x8
 543 0089 5C020000 		.4byte	.LASF11
 544 008d 06       		.uleb128 0x6
 545 008e 9A000000 		.4byte	.LASF13
 546 0092 03       		.byte	0x3
 547 0093 FC01     		.2byte	0x1fc
 548 0095 53000000 		.4byte	0x53
 549 0099 06       		.uleb128 0x6
 550 009a 3C010000 		.4byte	.LASF14
 551 009e 03       		.byte	0x3
 552 009f FD01     		.2byte	0x1fd
 553 00a1 61000000 		.4byte	0x61
 554 00a5 06       		.uleb128 0x6
 555 00a6 4E010000 		.4byte	.LASF15
 556 00aa 03       		.byte	0x3
 557 00ab FE01     		.2byte	0x1fe
ARM GAS  C:\Users\elizavet\AppData\Local\Temp\cc9Kx38m.s 			page 18


 558 00ad 6F000000 		.4byte	0x6f
 559 00b1 04       		.uleb128 0x4
 560 00b2 04       		.byte	0x4
 561 00b3 04       		.byte	0x4
 562 00b4 68000000 		.4byte	.LASF16
 563 00b8 04       		.uleb128 0x4
 564 00b9 08       		.byte	0x8
 565 00ba 04       		.byte	0x4
 566 00bb BF000000 		.4byte	.LASF17
 567 00bf 06       		.uleb128 0x6
 568 00c0 83000000 		.4byte	.LASF18
 569 00c4 03       		.byte	0x3
 570 00c5 A602     		.2byte	0x2a6
 571 00c7 CB000000 		.4byte	0xcb
 572 00cb 07       		.uleb128 0x7
 573 00cc 8D000000 		.4byte	0x8d
 574 00d0 06       		.uleb128 0x6
 575 00d1 00000000 		.4byte	.LASF19
 576 00d5 03       		.byte	0x3
 577 00d6 A802     		.2byte	0x2a8
 578 00d8 DC000000 		.4byte	0xdc
 579 00dc 07       		.uleb128 0x7
 580 00dd A5000000 		.4byte	0xa5
 581 00e1 08       		.uleb128 0x8
 582 00e2 02       		.byte	0x2
 583 00e3 01       		.byte	0x1
 584 00e4 97       		.byte	0x97
 585 00e5 02010000 		.4byte	0x102
 586 00e9 09       		.uleb128 0x9
 587 00ea 74020000 		.4byte	.LASF20
 588 00ee 01       		.byte	0x1
 589 00ef 99       		.byte	0x99
 590 00f0 8D000000 		.4byte	0x8d
 591 00f4 00       		.byte	0
 592 00f5 09       		.uleb128 0x9
 593 00f6 2D000000 		.4byte	.LASF21
 594 00fa 01       		.byte	0x1
 595 00fb 9A       		.byte	0x9a
 596 00fc 8D000000 		.4byte	0x8d
 597 0100 01       		.byte	0x1
 598 0101 00       		.byte	0
 599 0102 03       		.uleb128 0x3
 600 0103 61020000 		.4byte	.LASF22
 601 0107 01       		.byte	0x1
 602 0108 9B       		.byte	0x9b
 603 0109 E1000000 		.4byte	0xe1
 604 010d 0A       		.uleb128 0xa
 605 010e C6000000 		.4byte	.LASF27
 606 0112 01       		.byte	0x1
 607 0113 AE       		.byte	0xae
 608 0114 00000000 		.4byte	.LFB4
 609 0118 32000000 		.4byte	.LFE4-.LFB4
 610 011c 01       		.uleb128 0x1
 611 011d 9C       		.byte	0x9c
 612 011e 7F010000 		.4byte	0x17f
 613 0122 0B       		.uleb128 0xb
 614 0123 31010000 		.4byte	.LASF23
ARM GAS  C:\Users\elizavet\AppData\Local\Temp\cc9Kx38m.s 			page 19


 615 0127 01       		.byte	0x1
 616 0128 AE       		.byte	0xae
 617 0129 7F010000 		.4byte	0x17f
 618 012d 01       		.uleb128 0x1
 619 012e 50       		.byte	0x50
 620 012f 0B       		.uleb128 0xb
 621 0130 43010000 		.4byte	.LASF24
 622 0134 01       		.byte	0x1
 623 0135 AE       		.byte	0xae
 624 0136 8A010000 		.4byte	0x18a
 625 013a 01       		.uleb128 0x1
 626 013b 51       		.byte	0x51
 627 013c 0C       		.uleb128 0xc
 628 013d 6900     		.ascii	"i\000"
 629 013f 01       		.byte	0x1
 630 0140 B1       		.byte	0xb1
 631 0141 A5000000 		.4byte	0xa5
 632 0145 00000000 		.4byte	.LLST0
 633 0149 0C       		.uleb128 0xc
 634 014a 6A00     		.ascii	"j\000"
 635 014c 01       		.byte	0x1
 636 014d B1       		.byte	0xb1
 637 014e A5000000 		.4byte	0xa5
 638 0152 1F000000 		.4byte	.LLST1
 639 0156 0D       		.uleb128 0xd
 640 0157 08000000 		.4byte	.LBB2
 641 015b 22000000 		.4byte	.LBE2-.LBB2
 642 015f 0E       		.uleb128 0xe
 643 0160 29020000 		.4byte	.LASF25
 644 0164 01       		.byte	0x1
 645 0165 B4       		.byte	0xb4
 646 0166 A5000000 		.4byte	0xa5
 647 016a 3E000000 		.4byte	.LLST2
 648 016e 0E       		.uleb128 0xe
 649 016f 33000000 		.4byte	.LASF26
 650 0173 01       		.byte	0x1
 651 0174 B5       		.byte	0xb5
 652 0175 8D000000 		.4byte	0x8d
 653 0179 51000000 		.4byte	.LLST3
 654 017d 00       		.byte	0
 655 017e 00       		.byte	0
 656 017f 0F       		.uleb128 0xf
 657 0180 04       		.byte	0x4
 658 0181 85010000 		.4byte	0x185
 659 0185 10       		.uleb128 0x10
 660 0186 A5000000 		.4byte	0xa5
 661 018a 0F       		.uleb128 0xf
 662 018b 04       		.byte	0x4
 663 018c 90010000 		.4byte	0x190
 664 0190 10       		.uleb128 0x10
 665 0191 02010000 		.4byte	0x102
 666 0195 11       		.uleb128 0x11
 667 0196 0D000000 		.4byte	.LASF42
 668 019a 01       		.byte	0x1
 669 019b 0101     		.2byte	0x101
 670 019d 00000000 		.4byte	.LFB6
 671 01a1 20000000 		.4byte	.LFE6-.LFB6
ARM GAS  C:\Users\elizavet\AppData\Local\Temp\cc9Kx38m.s 			page 20


 672 01a5 01       		.uleb128 0x1
 673 01a6 9C       		.byte	0x9c
 674 01a7 0A       		.uleb128 0xa
 675 01a8 A0000000 		.4byte	.LASF28
 676 01ac 01       		.byte	0x1
 677 01ad 4C       		.byte	0x4c
 678 01ae 00000000 		.4byte	.LFB1
 679 01b2 0C000000 		.4byte	.LFE1-.LFB1
 680 01b6 01       		.uleb128 0x1
 681 01b7 9C       		.byte	0x9c
 682 01b8 F4010000 		.4byte	0x1f4
 683 01bc 12       		.uleb128 0x12
 684 01bd 7300     		.ascii	"s\000"
 685 01bf 01       		.byte	0x1
 686 01c0 4C       		.byte	0x4c
 687 01c1 84000000 		.4byte	0x84
 688 01c5 6F000000 		.4byte	.LLST4
 689 01c9 12       		.uleb128 0x12
 690 01ca 6E00     		.ascii	"n\000"
 691 01cc 01       		.byte	0x1
 692 01cd 4C       		.byte	0x4c
 693 01ce 2C000000 		.4byte	0x2c
 694 01d2 90000000 		.4byte	.LLST5
 695 01d6 13       		.uleb128 0x13
 696 01d7 0A000000 		.4byte	.LVL14
 697 01db 91030000 		.4byte	0x391
 698 01df 14       		.uleb128 0x14
 699 01e0 01       		.uleb128 0x1
 700 01e1 50       		.byte	0x50
 701 01e2 03       		.uleb128 0x3
 702 01e3 F3       		.byte	0xf3
 703 01e4 01       		.uleb128 0x1
 704 01e5 50       		.byte	0x50
 705 01e6 14       		.uleb128 0x14
 706 01e7 01       		.uleb128 0x1
 707 01e8 51       		.byte	0x51
 708 01e9 01       		.uleb128 0x1
 709 01ea 30       		.byte	0x30
 710 01eb 14       		.uleb128 0x14
 711 01ec 01       		.uleb128 0x1
 712 01ed 52       		.byte	0x52
 713 01ee 03       		.uleb128 0x3
 714 01ef F3       		.byte	0xf3
 715 01f0 01       		.uleb128 0x1
 716 01f1 51       		.byte	0x51
 717 01f2 00       		.byte	0
 718 01f3 00       		.byte	0
 719 01f4 0A       		.uleb128 0xa
 720 01f5 39000000 		.4byte	.LASF29
 721 01f9 01       		.byte	0x1
 722 01fa D3       		.byte	0xd3
 723 01fb 00000000 		.4byte	.LFB5
 724 01ff 70000000 		.4byte	.LFE5-.LFB5
 725 0203 01       		.uleb128 0x1
 726 0204 9C       		.byte	0x9c
 727 0205 40020000 		.4byte	0x240
 728 0209 15       		.uleb128 0x15
ARM GAS  C:\Users\elizavet\AppData\Local\Temp\cc9Kx38m.s 			page 21


 729 020a 0E000000 		.4byte	.LVL15
 730 020e 9A030000 		.4byte	0x39a
 731 0212 1D020000 		.4byte	0x21d
 732 0216 14       		.uleb128 0x14
 733 0217 01       		.uleb128 0x1
 734 0218 50       		.byte	0x50
 735 0219 02       		.uleb128 0x2
 736 021a 08       		.byte	0x8
 737 021b 30       		.byte	0x30
 738 021c 00       		.byte	0
 739 021d 15       		.uleb128 0x15
 740 021e 3A000000 		.4byte	.LVL16
 741 0222 A5030000 		.4byte	0x3a5
 742 0226 30020000 		.4byte	0x230
 743 022a 14       		.uleb128 0x14
 744 022b 01       		.uleb128 0x1
 745 022c 50       		.byte	0x50
 746 022d 01       		.uleb128 0x1
 747 022e 37       		.byte	0x37
 748 022f 00       		.byte	0
 749 0230 13       		.uleb128 0x13
 750 0231 40000000 		.4byte	.LVL17
 751 0235 B0030000 		.4byte	0x3b0
 752 0239 14       		.uleb128 0x14
 753 023a 01       		.uleb128 0x1
 754 023b 50       		.byte	0x50
 755 023c 01       		.uleb128 0x1
 756 023d 37       		.byte	0x37
 757 023e 00       		.byte	0
 758 023f 00       		.byte	0
 759 0240 16       		.uleb128 0x16
 760 0241 62010000 		.4byte	.LASF43
 761 0245 01       		.byte	0x1
 762 0246 1C01     		.2byte	0x11c
 763 0248 70000000 		.4byte	.LFB7
 764 024c E0000000 		.4byte	.LFE7-.LFB7
 765 0250 01       		.uleb128 0x1
 766 0251 9C       		.byte	0x9c
 767 0252 67030000 		.4byte	0x367
 768 0256 17       		.uleb128 0x17
 769 0257 74000000 		.4byte	.LBB3
 770 025b 6C000000 		.4byte	.LBE3-.LBB3
 771 025f 54030000 		.4byte	0x354
 772 0263 18       		.uleb128 0x18
 773 0264 44000000 		.4byte	.LASF30
 774 0268 01       		.byte	0x1
 775 0269 2201     		.2byte	0x122
 776 026b 77030000 		.4byte	0x377
 777 026f 05       		.uleb128 0x5
 778 0270 03       		.byte	0x3
 779 0271 40000000 		.4byte	cy_cfg_addr_table.4905
 780 0275 18       		.uleb128 0x18
 781 0276 56000000 		.4byte	.LASF31
 782 027a 01       		.byte	0x1
 783 027b 2901     		.2byte	0x129
 784 027d 8C030000 		.4byte	0x38c
 785 0281 05       		.uleb128 0x5
ARM GAS  C:\Users\elizavet\AppData\Local\Temp\cc9Kx38m.s 			page 22


 786 0282 03       		.byte	0x3
 787 0283 0C000000 		.4byte	cy_cfg_data_table.4906
 788 0287 19       		.uleb128 0x19
 789 0288 06       		.byte	0x6
 790 0289 01       		.byte	0x1
 791 028a 4801     		.2byte	0x148
 792 028c AB020000 		.4byte	0x2ab
 793 0290 1A       		.uleb128 0x1a
 794 0291 6F010000 		.4byte	.LASF32
 795 0295 01       		.byte	0x1
 796 0296 4901     		.2byte	0x149
 797 0298 84000000 		.4byte	0x84
 798 029c 00       		.byte	0
 799 029d 1A       		.uleb128 0x1a
 800 029e 7E000000 		.4byte	.LASF33
 801 02a2 01       		.byte	0x1
 802 02a3 4A01     		.2byte	0x14a
 803 02a5 99000000 		.4byte	0x99
 804 02a9 04       		.byte	0x4
 805 02aa 00       		.byte	0
 806 02ab 06       		.uleb128 0x6
 807 02ac 1C020000 		.4byte	.LASF34
 808 02b0 01       		.byte	0x1
 809 02b1 4B01     		.2byte	0x14b
 810 02b3 87020000 		.4byte	0x287
 811 02b7 1B       		.uleb128 0x1b
 812 02b8 C7020000 		.4byte	0x2c7
 813 02bc C7020000 		.4byte	0x2c7
 814 02c0 1C       		.uleb128 0x1c
 815 02c1 7D000000 		.4byte	0x7d
 816 02c5 01       		.byte	0x1
 817 02c6 00       		.byte	0
 818 02c7 10       		.uleb128 0x10
 819 02c8 AB020000 		.4byte	0x2ab
 820 02cc 18       		.uleb128 0x18
 821 02cd 6E000000 		.4byte	.LASF35
 822 02d1 01       		.byte	0x1
 823 02d2 4D01     		.2byte	0x14d
 824 02d4 DE020000 		.4byte	0x2de
 825 02d8 05       		.uleb128 0x5
 826 02d9 03       		.byte	0x3
 827 02da 00000000 		.4byte	cfg_memset_list.4911
 828 02de 10       		.uleb128 0x10
 829 02df B7020000 		.4byte	0x2b7
 830 02e3 1D       		.uleb128 0x1d
 831 02e4 6900     		.ascii	"i\000"
 832 02e6 01       		.byte	0x1
 833 02e7 5301     		.2byte	0x153
 834 02e9 8D000000 		.4byte	0x8d
 835 02ed BC000000 		.4byte	.LLST6
 836 02f1 17       		.uleb128 0x17
 837 02f2 78000000 		.4byte	.LBB4
 838 02f6 1C000000 		.4byte	.LBE4-.LBB4
 839 02fa 37030000 		.4byte	0x337
 840 02fe 1D       		.uleb128 0x1d
 841 02ff 6D7300   		.ascii	"ms\000"
 842 0302 01       		.byte	0x1
ARM GAS  C:\Users\elizavet\AppData\Local\Temp\cc9Kx38m.s 			page 23


 843 0303 5801     		.2byte	0x158
 844 0305 0D030000 		.4byte	0x30d
 845 0309 E6000000 		.4byte	.LLST7
 846 030d 0F       		.uleb128 0xf
 847 030e 04       		.byte	0x4
 848 030f C7020000 		.4byte	0x2c7
 849 0313 13       		.uleb128 0x13
 850 0314 94000000 		.4byte	.LVL20
 851 0318 A7010000 		.4byte	0x1a7
 852 031c 14       		.uleb128 0x14
 853 031d 01       		.uleb128 0x1
 854 031e 51       		.byte	0x51
 855 031f 15       		.uleb128 0x15
 856 0320 74       		.byte	0x74
 857 0321 00       		.sleb128 0
 858 0322 31       		.byte	0x31
 859 0323 24       		.byte	0x24
 860 0324 74       		.byte	0x74
 861 0325 00       		.sleb128 0
 862 0326 22       		.byte	0x22
 863 0327 31       		.byte	0x31
 864 0328 24       		.byte	0x24
 865 0329 03       		.byte	0x3
 866 032a 04000000 		.4byte	.LANCHOR0+4
 867 032e 22       		.byte	0x22
 868 032f 94       		.byte	0x94
 869 0330 02       		.byte	0x2
 870 0331 0A       		.byte	0xa
 871 0332 FFFF     		.2byte	0xffff
 872 0334 1A       		.byte	0x1a
 873 0335 00       		.byte	0
 874 0336 00       		.byte	0
 875 0337 13       		.uleb128 0x13
 876 0338 A8000000 		.4byte	.LVL23
 877 033c 0D010000 		.4byte	0x10d
 878 0340 14       		.uleb128 0x14
 879 0341 01       		.uleb128 0x1
 880 0342 50       		.byte	0x50
 881 0343 05       		.uleb128 0x5
 882 0344 03       		.byte	0x3
 883 0345 40000000 		.4byte	.LANCHOR0+64
 884 0349 14       		.uleb128 0x14
 885 034a 01       		.uleb128 0x1
 886 034b 51       		.byte	0x51
 887 034c 05       		.uleb128 0x5
 888 034d 03       		.byte	0x3
 889 034e 0C000000 		.4byte	.LANCHOR0+12
 890 0352 00       		.byte	0
 891 0353 00       		.byte	0
 892 0354 1E       		.uleb128 0x1e
 893 0355 0E010000 		.4byte	.LVL24
 894 0359 F4010000 		.4byte	0x1f4
 895 035d 1E       		.uleb128 0x1e
 896 035e 12010000 		.4byte	.LVL25
 897 0362 95010000 		.4byte	0x195
 898 0366 00       		.byte	0
 899 0367 1B       		.uleb128 0x1b
ARM GAS  C:\Users\elizavet\AppData\Local\Temp\cc9Kx38m.s 			page 24


 900 0368 85010000 		.4byte	0x185
 901 036c 77030000 		.4byte	0x377
 902 0370 1C       		.uleb128 0x1c
 903 0371 7D000000 		.4byte	0x7d
 904 0375 03       		.byte	0x3
 905 0376 00       		.byte	0
 906 0377 10       		.uleb128 0x10
 907 0378 67030000 		.4byte	0x367
 908 037c 1B       		.uleb128 0x1b
 909 037d 90010000 		.4byte	0x190
 910 0381 8C030000 		.4byte	0x38c
 911 0385 1C       		.uleb128 0x1c
 912 0386 7D000000 		.4byte	0x7d
 913 038a 19       		.byte	0x19
 914 038b 00       		.byte	0
 915 038c 10       		.uleb128 0x10
 916 038d 7C030000 		.4byte	0x37c
 917 0391 1F       		.uleb128 0x1f
 918 0392 B8000000 		.4byte	.LASF44
 919 0396 B8000000 		.4byte	.LASF44
 920 039a 20       		.uleb128 0x20
 921 039b 85020000 		.4byte	.LASF36
 922 039f 85020000 		.4byte	.LASF36
 923 03a3 04       		.byte	0x4
 924 03a4 6C       		.byte	0x6c
 925 03a5 20       		.uleb128 0x20
 926 03a6 1E000000 		.4byte	.LASF37
 927 03aa 1E000000 		.4byte	.LASF37
 928 03ae 04       		.byte	0x4
 929 03af D0       		.byte	0xd0
 930 03b0 20       		.uleb128 0x20
 931 03b1 25010000 		.4byte	.LASF38
 932 03b5 25010000 		.4byte	.LASF38
 933 03b9 04       		.byte	0x4
 934 03ba D6       		.byte	0xd6
 935 03bb 00       		.byte	0
 936              		.section	.debug_abbrev,"",%progbits
 937              	.Ldebug_abbrev0:
 938 0000 01       		.uleb128 0x1
 939 0001 11       		.uleb128 0x11
 940 0002 01       		.byte	0x1
 941 0003 25       		.uleb128 0x25
 942 0004 0E       		.uleb128 0xe
 943 0005 13       		.uleb128 0x13
 944 0006 0B       		.uleb128 0xb
 945 0007 03       		.uleb128 0x3
 946 0008 0E       		.uleb128 0xe
 947 0009 1B       		.uleb128 0x1b
 948 000a 0E       		.uleb128 0xe
 949 000b 55       		.uleb128 0x55
 950 000c 17       		.uleb128 0x17
 951 000d 11       		.uleb128 0x11
 952 000e 01       		.uleb128 0x1
 953 000f 10       		.uleb128 0x10
 954 0010 17       		.uleb128 0x17
 955 0011 00       		.byte	0
 956 0012 00       		.byte	0
ARM GAS  C:\Users\elizavet\AppData\Local\Temp\cc9Kx38m.s 			page 25


 957 0013 02       		.uleb128 0x2
 958 0014 24       		.uleb128 0x24
 959 0015 00       		.byte	0
 960 0016 0B       		.uleb128 0xb
 961 0017 0B       		.uleb128 0xb
 962 0018 3E       		.uleb128 0x3e
 963 0019 0B       		.uleb128 0xb
 964 001a 03       		.uleb128 0x3
 965 001b 08       		.uleb128 0x8
 966 001c 00       		.byte	0
 967 001d 00       		.byte	0
 968 001e 03       		.uleb128 0x3
 969 001f 16       		.uleb128 0x16
 970 0020 00       		.byte	0
 971 0021 03       		.uleb128 0x3
 972 0022 0E       		.uleb128 0xe
 973 0023 3A       		.uleb128 0x3a
 974 0024 0B       		.uleb128 0xb
 975 0025 3B       		.uleb128 0x3b
 976 0026 0B       		.uleb128 0xb
 977 0027 49       		.uleb128 0x49
 978 0028 13       		.uleb128 0x13
 979 0029 00       		.byte	0
 980 002a 00       		.byte	0
 981 002b 04       		.uleb128 0x4
 982 002c 24       		.uleb128 0x24
 983 002d 00       		.byte	0
 984 002e 0B       		.uleb128 0xb
 985 002f 0B       		.uleb128 0xb
 986 0030 3E       		.uleb128 0x3e
 987 0031 0B       		.uleb128 0xb
 988 0032 03       		.uleb128 0x3
 989 0033 0E       		.uleb128 0xe
 990 0034 00       		.byte	0
 991 0035 00       		.byte	0
 992 0036 05       		.uleb128 0x5
 993 0037 0F       		.uleb128 0xf
 994 0038 00       		.byte	0
 995 0039 0B       		.uleb128 0xb
 996 003a 0B       		.uleb128 0xb
 997 003b 00       		.byte	0
 998 003c 00       		.byte	0
 999 003d 06       		.uleb128 0x6
 1000 003e 16       		.uleb128 0x16
 1001 003f 00       		.byte	0
 1002 0040 03       		.uleb128 0x3
 1003 0041 0E       		.uleb128 0xe
 1004 0042 3A       		.uleb128 0x3a
 1005 0043 0B       		.uleb128 0xb
 1006 0044 3B       		.uleb128 0x3b
 1007 0045 05       		.uleb128 0x5
 1008 0046 49       		.uleb128 0x49
 1009 0047 13       		.uleb128 0x13
 1010 0048 00       		.byte	0
 1011 0049 00       		.byte	0
 1012 004a 07       		.uleb128 0x7
 1013 004b 35       		.uleb128 0x35
ARM GAS  C:\Users\elizavet\AppData\Local\Temp\cc9Kx38m.s 			page 26


 1014 004c 00       		.byte	0
 1015 004d 49       		.uleb128 0x49
 1016 004e 13       		.uleb128 0x13
 1017 004f 00       		.byte	0
 1018 0050 00       		.byte	0
 1019 0051 08       		.uleb128 0x8
 1020 0052 13       		.uleb128 0x13
 1021 0053 01       		.byte	0x1
 1022 0054 0B       		.uleb128 0xb
 1023 0055 0B       		.uleb128 0xb
 1024 0056 3A       		.uleb128 0x3a
 1025 0057 0B       		.uleb128 0xb
 1026 0058 3B       		.uleb128 0x3b
 1027 0059 0B       		.uleb128 0xb
 1028 005a 01       		.uleb128 0x1
 1029 005b 13       		.uleb128 0x13
 1030 005c 00       		.byte	0
 1031 005d 00       		.byte	0
 1032 005e 09       		.uleb128 0x9
 1033 005f 0D       		.uleb128 0xd
 1034 0060 00       		.byte	0
 1035 0061 03       		.uleb128 0x3
 1036 0062 0E       		.uleb128 0xe
 1037 0063 3A       		.uleb128 0x3a
 1038 0064 0B       		.uleb128 0xb
 1039 0065 3B       		.uleb128 0x3b
 1040 0066 0B       		.uleb128 0xb
 1041 0067 49       		.uleb128 0x49
 1042 0068 13       		.uleb128 0x13
 1043 0069 38       		.uleb128 0x38
 1044 006a 0B       		.uleb128 0xb
 1045 006b 00       		.byte	0
 1046 006c 00       		.byte	0
 1047 006d 0A       		.uleb128 0xa
 1048 006e 2E       		.uleb128 0x2e
 1049 006f 01       		.byte	0x1
 1050 0070 03       		.uleb128 0x3
 1051 0071 0E       		.uleb128 0xe
 1052 0072 3A       		.uleb128 0x3a
 1053 0073 0B       		.uleb128 0xb
 1054 0074 3B       		.uleb128 0x3b
 1055 0075 0B       		.uleb128 0xb
 1056 0076 27       		.uleb128 0x27
 1057 0077 19       		.uleb128 0x19
 1058 0078 11       		.uleb128 0x11
 1059 0079 01       		.uleb128 0x1
 1060 007a 12       		.uleb128 0x12
 1061 007b 06       		.uleb128 0x6
 1062 007c 40       		.uleb128 0x40
 1063 007d 18       		.uleb128 0x18
 1064 007e 9742     		.uleb128 0x2117
 1065 0080 19       		.uleb128 0x19
 1066 0081 01       		.uleb128 0x1
 1067 0082 13       		.uleb128 0x13
 1068 0083 00       		.byte	0
 1069 0084 00       		.byte	0
 1070 0085 0B       		.uleb128 0xb
ARM GAS  C:\Users\elizavet\AppData\Local\Temp\cc9Kx38m.s 			page 27


 1071 0086 05       		.uleb128 0x5
 1072 0087 00       		.byte	0
 1073 0088 03       		.uleb128 0x3
 1074 0089 0E       		.uleb128 0xe
 1075 008a 3A       		.uleb128 0x3a
 1076 008b 0B       		.uleb128 0xb
 1077 008c 3B       		.uleb128 0x3b
 1078 008d 0B       		.uleb128 0xb
 1079 008e 49       		.uleb128 0x49
 1080 008f 13       		.uleb128 0x13
 1081 0090 02       		.uleb128 0x2
 1082 0091 18       		.uleb128 0x18
 1083 0092 00       		.byte	0
 1084 0093 00       		.byte	0
 1085 0094 0C       		.uleb128 0xc
 1086 0095 34       		.uleb128 0x34
 1087 0096 00       		.byte	0
 1088 0097 03       		.uleb128 0x3
 1089 0098 08       		.uleb128 0x8
 1090 0099 3A       		.uleb128 0x3a
 1091 009a 0B       		.uleb128 0xb
 1092 009b 3B       		.uleb128 0x3b
 1093 009c 0B       		.uleb128 0xb
 1094 009d 49       		.uleb128 0x49
 1095 009e 13       		.uleb128 0x13
 1096 009f 02       		.uleb128 0x2
 1097 00a0 17       		.uleb128 0x17
 1098 00a1 00       		.byte	0
 1099 00a2 00       		.byte	0
 1100 00a3 0D       		.uleb128 0xd
 1101 00a4 0B       		.uleb128 0xb
 1102 00a5 01       		.byte	0x1
 1103 00a6 11       		.uleb128 0x11
 1104 00a7 01       		.uleb128 0x1
 1105 00a8 12       		.uleb128 0x12
 1106 00a9 06       		.uleb128 0x6
 1107 00aa 00       		.byte	0
 1108 00ab 00       		.byte	0
 1109 00ac 0E       		.uleb128 0xe
 1110 00ad 34       		.uleb128 0x34
 1111 00ae 00       		.byte	0
 1112 00af 03       		.uleb128 0x3
 1113 00b0 0E       		.uleb128 0xe
 1114 00b1 3A       		.uleb128 0x3a
 1115 00b2 0B       		.uleb128 0xb
 1116 00b3 3B       		.uleb128 0x3b
 1117 00b4 0B       		.uleb128 0xb
 1118 00b5 49       		.uleb128 0x49
 1119 00b6 13       		.uleb128 0x13
 1120 00b7 02       		.uleb128 0x2
 1121 00b8 17       		.uleb128 0x17
 1122 00b9 00       		.byte	0
 1123 00ba 00       		.byte	0
 1124 00bb 0F       		.uleb128 0xf
 1125 00bc 0F       		.uleb128 0xf
 1126 00bd 00       		.byte	0
 1127 00be 0B       		.uleb128 0xb
ARM GAS  C:\Users\elizavet\AppData\Local\Temp\cc9Kx38m.s 			page 28


 1128 00bf 0B       		.uleb128 0xb
 1129 00c0 49       		.uleb128 0x49
 1130 00c1 13       		.uleb128 0x13
 1131 00c2 00       		.byte	0
 1132 00c3 00       		.byte	0
 1133 00c4 10       		.uleb128 0x10
 1134 00c5 26       		.uleb128 0x26
 1135 00c6 00       		.byte	0
 1136 00c7 49       		.uleb128 0x49
 1137 00c8 13       		.uleb128 0x13
 1138 00c9 00       		.byte	0
 1139 00ca 00       		.byte	0
 1140 00cb 11       		.uleb128 0x11
 1141 00cc 2E       		.uleb128 0x2e
 1142 00cd 00       		.byte	0
 1143 00ce 03       		.uleb128 0x3
 1144 00cf 0E       		.uleb128 0xe
 1145 00d0 3A       		.uleb128 0x3a
 1146 00d1 0B       		.uleb128 0xb
 1147 00d2 3B       		.uleb128 0x3b
 1148 00d3 05       		.uleb128 0x5
 1149 00d4 27       		.uleb128 0x27
 1150 00d5 19       		.uleb128 0x19
 1151 00d6 11       		.uleb128 0x11
 1152 00d7 01       		.uleb128 0x1
 1153 00d8 12       		.uleb128 0x12
 1154 00d9 06       		.uleb128 0x6
 1155 00da 40       		.uleb128 0x40
 1156 00db 18       		.uleb128 0x18
 1157 00dc 9742     		.uleb128 0x2117
 1158 00de 19       		.uleb128 0x19
 1159 00df 00       		.byte	0
 1160 00e0 00       		.byte	0
 1161 00e1 12       		.uleb128 0x12
 1162 00e2 05       		.uleb128 0x5
 1163 00e3 00       		.byte	0
 1164 00e4 03       		.uleb128 0x3
 1165 00e5 08       		.uleb128 0x8
 1166 00e6 3A       		.uleb128 0x3a
 1167 00e7 0B       		.uleb128 0xb
 1168 00e8 3B       		.uleb128 0x3b
 1169 00e9 0B       		.uleb128 0xb
 1170 00ea 49       		.uleb128 0x49
 1171 00eb 13       		.uleb128 0x13
 1172 00ec 02       		.uleb128 0x2
 1173 00ed 17       		.uleb128 0x17
 1174 00ee 00       		.byte	0
 1175 00ef 00       		.byte	0
 1176 00f0 13       		.uleb128 0x13
 1177 00f1 898201   		.uleb128 0x4109
 1178 00f4 01       		.byte	0x1
 1179 00f5 11       		.uleb128 0x11
 1180 00f6 01       		.uleb128 0x1
 1181 00f7 31       		.uleb128 0x31
 1182 00f8 13       		.uleb128 0x13
 1183 00f9 00       		.byte	0
 1184 00fa 00       		.byte	0
ARM GAS  C:\Users\elizavet\AppData\Local\Temp\cc9Kx38m.s 			page 29


 1185 00fb 14       		.uleb128 0x14
 1186 00fc 8A8201   		.uleb128 0x410a
 1187 00ff 00       		.byte	0
 1188 0100 02       		.uleb128 0x2
 1189 0101 18       		.uleb128 0x18
 1190 0102 9142     		.uleb128 0x2111
 1191 0104 18       		.uleb128 0x18
 1192 0105 00       		.byte	0
 1193 0106 00       		.byte	0
 1194 0107 15       		.uleb128 0x15
 1195 0108 898201   		.uleb128 0x4109
 1196 010b 01       		.byte	0x1
 1197 010c 11       		.uleb128 0x11
 1198 010d 01       		.uleb128 0x1
 1199 010e 31       		.uleb128 0x31
 1200 010f 13       		.uleb128 0x13
 1201 0110 01       		.uleb128 0x1
 1202 0111 13       		.uleb128 0x13
 1203 0112 00       		.byte	0
 1204 0113 00       		.byte	0
 1205 0114 16       		.uleb128 0x16
 1206 0115 2E       		.uleb128 0x2e
 1207 0116 01       		.byte	0x1
 1208 0117 3F       		.uleb128 0x3f
 1209 0118 19       		.uleb128 0x19
 1210 0119 03       		.uleb128 0x3
 1211 011a 0E       		.uleb128 0xe
 1212 011b 3A       		.uleb128 0x3a
 1213 011c 0B       		.uleb128 0xb
 1214 011d 3B       		.uleb128 0x3b
 1215 011e 05       		.uleb128 0x5
 1216 011f 27       		.uleb128 0x27
 1217 0120 19       		.uleb128 0x19
 1218 0121 11       		.uleb128 0x11
 1219 0122 01       		.uleb128 0x1
 1220 0123 12       		.uleb128 0x12
 1221 0124 06       		.uleb128 0x6
 1222 0125 40       		.uleb128 0x40
 1223 0126 18       		.uleb128 0x18
 1224 0127 9742     		.uleb128 0x2117
 1225 0129 19       		.uleb128 0x19
 1226 012a 01       		.uleb128 0x1
 1227 012b 13       		.uleb128 0x13
 1228 012c 00       		.byte	0
 1229 012d 00       		.byte	0
 1230 012e 17       		.uleb128 0x17
 1231 012f 0B       		.uleb128 0xb
 1232 0130 01       		.byte	0x1
 1233 0131 11       		.uleb128 0x11
 1234 0132 01       		.uleb128 0x1
 1235 0133 12       		.uleb128 0x12
 1236 0134 06       		.uleb128 0x6
 1237 0135 01       		.uleb128 0x1
 1238 0136 13       		.uleb128 0x13
 1239 0137 00       		.byte	0
 1240 0138 00       		.byte	0
 1241 0139 18       		.uleb128 0x18
ARM GAS  C:\Users\elizavet\AppData\Local\Temp\cc9Kx38m.s 			page 30


 1242 013a 34       		.uleb128 0x34
 1243 013b 00       		.byte	0
 1244 013c 03       		.uleb128 0x3
 1245 013d 0E       		.uleb128 0xe
 1246 013e 3A       		.uleb128 0x3a
 1247 013f 0B       		.uleb128 0xb
 1248 0140 3B       		.uleb128 0x3b
 1249 0141 05       		.uleb128 0x5
 1250 0142 49       		.uleb128 0x49
 1251 0143 13       		.uleb128 0x13
 1252 0144 02       		.uleb128 0x2
 1253 0145 18       		.uleb128 0x18
 1254 0146 00       		.byte	0
 1255 0147 00       		.byte	0
 1256 0148 19       		.uleb128 0x19
 1257 0149 13       		.uleb128 0x13
 1258 014a 01       		.byte	0x1
 1259 014b 0B       		.uleb128 0xb
 1260 014c 0B       		.uleb128 0xb
 1261 014d 3A       		.uleb128 0x3a
 1262 014e 0B       		.uleb128 0xb
 1263 014f 3B       		.uleb128 0x3b
 1264 0150 05       		.uleb128 0x5
 1265 0151 01       		.uleb128 0x1
 1266 0152 13       		.uleb128 0x13
 1267 0153 00       		.byte	0
 1268 0154 00       		.byte	0
 1269 0155 1A       		.uleb128 0x1a
 1270 0156 0D       		.uleb128 0xd
 1271 0157 00       		.byte	0
 1272 0158 03       		.uleb128 0x3
 1273 0159 0E       		.uleb128 0xe
 1274 015a 3A       		.uleb128 0x3a
 1275 015b 0B       		.uleb128 0xb
 1276 015c 3B       		.uleb128 0x3b
 1277 015d 05       		.uleb128 0x5
 1278 015e 49       		.uleb128 0x49
 1279 015f 13       		.uleb128 0x13
 1280 0160 38       		.uleb128 0x38
 1281 0161 0B       		.uleb128 0xb
 1282 0162 00       		.byte	0
 1283 0163 00       		.byte	0
 1284 0164 1B       		.uleb128 0x1b
 1285 0165 01       		.uleb128 0x1
 1286 0166 01       		.byte	0x1
 1287 0167 49       		.uleb128 0x49
 1288 0168 13       		.uleb128 0x13
 1289 0169 01       		.uleb128 0x1
 1290 016a 13       		.uleb128 0x13
 1291 016b 00       		.byte	0
 1292 016c 00       		.byte	0
 1293 016d 1C       		.uleb128 0x1c
 1294 016e 21       		.uleb128 0x21
 1295 016f 00       		.byte	0
 1296 0170 49       		.uleb128 0x49
 1297 0171 13       		.uleb128 0x13
 1298 0172 2F       		.uleb128 0x2f
ARM GAS  C:\Users\elizavet\AppData\Local\Temp\cc9Kx38m.s 			page 31


 1299 0173 0B       		.uleb128 0xb
 1300 0174 00       		.byte	0
 1301 0175 00       		.byte	0
 1302 0176 1D       		.uleb128 0x1d
 1303 0177 34       		.uleb128 0x34
 1304 0178 00       		.byte	0
 1305 0179 03       		.uleb128 0x3
 1306 017a 08       		.uleb128 0x8
 1307 017b 3A       		.uleb128 0x3a
 1308 017c 0B       		.uleb128 0xb
 1309 017d 3B       		.uleb128 0x3b
 1310 017e 05       		.uleb128 0x5
 1311 017f 49       		.uleb128 0x49
 1312 0180 13       		.uleb128 0x13
 1313 0181 02       		.uleb128 0x2
 1314 0182 17       		.uleb128 0x17
 1315 0183 00       		.byte	0
 1316 0184 00       		.byte	0
 1317 0185 1E       		.uleb128 0x1e
 1318 0186 898201   		.uleb128 0x4109
 1319 0189 00       		.byte	0
 1320 018a 11       		.uleb128 0x11
 1321 018b 01       		.uleb128 0x1
 1322 018c 31       		.uleb128 0x31
 1323 018d 13       		.uleb128 0x13
 1324 018e 00       		.byte	0
 1325 018f 00       		.byte	0
 1326 0190 1F       		.uleb128 0x1f
 1327 0191 2E       		.uleb128 0x2e
 1328 0192 00       		.byte	0
 1329 0193 3F       		.uleb128 0x3f
 1330 0194 19       		.uleb128 0x19
 1331 0195 3C       		.uleb128 0x3c
 1332 0196 19       		.uleb128 0x19
 1333 0197 6E       		.uleb128 0x6e
 1334 0198 0E       		.uleb128 0xe
 1335 0199 03       		.uleb128 0x3
 1336 019a 0E       		.uleb128 0xe
 1337 019b 00       		.byte	0
 1338 019c 00       		.byte	0
 1339 019d 20       		.uleb128 0x20
 1340 019e 2E       		.uleb128 0x2e
 1341 019f 00       		.byte	0
 1342 01a0 3F       		.uleb128 0x3f
 1343 01a1 19       		.uleb128 0x19
 1344 01a2 3C       		.uleb128 0x3c
 1345 01a3 19       		.uleb128 0x19
 1346 01a4 6E       		.uleb128 0x6e
 1347 01a5 0E       		.uleb128 0xe
 1348 01a6 03       		.uleb128 0x3
 1349 01a7 0E       		.uleb128 0xe
 1350 01a8 3A       		.uleb128 0x3a
 1351 01a9 0B       		.uleb128 0xb
 1352 01aa 3B       		.uleb128 0x3b
 1353 01ab 0B       		.uleb128 0xb
 1354 01ac 00       		.byte	0
 1355 01ad 00       		.byte	0
ARM GAS  C:\Users\elizavet\AppData\Local\Temp\cc9Kx38m.s 			page 32


 1356 01ae 00       		.byte	0
 1357              		.section	.debug_loc,"",%progbits
 1358              	.Ldebug_loc0:
 1359              	.LLST0:
 1360 0000 02000000 		.4byte	.LVL1
 1361 0004 08000000 		.4byte	.LVL2
 1362 0008 0200     		.2byte	0x2
 1363 000a 30       		.byte	0x30
 1364 000b 9F       		.byte	0x9f
 1365 000c 08000000 		.4byte	.LVL2
 1366 0010 30000000 		.4byte	.LVL11
 1367 0014 0100     		.2byte	0x1
 1368 0016 57       		.byte	0x57
 1369 0017 00000000 		.4byte	0
 1370 001b 00000000 		.4byte	0
 1371              	.LLST1:
 1372 001f 02000000 		.4byte	.LVL1
 1373 0023 08000000 		.4byte	.LVL2
 1374 0027 0200     		.2byte	0x2
 1375 0029 30       		.byte	0x30
 1376 002a 9F       		.byte	0x9f
 1377 002b 08000000 		.4byte	.LVL2
 1378 002f 30000000 		.4byte	.LVL10
 1379 0033 0100     		.2byte	0x1
 1380 0035 55       		.byte	0x55
 1381 0036 00000000 		.4byte	0
 1382 003a 00000000 		.4byte	0
 1383              	.LLST2:
 1384 003e 0C000000 		.4byte	.LVL3
 1385 0042 2C000000 		.4byte	.LVL9
 1386 0046 0100     		.2byte	0x1
 1387 0048 56       		.byte	0x56
 1388 0049 00000000 		.4byte	0
 1389 004d 00000000 		.4byte	0
 1390              	.LLST3:
 1391 0051 0E000000 		.4byte	.LVL4
 1392 0055 24000000 		.4byte	.LVL7
 1393 0059 0100     		.2byte	0x1
 1394 005b 53       		.byte	0x53
 1395 005c 26000000 		.4byte	.LVL8
 1396 0060 2C000000 		.4byte	.LVL9
 1397 0064 0100     		.2byte	0x1
 1398 0066 53       		.byte	0x53
 1399 0067 00000000 		.4byte	0
 1400 006b 00000000 		.4byte	0
 1401              	.LLST4:
 1402 006f 00000000 		.4byte	.LVL12
 1403 0073 09000000 		.4byte	.LVL14-1
 1404 0077 0100     		.2byte	0x1
 1405 0079 50       		.byte	0x50
 1406 007a 09000000 		.4byte	.LVL14-1
 1407 007e 0C000000 		.4byte	.LFE1
 1408 0082 0400     		.2byte	0x4
 1409 0084 F3       		.byte	0xf3
 1410 0085 01       		.uleb128 0x1
 1411 0086 50       		.byte	0x50
 1412 0087 9F       		.byte	0x9f
ARM GAS  C:\Users\elizavet\AppData\Local\Temp\cc9Kx38m.s 			page 33


 1413 0088 00000000 		.4byte	0
 1414 008c 00000000 		.4byte	0
 1415              	.LLST5:
 1416 0090 00000000 		.4byte	.LVL12
 1417 0094 06000000 		.4byte	.LVL13
 1418 0098 0100     		.2byte	0x1
 1419 009a 51       		.byte	0x51
 1420 009b 06000000 		.4byte	.LVL13
 1421 009f 09000000 		.4byte	.LVL14-1
 1422 00a3 0100     		.2byte	0x1
 1423 00a5 52       		.byte	0x52
 1424 00a6 09000000 		.4byte	.LVL14-1
 1425 00aa 0C000000 		.4byte	.LFE1
 1426 00ae 0400     		.2byte	0x4
 1427 00b0 F3       		.byte	0xf3
 1428 00b1 01       		.uleb128 0x1
 1429 00b2 51       		.byte	0x51
 1430 00b3 9F       		.byte	0x9f
 1431 00b4 00000000 		.4byte	0
 1432 00b8 00000000 		.4byte	0
 1433              	.LLST6:
 1434 00bc 74000000 		.4byte	.LVL18
 1435 00c0 78000000 		.4byte	.LVL19
 1436 00c4 0200     		.2byte	0x2
 1437 00c6 30       		.byte	0x30
 1438 00c7 9F       		.byte	0x9f
 1439 00c8 78000000 		.4byte	.LVL19
 1440 00cc 96000000 		.4byte	.LVL21
 1441 00d0 0100     		.2byte	0x1
 1442 00d2 54       		.byte	0x54
 1443 00d3 98000000 		.4byte	.LVL22
 1444 00d7 12010000 		.4byte	.LVL26
 1445 00db 0100     		.2byte	0x1
 1446 00dd 54       		.byte	0x54
 1447 00de 00000000 		.4byte	0
 1448 00e2 00000000 		.4byte	0
 1449              	.LLST7:
 1450 00e6 78000000 		.4byte	.LVL19
 1451 00ea 96000000 		.4byte	.LVL21
 1452 00ee 0B00     		.2byte	0xb
 1453 00f0 74       		.byte	0x74
 1454 00f1 00       		.sleb128 0
 1455 00f2 36       		.byte	0x36
 1456 00f3 1E       		.byte	0x1e
 1457 00f4 03       		.byte	0x3
 1458 00f5 00000000 		.4byte	cfg_memset_list.4911
 1459 00f9 22       		.byte	0x22
 1460 00fa 9F       		.byte	0x9f
 1461 00fb 96000000 		.4byte	.LVL21
 1462 00ff 98000000 		.4byte	.LVL22
 1463 0103 0B00     		.2byte	0xb
 1464 0105 74       		.byte	0x74
 1465 0106 7F       		.sleb128 -1
 1466 0107 36       		.byte	0x36
 1467 0108 1E       		.byte	0x1e
 1468 0109 03       		.byte	0x3
 1469 010a 00000000 		.4byte	cfg_memset_list.4911
ARM GAS  C:\Users\elizavet\AppData\Local\Temp\cc9Kx38m.s 			page 34


 1470 010e 22       		.byte	0x22
 1471 010f 9F       		.byte	0x9f
 1472 0110 00000000 		.4byte	0
 1473 0114 00000000 		.4byte	0
 1474              		.section	.debug_aranges,"",%progbits
 1475 0000 3C000000 		.4byte	0x3c
 1476 0004 0200     		.2byte	0x2
 1477 0006 00000000 		.4byte	.Ldebug_info0
 1478 000a 04       		.byte	0x4
 1479 000b 00       		.byte	0
 1480 000c 0000     		.2byte	0
 1481 000e 0000     		.2byte	0
 1482 0010 00000000 		.4byte	.LFB4
 1483 0014 32000000 		.4byte	.LFE4-.LFB4
 1484 0018 00000000 		.4byte	.LFB6
 1485 001c 20000000 		.4byte	.LFE6-.LFB6
 1486 0020 00000000 		.4byte	.LFB1
 1487 0024 0C000000 		.4byte	.LFE1-.LFB1
 1488 0028 00000000 		.4byte	.LFB5
 1489 002c 70000000 		.4byte	.LFE5-.LFB5
 1490 0030 70000000 		.4byte	.LFB7
 1491 0034 E0000000 		.4byte	.LFE7-.LFB7
 1492 0038 00000000 		.4byte	0
 1493 003c 00000000 		.4byte	0
 1494              		.section	.debug_ranges,"",%progbits
 1495              	.Ldebug_ranges0:
 1496 0000 00000000 		.4byte	.LFB4
 1497 0004 32000000 		.4byte	.LFE4
 1498 0008 00000000 		.4byte	.LFB6
 1499 000c 20000000 		.4byte	.LFE6
 1500 0010 00000000 		.4byte	.LFB1
 1501 0014 0C000000 		.4byte	.LFE1
 1502 0018 00000000 		.4byte	.LFB5
 1503 001c 70000000 		.4byte	.LFE5
 1504 0020 70000000 		.4byte	.LFB7
 1505 0024 50010000 		.4byte	.LFE7
 1506 0028 00000000 		.4byte	0
 1507 002c 00000000 		.4byte	0
 1508              		.section	.debug_line,"",%progbits
 1509              	.Ldebug_line0:
 1510 0000 70010000 		.section	.debug_str,"MS",%progbits,1
 1510      0200D600 
 1510      00000201 
 1510      FB0E0D00 
 1510      01010101 
 1511              	.LASF19:
 1512 0000 72656733 		.ascii	"reg32\000"
 1512      3200
 1513              	.LASF12:
 1514 0006 73697A65 		.ascii	"size_t\000"
 1514      5F7400
 1515              	.LASF42:
 1516 000d 416E616C 		.ascii	"AnalogSetDefault\000"
 1516      6F675365 
 1516      74446566 
 1516      61756C74 
 1516      00
ARM GAS  C:\Users\elizavet\AppData\Local\Temp\cc9Kx38m.s 			page 35


 1517              	.LASF37:
 1518 001e 4379496E 		.ascii	"CyIntSetVector\000"
 1518      74536574 
 1518      56656374 
 1518      6F7200
 1519              	.LASF21:
 1520 002d 76616C75 		.ascii	"value\000"
 1520      6500
 1521              	.LASF26:
 1522 0033 636F756E 		.ascii	"count\000"
 1522      7400
 1523              	.LASF29:
 1524 0039 436C6F63 		.ascii	"ClockSetup\000"
 1524      6B536574 
 1524      757000
 1525              	.LASF30:
 1526 0044 63795F63 		.ascii	"cy_cfg_addr_table\000"
 1526      66675F61 
 1526      6464725F 
 1526      7461626C 
 1526      6500
 1527              	.LASF31:
 1528 0056 63795F63 		.ascii	"cy_cfg_data_table\000"
 1528      66675F64 
 1528      6174615F 
 1528      7461626C 
 1528      6500
 1529              	.LASF16:
 1530 0068 666C6F61 		.ascii	"float\000"
 1530      7400
 1531              	.LASF35:
 1532 006e 6366675F 		.ascii	"cfg_memset_list\000"
 1532      6D656D73 
 1532      65745F6C 
 1532      69737400 
 1533              	.LASF33:
 1534 007e 73697A65 		.ascii	"size\000"
 1534      00
 1535              	.LASF18:
 1536 0083 72656738 		.ascii	"reg8\000"
 1536      00
 1537              	.LASF8:
 1538 0088 6C6F6E67 		.ascii	"long unsigned int\000"
 1538      20756E73 
 1538      69676E65 
 1538      6420696E 
 1538      7400
 1539              	.LASF13:
 1540 009a 75696E74 		.ascii	"uint8\000"
 1540      3800
 1541              	.LASF28:
 1542 00a0 43594D45 		.ascii	"CYMEMZERO\000"
 1542      4D5A4552 
 1542      4F00
 1543              	.LASF4:
 1544 00aa 756E7369 		.ascii	"unsigned char\000"
 1544      676E6564 
ARM GAS  C:\Users\elizavet\AppData\Local\Temp\cc9Kx38m.s 			page 36


 1544      20636861 
 1544      7200
 1545              	.LASF44:
 1546 00b8 6D656D73 		.ascii	"memset\000"
 1546      657400
 1547              	.LASF17:
 1548 00bf 646F7562 		.ascii	"double\000"
 1548      6C6500
 1549              	.LASF27:
 1550 00c6 6366675F 		.ascii	"cfg_write_bytes32\000"
 1550      77726974 
 1550      655F6279 
 1550      74657333 
 1550      3200
 1551              	.LASF41:
 1552 00d8 433A5C55 		.ascii	"C:\\Users\\elizavet\\Documents\\PSoC Creator\\Micro"
 1552      73657273 
 1552      5C656C69 
 1552      7A617665 
 1552      745C446F 
 1553 0106 636F6E74 		.ascii	"controllers_part_2\\lab-1.cydsn\000"
 1553      726F6C6C 
 1553      6572735F 
 1553      70617274 
 1553      5F325C6C 
 1554              	.LASF38:
 1555 0125 4379496E 		.ascii	"CyIntEnable\000"
 1555      74456E61 
 1555      626C6500 
 1556              	.LASF23:
 1557 0131 61646472 		.ascii	"addr_table\000"
 1557      5F746162 
 1557      6C6500
 1558              	.LASF14:
 1559 013c 75696E74 		.ascii	"uint16\000"
 1559      313600
 1560              	.LASF24:
 1561 0143 64617461 		.ascii	"data_table\000"
 1561      5F746162 
 1561      6C6500
 1562              	.LASF15:
 1563 014e 75696E74 		.ascii	"uint32\000"
 1563      333200
 1564              	.LASF0:
 1565 0155 756E7369 		.ascii	"unsigned int\000"
 1565      676E6564 
 1565      20696E74 
 1565      00
 1566              	.LASF43:
 1567 0162 63796669 		.ascii	"cyfitter_cfg\000"
 1567      74746572 
 1567      5F636667 
 1567      00
 1568              	.LASF32:
 1569 016f 61646472 		.ascii	"address\000"
 1569      65737300 
 1570              	.LASF9:
ARM GAS  C:\Users\elizavet\AppData\Local\Temp\cc9Kx38m.s 			page 37


 1571 0177 6C6F6E67 		.ascii	"long long unsigned int\000"
 1571      206C6F6E 
 1571      6720756E 
 1571      7369676E 
 1571      65642069 
 1572              	.LASF39:
 1573 018e 474E5520 		.ascii	"GNU C11 5.4.1 20160609 (release) [ARM/embedded-5-br"
 1573      43313120 
 1573      352E342E 
 1573      31203230 
 1573      31363036 
 1574 01c1 616E6368 		.ascii	"anch revision 237715] -mcpu=cortex-m0 -mthumb -g -O"
 1574      20726576 
 1574      6973696F 
 1574      6E203233 
 1574      37373135 
 1575 01f4 67202D66 		.ascii	"g -ffunction-sections -ffat-lto-objects\000"
 1575      66756E63 
 1575      74696F6E 
 1575      2D736563 
 1575      74696F6E 
 1576              	.LASF34:
 1577 021c 6366675F 		.ascii	"cfg_memset_t\000"
 1577      6D656D73 
 1577      65745F74 
 1577      00
 1578              	.LASF25:
 1579 0229 62617365 		.ascii	"baseAddr\000"
 1579      41646472 
 1579      00
 1580              	.LASF10:
 1581 0232 73697A65 		.ascii	"sizetype\000"
 1581      74797065 
 1581      00
 1582              	.LASF6:
 1583 023b 73686F72 		.ascii	"short unsigned int\000"
 1583      7420756E 
 1583      7369676E 
 1583      65642069 
 1583      6E7400
 1584              	.LASF1:
 1585 024e 6C6F6E67 		.ascii	"long long int\000"
 1585      206C6F6E 
 1585      6720696E 
 1585      7400
 1586              	.LASF11:
 1587 025c 63686172 		.ascii	"char\000"
 1587      00
 1588              	.LASF22:
 1589 0261 63795F63 		.ascii	"cy_cfg_addrvalue_t\000"
 1589      66675F61 
 1589      64647276 
 1589      616C7565 
 1589      5F7400
 1590              	.LASF20:
 1591 0274 6F666673 		.ascii	"offset\000"
 1591      657400
ARM GAS  C:\Users\elizavet\AppData\Local\Temp\cc9Kx38m.s 			page 38


 1592              	.LASF5:
 1593 027b 73686F72 		.ascii	"short int\000"
 1593      7420696E 
 1593      7400
 1594              	.LASF36:
 1595 0285 43795379 		.ascii	"CySysClkWriteImoFreq\000"
 1595      73436C6B 
 1595      57726974 
 1595      65496D6F 
 1595      46726571 
 1596              	.LASF7:
 1597 029a 6C6F6E67 		.ascii	"long int\000"
 1597      20696E74 
 1597      00
 1598              	.LASF2:
 1599 02a3 6C6F6E67 		.ascii	"long double\000"
 1599      20646F75 
 1599      626C6500 
 1600              	.LASF3:
 1601 02af 7369676E 		.ascii	"signed char\000"
 1601      65642063 
 1601      68617200 
 1602              	.LASF40:
 1603 02bb 47656E65 		.ascii	"Generated_Source\\PSoC4\\cyfitter_cfg.c\000"
 1603      72617465 
 1603      645F536F 
 1603      75726365 
 1603      5C50536F 
 1604              		.ident	"GCC: (GNU Tools for ARM Embedded Processors) 5.4.1 20160609 (release) [ARM/embedded-5-bran
