ARM GAS  C:\Users\elizavet\AppData\Local\Temp\ccq3Z0Ml.s 			page 1


   1              		.syntax unified
   2              		.cpu cortex-m0
   3              		.fpu softvfp
   4              		.eabi_attribute 20, 1
   5              		.eabi_attribute 21, 1
   6              		.eabi_attribute 23, 3
   7              		.eabi_attribute 24, 1
   8              		.eabi_attribute 25, 1
   9              		.eabi_attribute 26, 1
  10              		.eabi_attribute 30, 1
  11              		.eabi_attribute 34, 0
  12              		.eabi_attribute 18, 4
  13              		.thumb
  14              		.syntax unified
  15              		.file	"cyfitter_cfg.c"
  16              		.text
  17              	.Ltext0:
  18              		.cfi_sections	.debug_frame
  19              		.section	.text.cfg_write_bytes32,"ax",%progbits
  20              		.align	2
  21              		.code	16
  22              		.thumb_func
  23              		.type	cfg_write_bytes32, %function
  24              	cfg_write_bytes32:
  25              	.LFB4:
  26              		.file 1 "Generated_Source\\PSoC4\\cyfitter_cfg.c"
   1:Generated_Source\PSoC4/cyfitter_cfg.c **** 
   2:Generated_Source\PSoC4/cyfitter_cfg.c **** /*******************************************************************************
   3:Generated_Source\PSoC4/cyfitter_cfg.c **** * File Name: cyfitter_cfg.c
   4:Generated_Source\PSoC4/cyfitter_cfg.c **** * 
   5:Generated_Source\PSoC4/cyfitter_cfg.c **** * PSoC Creator  4.4
   6:Generated_Source\PSoC4/cyfitter_cfg.c **** *
   7:Generated_Source\PSoC4/cyfitter_cfg.c **** * Description:
   8:Generated_Source\PSoC4/cyfitter_cfg.c **** * This file contains device initialization code.
   9:Generated_Source\PSoC4/cyfitter_cfg.c **** * Except for the user defined sections in CyClockStartupError(), this file should not be modified.
  10:Generated_Source\PSoC4/cyfitter_cfg.c **** * This file is automatically generated by PSoC Creator.
  11:Generated_Source\PSoC4/cyfitter_cfg.c **** *
  12:Generated_Source\PSoC4/cyfitter_cfg.c **** ********************************************************************************
  13:Generated_Source\PSoC4/cyfitter_cfg.c **** * Copyright (c) 2007-2020 Cypress Semiconductor.  All rights reserved.
  14:Generated_Source\PSoC4/cyfitter_cfg.c **** * You may use this file only in accordance with the license, terms, conditions, 
  15:Generated_Source\PSoC4/cyfitter_cfg.c **** * disclaimers, and limitations in the end user license agreement accompanying 
  16:Generated_Source\PSoC4/cyfitter_cfg.c **** * the software package with which this file was provided.
  17:Generated_Source\PSoC4/cyfitter_cfg.c **** ********************************************************************************/
  18:Generated_Source\PSoC4/cyfitter_cfg.c **** 
  19:Generated_Source\PSoC4/cyfitter_cfg.c **** #include <string.h>
  20:Generated_Source\PSoC4/cyfitter_cfg.c **** #include "cytypes.h"
  21:Generated_Source\PSoC4/cyfitter_cfg.c **** #include "cydevice_trm.h"
  22:Generated_Source\PSoC4/cyfitter_cfg.c **** #include "cyfitter.h"
  23:Generated_Source\PSoC4/cyfitter_cfg.c **** #include "CyLib.h"
  24:Generated_Source\PSoC4/cyfitter_cfg.c **** #include "CyLFClk.h"
  25:Generated_Source\PSoC4/cyfitter_cfg.c **** #include "cyfitter_cfg.h"
  26:Generated_Source\PSoC4/cyfitter_cfg.c **** #include "cyapicallbacks.h"
  27:Generated_Source\PSoC4/cyfitter_cfg.c **** 
  28:Generated_Source\PSoC4/cyfitter_cfg.c **** 
  29:Generated_Source\PSoC4/cyfitter_cfg.c **** #if defined(__GNUC__) || defined(__ARMCC_VERSION)
  30:Generated_Source\PSoC4/cyfitter_cfg.c ****     #define CYPACKED 
  31:Generated_Source\PSoC4/cyfitter_cfg.c ****     #define CYPACKED_ATTR __attribute__ ((packed))
ARM GAS  C:\Users\elizavet\AppData\Local\Temp\ccq3Z0Ml.s 			page 2


  32:Generated_Source\PSoC4/cyfitter_cfg.c ****     #define CYALIGNED __attribute__ ((aligned))
  33:Generated_Source\PSoC4/cyfitter_cfg.c ****     #define CY_CFG_UNUSED __attribute__ ((unused))
  34:Generated_Source\PSoC4/cyfitter_cfg.c ****     #ifndef CY_CFG_SECTION
  35:Generated_Source\PSoC4/cyfitter_cfg.c ****         #define CY_CFG_SECTION __attribute__ ((section(".psocinit")))
  36:Generated_Source\PSoC4/cyfitter_cfg.c ****     #endif
  37:Generated_Source\PSoC4/cyfitter_cfg.c ****     
  38:Generated_Source\PSoC4/cyfitter_cfg.c ****     #if defined(__ARMCC_VERSION)
  39:Generated_Source\PSoC4/cyfitter_cfg.c ****         #define CY_CFG_MEMORY_BARRIER() __memory_changed()
  40:Generated_Source\PSoC4/cyfitter_cfg.c ****     #else
  41:Generated_Source\PSoC4/cyfitter_cfg.c ****         #define CY_CFG_MEMORY_BARRIER() __sync_synchronize()
  42:Generated_Source\PSoC4/cyfitter_cfg.c ****     #endif
  43:Generated_Source\PSoC4/cyfitter_cfg.c ****     
  44:Generated_Source\PSoC4/cyfitter_cfg.c **** #elif defined(__ICCARM__)
  45:Generated_Source\PSoC4/cyfitter_cfg.c ****     #include <intrinsics.h>
  46:Generated_Source\PSoC4/cyfitter_cfg.c **** 
  47:Generated_Source\PSoC4/cyfitter_cfg.c ****     #define CYPACKED __packed
  48:Generated_Source\PSoC4/cyfitter_cfg.c ****     #define CYPACKED_ATTR 
  49:Generated_Source\PSoC4/cyfitter_cfg.c ****     #define CYALIGNED _Pragma("data_alignment=4")
  50:Generated_Source\PSoC4/cyfitter_cfg.c ****     #define CY_CFG_UNUSED _Pragma("diag_suppress=Pe177")
  51:Generated_Source\PSoC4/cyfitter_cfg.c ****     #define CY_CFG_SECTION _Pragma("location=\".psocinit\"")
  52:Generated_Source\PSoC4/cyfitter_cfg.c ****     
  53:Generated_Source\PSoC4/cyfitter_cfg.c ****     #define CY_CFG_MEMORY_BARRIER() __DMB()
  54:Generated_Source\PSoC4/cyfitter_cfg.c ****     
  55:Generated_Source\PSoC4/cyfitter_cfg.c **** #else
  56:Generated_Source\PSoC4/cyfitter_cfg.c ****     #error Unsupported toolchain
  57:Generated_Source\PSoC4/cyfitter_cfg.c **** #endif
  58:Generated_Source\PSoC4/cyfitter_cfg.c **** 
  59:Generated_Source\PSoC4/cyfitter_cfg.c **** #ifndef CYCODE
  60:Generated_Source\PSoC4/cyfitter_cfg.c ****     #define CYCODE
  61:Generated_Source\PSoC4/cyfitter_cfg.c **** #endif
  62:Generated_Source\PSoC4/cyfitter_cfg.c **** #ifndef CYDATA
  63:Generated_Source\PSoC4/cyfitter_cfg.c ****     #define CYDATA
  64:Generated_Source\PSoC4/cyfitter_cfg.c **** #endif
  65:Generated_Source\PSoC4/cyfitter_cfg.c **** #ifndef CYFAR
  66:Generated_Source\PSoC4/cyfitter_cfg.c ****     #define CYFAR
  67:Generated_Source\PSoC4/cyfitter_cfg.c **** #endif
  68:Generated_Source\PSoC4/cyfitter_cfg.c **** #ifndef CYXDATA
  69:Generated_Source\PSoC4/cyfitter_cfg.c ****     #define CYXDATA
  70:Generated_Source\PSoC4/cyfitter_cfg.c **** #endif
  71:Generated_Source\PSoC4/cyfitter_cfg.c **** 
  72:Generated_Source\PSoC4/cyfitter_cfg.c **** 
  73:Generated_Source\PSoC4/cyfitter_cfg.c **** CY_CFG_UNUSED
  74:Generated_Source\PSoC4/cyfitter_cfg.c **** static void CYMEMZERO(void *s, size_t n);
  75:Generated_Source\PSoC4/cyfitter_cfg.c **** CY_CFG_UNUSED
  76:Generated_Source\PSoC4/cyfitter_cfg.c **** static void CYMEMZERO(void *s, size_t n)
  77:Generated_Source\PSoC4/cyfitter_cfg.c **** {
  78:Generated_Source\PSoC4/cyfitter_cfg.c **** 	(void)memset(s, 0, n);
  79:Generated_Source\PSoC4/cyfitter_cfg.c **** }
  80:Generated_Source\PSoC4/cyfitter_cfg.c **** CY_CFG_UNUSED
  81:Generated_Source\PSoC4/cyfitter_cfg.c **** static void CYCONFIGCPY(void *dest, const void *src, size_t n);
  82:Generated_Source\PSoC4/cyfitter_cfg.c **** CY_CFG_UNUSED
  83:Generated_Source\PSoC4/cyfitter_cfg.c **** static void CYCONFIGCPY(void *dest, const void *src, size_t n)
  84:Generated_Source\PSoC4/cyfitter_cfg.c **** {
  85:Generated_Source\PSoC4/cyfitter_cfg.c **** 	(void)memcpy(dest, src, n);
  86:Generated_Source\PSoC4/cyfitter_cfg.c **** }
  87:Generated_Source\PSoC4/cyfitter_cfg.c **** CY_CFG_UNUSED
  88:Generated_Source\PSoC4/cyfitter_cfg.c **** static void CYCONFIGCPYCODE(void *dest, const void *src, size_t n);
ARM GAS  C:\Users\elizavet\AppData\Local\Temp\ccq3Z0Ml.s 			page 3


  89:Generated_Source\PSoC4/cyfitter_cfg.c **** CY_CFG_UNUSED
  90:Generated_Source\PSoC4/cyfitter_cfg.c **** static void CYCONFIGCPYCODE(void *dest, const void *src, size_t n)
  91:Generated_Source\PSoC4/cyfitter_cfg.c **** {
  92:Generated_Source\PSoC4/cyfitter_cfg.c **** 	(void)memcpy(dest, src, n);
  93:Generated_Source\PSoC4/cyfitter_cfg.c **** }
  94:Generated_Source\PSoC4/cyfitter_cfg.c **** 
  95:Generated_Source\PSoC4/cyfitter_cfg.c **** 
  96:Generated_Source\PSoC4/cyfitter_cfg.c **** 
  97:Generated_Source\PSoC4/cyfitter_cfg.c **** 
  98:Generated_Source\PSoC4/cyfitter_cfg.c **** /* Clock startup error codes                                                   */
  99:Generated_Source\PSoC4/cyfitter_cfg.c **** #define CYCLOCKSTART_NO_ERROR    0u
 100:Generated_Source\PSoC4/cyfitter_cfg.c **** #define CYCLOCKSTART_XTAL_ERROR  1u
 101:Generated_Source\PSoC4/cyfitter_cfg.c **** #define CYCLOCKSTART_32KHZ_ERROR 2u
 102:Generated_Source\PSoC4/cyfitter_cfg.c **** #define CYCLOCKSTART_PLL_ERROR   3u
 103:Generated_Source\PSoC4/cyfitter_cfg.c **** #define CYCLOCKSTART_FLL_ERROR   4u
 104:Generated_Source\PSoC4/cyfitter_cfg.c **** #define CYCLOCKSTART_WCO_ERROR   5u
 105:Generated_Source\PSoC4/cyfitter_cfg.c **** 
 106:Generated_Source\PSoC4/cyfitter_cfg.c **** 
 107:Generated_Source\PSoC4/cyfitter_cfg.c **** #ifdef CY_NEED_CYCLOCKSTARTUPERROR
 108:Generated_Source\PSoC4/cyfitter_cfg.c **** /*******************************************************************************
 109:Generated_Source\PSoC4/cyfitter_cfg.c **** * Function Name: CyClockStartupError
 110:Generated_Source\PSoC4/cyfitter_cfg.c **** ********************************************************************************
 111:Generated_Source\PSoC4/cyfitter_cfg.c **** * Summary:
 112:Generated_Source\PSoC4/cyfitter_cfg.c **** *  If an error is encountered during clock configuration (crystal startup error,
 113:Generated_Source\PSoC4/cyfitter_cfg.c **** *  PLL lock error, etc.), the system will end up here.  Unless reimplemented by
 114:Generated_Source\PSoC4/cyfitter_cfg.c **** *  the customer, this function will stop in an infinite loop.
 115:Generated_Source\PSoC4/cyfitter_cfg.c **** *
 116:Generated_Source\PSoC4/cyfitter_cfg.c **** * Parameters:
 117:Generated_Source\PSoC4/cyfitter_cfg.c **** *   void
 118:Generated_Source\PSoC4/cyfitter_cfg.c **** *
 119:Generated_Source\PSoC4/cyfitter_cfg.c **** * Return:
 120:Generated_Source\PSoC4/cyfitter_cfg.c **** *   void
 121:Generated_Source\PSoC4/cyfitter_cfg.c **** *
 122:Generated_Source\PSoC4/cyfitter_cfg.c **** *******************************************************************************/
 123:Generated_Source\PSoC4/cyfitter_cfg.c **** CY_CFG_UNUSED
 124:Generated_Source\PSoC4/cyfitter_cfg.c **** static void CyClockStartupError(uint8 errorCode);
 125:Generated_Source\PSoC4/cyfitter_cfg.c **** CY_CFG_UNUSED
 126:Generated_Source\PSoC4/cyfitter_cfg.c **** static void CyClockStartupError(uint8 errorCode)
 127:Generated_Source\PSoC4/cyfitter_cfg.c **** {
 128:Generated_Source\PSoC4/cyfitter_cfg.c ****     /* To remove the compiler warning if errorCode not used.                */
 129:Generated_Source\PSoC4/cyfitter_cfg.c ****     errorCode = errorCode;
 130:Generated_Source\PSoC4/cyfitter_cfg.c **** 
 131:Generated_Source\PSoC4/cyfitter_cfg.c ****     /* If we have a clock startup error (bad MHz crystal, PLL lock, etc.),  */
 132:Generated_Source\PSoC4/cyfitter_cfg.c ****     /* we will end up here to allow the customer to implement something to  */
 133:Generated_Source\PSoC4/cyfitter_cfg.c ****     /* deal with the clock condition.                                       */
 134:Generated_Source\PSoC4/cyfitter_cfg.c **** 
 135:Generated_Source\PSoC4/cyfitter_cfg.c **** #ifdef CY_CFG_CLOCK_STARTUP_ERROR_CALLBACK
 136:Generated_Source\PSoC4/cyfitter_cfg.c ****     CY_CFG_Clock_Startup_ErrorCallback();
 137:Generated_Source\PSoC4/cyfitter_cfg.c **** #else
 138:Generated_Source\PSoC4/cyfitter_cfg.c ****     /*  If not using CY_CFG_CLOCK_STARTUP_ERROR_CALLBACK, place your clock startup code here. */
 139:Generated_Source\PSoC4/cyfitter_cfg.c ****     /* `#START CyClockStartupError` */
 140:Generated_Source\PSoC4/cyfitter_cfg.c **** 
 141:Generated_Source\PSoC4/cyfitter_cfg.c **** 
 142:Generated_Source\PSoC4/cyfitter_cfg.c **** 
 143:Generated_Source\PSoC4/cyfitter_cfg.c ****     /* `#END` */
 144:Generated_Source\PSoC4/cyfitter_cfg.c **** 
 145:Generated_Source\PSoC4/cyfitter_cfg.c ****     while(1) {}
ARM GAS  C:\Users\elizavet\AppData\Local\Temp\ccq3Z0Ml.s 			page 4


 146:Generated_Source\PSoC4/cyfitter_cfg.c **** #endif /* CY_CFG_CLOCK_STARTUP_ERROR_CALLBACK */
 147:Generated_Source\PSoC4/cyfitter_cfg.c **** }
 148:Generated_Source\PSoC4/cyfitter_cfg.c **** #endif
 149:Generated_Source\PSoC4/cyfitter_cfg.c **** 
 150:Generated_Source\PSoC4/cyfitter_cfg.c **** #define CY_CFG_BASE_ADDR_COUNT 5u
 151:Generated_Source\PSoC4/cyfitter_cfg.c **** CYPACKED typedef struct
 152:Generated_Source\PSoC4/cyfitter_cfg.c **** {
 153:Generated_Source\PSoC4/cyfitter_cfg.c **** 	uint8 offset;
 154:Generated_Source\PSoC4/cyfitter_cfg.c **** 	uint8 value;
 155:Generated_Source\PSoC4/cyfitter_cfg.c **** } CYPACKED_ATTR cy_cfg_addrvalue_t;
 156:Generated_Source\PSoC4/cyfitter_cfg.c **** 
 157:Generated_Source\PSoC4/cyfitter_cfg.c **** 
 158:Generated_Source\PSoC4/cyfitter_cfg.c **** 
 159:Generated_Source\PSoC4/cyfitter_cfg.c **** /*******************************************************************************
 160:Generated_Source\PSoC4/cyfitter_cfg.c **** * Function Name: cfg_write_bytes32
 161:Generated_Source\PSoC4/cyfitter_cfg.c **** ********************************************************************************
 162:Generated_Source\PSoC4/cyfitter_cfg.c **** * Summary:
 163:Generated_Source\PSoC4/cyfitter_cfg.c **** *  This function is used for setting up the chip configuration areas that
 164:Generated_Source\PSoC4/cyfitter_cfg.c **** *  contain relatively sparse data.
 165:Generated_Source\PSoC4/cyfitter_cfg.c **** *
 166:Generated_Source\PSoC4/cyfitter_cfg.c **** * Parameters:
 167:Generated_Source\PSoC4/cyfitter_cfg.c **** *   void
 168:Generated_Source\PSoC4/cyfitter_cfg.c **** *
 169:Generated_Source\PSoC4/cyfitter_cfg.c **** * Return:
 170:Generated_Source\PSoC4/cyfitter_cfg.c **** *   void
 171:Generated_Source\PSoC4/cyfitter_cfg.c **** *
 172:Generated_Source\PSoC4/cyfitter_cfg.c **** *******************************************************************************/
 173:Generated_Source\PSoC4/cyfitter_cfg.c **** static void cfg_write_bytes32(const uint32 addr_table[], const cy_cfg_addrvalue_t data_table[]);
 174:Generated_Source\PSoC4/cyfitter_cfg.c **** static void cfg_write_bytes32(const uint32 addr_table[], const cy_cfg_addrvalue_t data_table[])
 175:Generated_Source\PSoC4/cyfitter_cfg.c **** {
  27              		.loc 1 175 0
  28              		.cfi_startproc
  29              		@ args = 0, pretend = 0, frame = 0
  30              		@ frame_needed = 0, uses_anonymous_args = 0
  31              	.LVL0:
  32 0000 F0B5     		push	{r4, r5, r6, r7, lr}
  33              		.cfi_def_cfa_offset 20
  34              		.cfi_offset 4, -20
  35              		.cfi_offset 5, -16
  36              		.cfi_offset 6, -12
  37              		.cfi_offset 7, -8
  38              		.cfi_offset 14, -4
  39              	.LVL1:
 176:Generated_Source\PSoC4/cyfitter_cfg.c **** 	/* For 32-bit little-endian architectures */
 177:Generated_Source\PSoC4/cyfitter_cfg.c **** 	uint32 i, j = 0u;
  40              		.loc 1 177 0
  41 0002 0025     		movs	r5, #0
 178:Generated_Source\PSoC4/cyfitter_cfg.c **** 	for (i = 0u; i < CY_CFG_BASE_ADDR_COUNT; i++)
  42              		.loc 1 178 0
  43 0004 0027     		movs	r7, #0
  44 0006 11E0     		b	.L2
  45              	.LVL2:
  46              	.L5:
  47              	.LBB2:
 179:Generated_Source\PSoC4/cyfitter_cfg.c **** 	{
 180:Generated_Source\PSoC4/cyfitter_cfg.c **** 		uint32 baseAddr = addr_table[i];
  48              		.loc 1 180 0
ARM GAS  C:\Users\elizavet\AppData\Local\Temp\ccq3Z0Ml.s 			page 5


  49 0008 BB00     		lsls	r3, r7, #2
  50 000a C658     		ldr	r6, [r0, r3]
  51              	.LVL3:
 181:Generated_Source\PSoC4/cyfitter_cfg.c **** 		uint8 count = (uint8)baseAddr;
  52              		.loc 1 181 0
  53 000c F3B2     		uxtb	r3, r6
  54              	.LVL4:
 182:Generated_Source\PSoC4/cyfitter_cfg.c **** 		baseAddr &= 0xFFFFFF00u;
  55              		.loc 1 182 0
  56 000e FF22     		movs	r2, #255
  57 0010 9643     		bics	r6, r2
  58              	.LVL5:
 183:Generated_Source\PSoC4/cyfitter_cfg.c **** 		while (count != 0u)
  59              		.loc 1 183 0
  60 0012 08E0     		b	.L3
  61              	.L4:
 184:Generated_Source\PSoC4/cyfitter_cfg.c **** 		{
 185:Generated_Source\PSoC4/cyfitter_cfg.c **** 			CY_SET_REG8((void *)(baseAddr + data_table[j].offset), data_table[j].value);
  62              		.loc 1 185 0
  63 0014 6A00     		lsls	r2, r5, #1
  64 0016 8A18     		adds	r2, r1, r2
  65 0018 1478     		ldrb	r4, [r2]
  66 001a A419     		adds	r4, r4, r6
  67 001c 5278     		ldrb	r2, [r2, #1]
  68 001e 2270     		strb	r2, [r4]
 186:Generated_Source\PSoC4/cyfitter_cfg.c **** 			j++;
  69              		.loc 1 186 0
  70 0020 0135     		adds	r5, r5, #1
  71              	.LVL6:
 187:Generated_Source\PSoC4/cyfitter_cfg.c **** 			count--;
  72              		.loc 1 187 0
  73 0022 013B     		subs	r3, r3, #1
  74              	.LVL7:
  75 0024 DBB2     		uxtb	r3, r3
  76              	.LVL8:
  77              	.L3:
 183:Generated_Source\PSoC4/cyfitter_cfg.c **** 		{
  78              		.loc 1 183 0
  79 0026 002B     		cmp	r3, #0
  80 0028 F4D1     		bne	.L4
  81              	.LBE2:
 178:Generated_Source\PSoC4/cyfitter_cfg.c **** 	{
  82              		.loc 1 178 0 discriminator 2
  83 002a 0137     		adds	r7, r7, #1
  84              	.LVL9:
  85              	.L2:
 178:Generated_Source\PSoC4/cyfitter_cfg.c **** 	{
  86              		.loc 1 178 0 is_stmt 0 discriminator 1
  87 002c 042F     		cmp	r7, #4
  88 002e EBD9     		bls	.L5
 188:Generated_Source\PSoC4/cyfitter_cfg.c **** 		}
 189:Generated_Source\PSoC4/cyfitter_cfg.c **** 	}
 190:Generated_Source\PSoC4/cyfitter_cfg.c **** }
  89              		.loc 1 190 0 is_stmt 1
  90              		@ sp needed
  91              	.LVL10:
  92              	.LVL11:
ARM GAS  C:\Users\elizavet\AppData\Local\Temp\ccq3Z0Ml.s 			page 6


  93 0030 F0BD     		pop	{r4, r5, r6, r7, pc}
  94              		.cfi_endproc
  95              	.LFE4:
  96              		.size	cfg_write_bytes32, .-cfg_write_bytes32
  97 0032 C046     		.section	.text.AnalogSetDefault,"ax",%progbits
  98              		.align	2
  99              		.code	16
 100              		.thumb_func
 101              		.type	AnalogSetDefault, %function
 102              	AnalogSetDefault:
 103              	.LFB6:
 191:Generated_Source\PSoC4/cyfitter_cfg.c **** 
 192:Generated_Source\PSoC4/cyfitter_cfg.c **** 
 193:Generated_Source\PSoC4/cyfitter_cfg.c **** /*******************************************************************************
 194:Generated_Source\PSoC4/cyfitter_cfg.c **** * Function Name: ClockSetup
 195:Generated_Source\PSoC4/cyfitter_cfg.c **** ********************************************************************************
 196:Generated_Source\PSoC4/cyfitter_cfg.c **** *
 197:Generated_Source\PSoC4/cyfitter_cfg.c **** * Summary:
 198:Generated_Source\PSoC4/cyfitter_cfg.c **** *   Performs the initialization of all of the clocks in the device based on the
 199:Generated_Source\PSoC4/cyfitter_cfg.c **** *   settings in the Clock tab of the DWR.  This includes enabling the requested
 200:Generated_Source\PSoC4/cyfitter_cfg.c **** *   clocks and setting the necessary dividers to produce the desired frequency. 
 201:Generated_Source\PSoC4/cyfitter_cfg.c **** *
 202:Generated_Source\PSoC4/cyfitter_cfg.c **** * Parameters:
 203:Generated_Source\PSoC4/cyfitter_cfg.c **** *   void
 204:Generated_Source\PSoC4/cyfitter_cfg.c **** *
 205:Generated_Source\PSoC4/cyfitter_cfg.c **** * Return:
 206:Generated_Source\PSoC4/cyfitter_cfg.c **** *   void
 207:Generated_Source\PSoC4/cyfitter_cfg.c **** *
 208:Generated_Source\PSoC4/cyfitter_cfg.c **** *******************************************************************************/
 209:Generated_Source\PSoC4/cyfitter_cfg.c **** static void ClockSetup(void);
 210:Generated_Source\PSoC4/cyfitter_cfg.c **** CY_CFG_SECTION
 211:Generated_Source\PSoC4/cyfitter_cfg.c **** static void ClockSetup(void)
 212:Generated_Source\PSoC4/cyfitter_cfg.c **** {
 213:Generated_Source\PSoC4/cyfitter_cfg.c **** 
 214:Generated_Source\PSoC4/cyfitter_cfg.c **** 	/* Set Flash Cycles based on max possible frequency in case a glitch occurs during ClockSetup(). *
 215:Generated_Source\PSoC4/cyfitter_cfg.c **** 	CY_SET_REG32((void CYXDATA *)(CYREG_CPUSS_FLASH_CTL), (0x0012u));
 216:Generated_Source\PSoC4/cyfitter_cfg.c **** 	/* Setup and trim IMO based on desired frequency. */
 217:Generated_Source\PSoC4/cyfitter_cfg.c **** 	CySysClkWriteImoFreq(48u);
 218:Generated_Source\PSoC4/cyfitter_cfg.c **** 	/* CYDEV_CLK_ILO_CONFIG Starting address: CYDEV_CLK_ILO_CONFIG */
 219:Generated_Source\PSoC4/cyfitter_cfg.c **** 	CY_SET_REG32((void *)(CYREG_CLK_ILO_CONFIG), 0x80000006u);
 220:Generated_Source\PSoC4/cyfitter_cfg.c **** 
 221:Generated_Source\PSoC4/cyfitter_cfg.c **** 
 222:Generated_Source\PSoC4/cyfitter_cfg.c **** 	/* Setup phase aligned clocks */
 223:Generated_Source\PSoC4/cyfitter_cfg.c **** 	CY_SET_REG32((void *)CYREG_PERI_DIV_16_CTL0, 0x00BB7F00u);
 224:Generated_Source\PSoC4/cyfitter_cfg.c **** 	CY_SET_REG32((void *)CYREG_PERI_DIV_CMD, 0x8000FF40u);
 225:Generated_Source\PSoC4/cyfitter_cfg.c **** 
 226:Generated_Source\PSoC4/cyfitter_cfg.c **** 	/* CYDEV_CLK_IMO_CONFIG Starting address: CYDEV_CLK_IMO_CONFIG */
 227:Generated_Source\PSoC4/cyfitter_cfg.c **** 	CY_SET_REG32((void *)(CYREG_CLK_IMO_CONFIG), 0x80000000u);
 228:Generated_Source\PSoC4/cyfitter_cfg.c **** 
 229:Generated_Source\PSoC4/cyfitter_cfg.c **** 	/* CYDEV_CLK_SELECT Starting address: CYDEV_CLK_SELECT */
 230:Generated_Source\PSoC4/cyfitter_cfg.c **** 	CY_SET_REG32((void *)(CYREG_CLK_SELECT), 0x00040000u);
 231:Generated_Source\PSoC4/cyfitter_cfg.c **** 
 232:Generated_Source\PSoC4/cyfitter_cfg.c **** 	/* CYDEV_PERI_PCLK_CTL11 Starting address: CYDEV_PERI_PCLK_CTL11 */
 233:Generated_Source\PSoC4/cyfitter_cfg.c **** 	CY_SET_REG32((void *)(CYREG_PERI_PCLK_CTL11), 0x00000040u);
 234:Generated_Source\PSoC4/cyfitter_cfg.c **** 
 235:Generated_Source\PSoC4/cyfitter_cfg.c **** 	(void)CyIntSetVector(7u, &CySysWdtIsr);
 236:Generated_Source\PSoC4/cyfitter_cfg.c **** 	CyIntEnable(7u);
ARM GAS  C:\Users\elizavet\AppData\Local\Temp\ccq3Z0Ml.s 			page 7


 237:Generated_Source\PSoC4/cyfitter_cfg.c **** 	CY_SET_REG32((void *)(CYREG_WDT_CONFIG), 0x00000000u);
 238:Generated_Source\PSoC4/cyfitter_cfg.c **** }
 239:Generated_Source\PSoC4/cyfitter_cfg.c **** 
 240:Generated_Source\PSoC4/cyfitter_cfg.c **** 
 241:Generated_Source\PSoC4/cyfitter_cfg.c **** /* Analog API Functions */
 242:Generated_Source\PSoC4/cyfitter_cfg.c **** 
 243:Generated_Source\PSoC4/cyfitter_cfg.c **** 
 244:Generated_Source\PSoC4/cyfitter_cfg.c **** /*******************************************************************************
 245:Generated_Source\PSoC4/cyfitter_cfg.c **** * Function Name: AnalogSetDefault
 246:Generated_Source\PSoC4/cyfitter_cfg.c **** ********************************************************************************
 247:Generated_Source\PSoC4/cyfitter_cfg.c **** *
 248:Generated_Source\PSoC4/cyfitter_cfg.c **** * Summary:
 249:Generated_Source\PSoC4/cyfitter_cfg.c **** *  Sets up the analog portions of the chip to default values based on chip
 250:Generated_Source\PSoC4/cyfitter_cfg.c **** *  configuration options from the project.
 251:Generated_Source\PSoC4/cyfitter_cfg.c **** *
 252:Generated_Source\PSoC4/cyfitter_cfg.c **** * Parameters:
 253:Generated_Source\PSoC4/cyfitter_cfg.c **** *  void
 254:Generated_Source\PSoC4/cyfitter_cfg.c **** *
 255:Generated_Source\PSoC4/cyfitter_cfg.c **** * Return:
 256:Generated_Source\PSoC4/cyfitter_cfg.c **** *  void
 257:Generated_Source\PSoC4/cyfitter_cfg.c **** *
 258:Generated_Source\PSoC4/cyfitter_cfg.c **** *******************************************************************************/
 259:Generated_Source\PSoC4/cyfitter_cfg.c **** static void AnalogSetDefault(void);
 260:Generated_Source\PSoC4/cyfitter_cfg.c **** static void AnalogSetDefault(void)
 261:Generated_Source\PSoC4/cyfitter_cfg.c **** {
 104              		.loc 1 261 0
 105              		.cfi_startproc
 106              		@ args = 0, pretend = 0, frame = 0
 107              		@ frame_needed = 0, uses_anonymous_args = 0
 108              		@ link register save eliminated.
 262:Generated_Source\PSoC4/cyfitter_cfg.c **** 	CY_SET_XTND_REG32((void CYFAR *)CYREG_CTBM0_DFT_CTRL, 0x00000003u);
 109              		.loc 1 262 0
 110 0000 0323     		movs	r3, #3
 111 0002 044A     		ldr	r2, .L7
 112 0004 1360     		str	r3, [r2]
 263:Generated_Source\PSoC4/cyfitter_cfg.c **** 	CY_SET_XTND_REG32((void CYFAR *)CYREG_CTBM1_DFT_CTRL, 0x00000003u);
 113              		.loc 1 263 0
 114 0006 044A     		ldr	r2, .L7+4
 115 0008 1360     		str	r3, [r2]
 264:Generated_Source\PSoC4/cyfitter_cfg.c **** 	CY_SET_XTND_REG32((void CYFAR *)CYREG_PASS_DSAB_DSAB_CTRL, 0x00000000u);
 116              		.loc 1 264 0
 117 000a 0022     		movs	r2, #0
 118 000c 034B     		ldr	r3, .L7+8
 119 000e 1A60     		str	r2, [r3]
 265:Generated_Source\PSoC4/cyfitter_cfg.c **** }
 120              		.loc 1 265 0
 121              		@ sp needed
 122 0010 7047     		bx	lr
 123              	.L8:
 124 0012 C046     		.align	2
 125              	.L7:
 126 0014 30003040 		.word	1076887600
 127 0018 30003140 		.word	1076953136
 128 001c 000E3F40 		.word	1077874176
 129              		.cfi_endproc
 130              	.LFE6:
 131              		.size	AnalogSetDefault, .-AnalogSetDefault
ARM GAS  C:\Users\elizavet\AppData\Local\Temp\ccq3Z0Ml.s 			page 8


 132              		.section	.text.CYMEMZERO,"ax",%progbits
 133              		.align	2
 134              		.code	16
 135              		.thumb_func
 136              		.type	CYMEMZERO, %function
 137              	CYMEMZERO:
 138              	.LFB1:
  77:Generated_Source\PSoC4/cyfitter_cfg.c **** 	(void)memset(s, 0, n);
 139              		.loc 1 77 0
 140              		.cfi_startproc
 141              		@ args = 0, pretend = 0, frame = 0
 142              		@ frame_needed = 0, uses_anonymous_args = 0
 143              	.LVL12:
 144 0000 10B5     		push	{r4, lr}
 145              		.cfi_def_cfa_offset 8
 146              		.cfi_offset 4, -8
 147              		.cfi_offset 14, -4
 148 0002 0A00     		movs	r2, r1
  78:Generated_Source\PSoC4/cyfitter_cfg.c **** }
 149              		.loc 1 78 0
 150 0004 0021     		movs	r1, #0
 151              	.LVL13:
 152 0006 FFF7FEFF 		bl	memset
 153              	.LVL14:
  79:Generated_Source\PSoC4/cyfitter_cfg.c **** CY_CFG_UNUSED
 154              		.loc 1 79 0
 155              		@ sp needed
 156 000a 10BD     		pop	{r4, pc}
 157              		.cfi_endproc
 158              	.LFE1:
 159              		.size	CYMEMZERO, .-CYMEMZERO
 160              		.section	.psocinit,"ax",%progbits
 161              		.align	2
 162              		.code	16
 163              		.thumb_func
 164              		.type	ClockSetup, %function
 165              	ClockSetup:
 166              	.LFB5:
 212:Generated_Source\PSoC4/cyfitter_cfg.c **** 
 167              		.loc 1 212 0
 168              		.cfi_startproc
 169              		@ args = 0, pretend = 0, frame = 0
 170              		@ frame_needed = 0, uses_anonymous_args = 0
 171 0000 10B5     		push	{r4, lr}
 172              		.cfi_def_cfa_offset 8
 173              		.cfi_offset 4, -8
 174              		.cfi_offset 14, -4
 215:Generated_Source\PSoC4/cyfitter_cfg.c **** 	/* Setup and trim IMO based on desired frequency. */
 175              		.loc 1 215 0
 176 0002 1222     		movs	r2, #18
 177 0004 114B     		ldr	r3, .L11
 178 0006 1A60     		str	r2, [r3]
 217:Generated_Source\PSoC4/cyfitter_cfg.c **** 	/* CYDEV_CLK_ILO_CONFIG Starting address: CYDEV_CLK_ILO_CONFIG */
 179              		.loc 1 217 0
 180 0008 3020     		movs	r0, #48
 181 000a FFF7FEFF 		bl	CySysClkWriteImoFreq
 182              	.LVL15:
ARM GAS  C:\Users\elizavet\AppData\Local\Temp\ccq3Z0Ml.s 			page 9


 219:Generated_Source\PSoC4/cyfitter_cfg.c **** 
 183              		.loc 1 219 0
 184 000e 104A     		ldr	r2, .L11+4
 185 0010 104B     		ldr	r3, .L11+8
 186 0012 1A60     		str	r2, [r3]
 223:Generated_Source\PSoC4/cyfitter_cfg.c **** 	CY_SET_REG32((void *)CYREG_PERI_DIV_CMD, 0x8000FF40u);
 187              		.loc 1 223 0
 188 0014 104A     		ldr	r2, .L11+12
 189 0016 114B     		ldr	r3, .L11+16
 190 0018 1A60     		str	r2, [r3]
 224:Generated_Source\PSoC4/cyfitter_cfg.c **** 
 191              		.loc 1 224 0
 192 001a 114A     		ldr	r2, .L11+20
 193 001c 114B     		ldr	r3, .L11+24
 194 001e 1A60     		str	r2, [r3]
 227:Generated_Source\PSoC4/cyfitter_cfg.c **** 
 195              		.loc 1 227 0
 196 0020 8022     		movs	r2, #128
 197 0022 1206     		lsls	r2, r2, #24
 198 0024 104B     		ldr	r3, .L11+28
 199 0026 1A60     		str	r2, [r3]
 230:Generated_Source\PSoC4/cyfitter_cfg.c **** 
 200              		.loc 1 230 0
 201 0028 8022     		movs	r2, #128
 202 002a D202     		lsls	r2, r2, #11
 203 002c 0F4B     		ldr	r3, .L11+32
 204 002e 1A60     		str	r2, [r3]
 233:Generated_Source\PSoC4/cyfitter_cfg.c **** 
 205              		.loc 1 233 0
 206 0030 4022     		movs	r2, #64
 207 0032 0F4B     		ldr	r3, .L11+36
 208 0034 1A60     		str	r2, [r3]
 235:Generated_Source\PSoC4/cyfitter_cfg.c **** 	CyIntEnable(7u);
 209              		.loc 1 235 0
 210 0036 0F49     		ldr	r1, .L11+40
 211 0038 0720     		movs	r0, #7
 212 003a FFF7FEFF 		bl	CyIntSetVector
 213              	.LVL16:
 236:Generated_Source\PSoC4/cyfitter_cfg.c **** 	CY_SET_REG32((void *)(CYREG_WDT_CONFIG), 0x00000000u);
 214              		.loc 1 236 0
 215 003e 0720     		movs	r0, #7
 216 0040 FFF7FEFF 		bl	CyIntEnable
 217              	.LVL17:
 237:Generated_Source\PSoC4/cyfitter_cfg.c **** }
 218              		.loc 1 237 0
 219 0044 0022     		movs	r2, #0
 220 0046 0C4B     		ldr	r3, .L11+44
 221 0048 1A60     		str	r2, [r3]
 238:Generated_Source\PSoC4/cyfitter_cfg.c **** 
 222              		.loc 1 238 0
 223              		@ sp needed
 224 004a 10BD     		pop	{r4, pc}
 225              	.L12:
 226              		.align	2
 227              	.L11:
 228 004c 30001040 		.word	1074790448
 229 0050 06000080 		.word	-2147483642
ARM GAS  C:\Users\elizavet\AppData\Local\Temp\ccq3Z0Ml.s 			page 10


 230 0054 04010B40 		.word	1074462980
 231 0058 007FBB00 		.word	12287744
 232 005c 00030140 		.word	1073808128
 233 0060 40FF0080 		.word	-2147418304
 234 0064 00000140 		.word	1073807360
 235 0068 08010B40 		.word	1074462984
 236 006c 00010B40 		.word	1074462976
 237 0070 2C010140 		.word	1073807660
 238 0074 00000000 		.word	CySysWdtIsr
 239 0078 0C020B40 		.word	1074463244
 240              		.cfi_endproc
 241              	.LFE5:
 242              		.size	ClockSetup, .-ClockSetup
 243              		.align	2
 244              		.global	cyfitter_cfg
 245              		.code	16
 246              		.thumb_func
 247              		.type	cyfitter_cfg, %function
 248              	cyfitter_cfg:
 249              	.LFB7:
 266:Generated_Source\PSoC4/cyfitter_cfg.c **** 
 267:Generated_Source\PSoC4/cyfitter_cfg.c **** 
 268:Generated_Source\PSoC4/cyfitter_cfg.c **** 
 269:Generated_Source\PSoC4/cyfitter_cfg.c **** 
 270:Generated_Source\PSoC4/cyfitter_cfg.c **** /*******************************************************************************
 271:Generated_Source\PSoC4/cyfitter_cfg.c **** * Function Name: cyfitter_cfg
 272:Generated_Source\PSoC4/cyfitter_cfg.c **** ********************************************************************************
 273:Generated_Source\PSoC4/cyfitter_cfg.c **** * Summary:
 274:Generated_Source\PSoC4/cyfitter_cfg.c **** *  This function is called by the start-up code for the selected device. It
 275:Generated_Source\PSoC4/cyfitter_cfg.c **** *  performs all of the necessary device configuration based on the design
 276:Generated_Source\PSoC4/cyfitter_cfg.c **** *  settings.  This includes settings from the Design Wide Resources (DWR) such
 277:Generated_Source\PSoC4/cyfitter_cfg.c **** *  as Clocks and Pins as well as any component configuration that is necessary.
 278:Generated_Source\PSoC4/cyfitter_cfg.c **** *
 279:Generated_Source\PSoC4/cyfitter_cfg.c **** * Parameters:
 280:Generated_Source\PSoC4/cyfitter_cfg.c **** *   void
 281:Generated_Source\PSoC4/cyfitter_cfg.c **** *
 282:Generated_Source\PSoC4/cyfitter_cfg.c **** * Return:
 283:Generated_Source\PSoC4/cyfitter_cfg.c **** *   void
 284:Generated_Source\PSoC4/cyfitter_cfg.c **** *
 285:Generated_Source\PSoC4/cyfitter_cfg.c **** *******************************************************************************/
 286:Generated_Source\PSoC4/cyfitter_cfg.c **** CY_CFG_SECTION
 287:Generated_Source\PSoC4/cyfitter_cfg.c **** void cyfitter_cfg(void)
 288:Generated_Source\PSoC4/cyfitter_cfg.c **** {
 250              		.loc 1 288 0
 251              		.cfi_startproc
 252              		@ args = 0, pretend = 0, frame = 0
 253              		@ frame_needed = 0, uses_anonymous_args = 0
 254 007c 10B5     		push	{r4, lr}
 255              		.cfi_def_cfa_offset 8
 256              		.cfi_offset 4, -8
 257              		.cfi_offset 14, -4
 289:Generated_Source\PSoC4/cyfitter_cfg.c **** 	/* Disable interrupts by default. Let user enable if/when they want. */
 290:Generated_Source\PSoC4/cyfitter_cfg.c **** 	CyGlobalIntDisable;
 258              		.loc 1 290 0
 259              		.syntax divided
 260              	@ 290 "Generated_Source\PSoC4\cyfitter_cfg.c" 1
 261 007e 72B6     		CPSID   i
ARM GAS  C:\Users\elizavet\AppData\Local\Temp\ccq3Z0Ml.s 			page 11


 262              	@ 0 "" 2
 263              	.LVL18:
 264              		.thumb
 265              		.syntax unified
 266              	.LBB3:
 291:Generated_Source\PSoC4/cyfitter_cfg.c **** 
 292:Generated_Source\PSoC4/cyfitter_cfg.c **** 	{
 293:Generated_Source\PSoC4/cyfitter_cfg.c **** 		static const uint32 CYCODE cy_cfg_addr_table[] = {
 294:Generated_Source\PSoC4/cyfitter_cfg.c **** 			0x400F3002u, /* Base address: 0x400F3000 Count: 2 */
 295:Generated_Source\PSoC4/cyfitter_cfg.c **** 			0x400F3105u, /* Base address: 0x400F3100 Count: 5 */
 296:Generated_Source\PSoC4/cyfitter_cfg.c **** 			0x400F3303u, /* Base address: 0x400F3300 Count: 3 */
 297:Generated_Source\PSoC4/cyfitter_cfg.c **** 			0x400F4206u, /* Base address: 0x400F4200 Count: 6 */
 298:Generated_Source\PSoC4/cyfitter_cfg.c **** 			0x400F4303u, /* Base address: 0x400F4300 Count: 3 */
 299:Generated_Source\PSoC4/cyfitter_cfg.c **** 		};
 300:Generated_Source\PSoC4/cyfitter_cfg.c **** 
 301:Generated_Source\PSoC4/cyfitter_cfg.c **** 		static const cy_cfg_addrvalue_t CYCODE cy_cfg_data_table[] = {
 302:Generated_Source\PSoC4/cyfitter_cfg.c **** 			{0x5Bu, 0x04u},
 303:Generated_Source\PSoC4/cyfitter_cfg.c **** 			{0x5Fu, 0x01u},
 304:Generated_Source\PSoC4/cyfitter_cfg.c **** 			{0x69u, 0x10u},
 305:Generated_Source\PSoC4/cyfitter_cfg.c **** 			{0x6Au, 0x08u},
 306:Generated_Source\PSoC4/cyfitter_cfg.c **** 			{0x6Bu, 0x01u},
 307:Generated_Source\PSoC4/cyfitter_cfg.c **** 			{0x86u, 0x04u},
 308:Generated_Source\PSoC4/cyfitter_cfg.c **** 			{0xE4u, 0x08u},
 309:Generated_Source\PSoC4/cyfitter_cfg.c **** 			{0xAFu, 0x01u},
 310:Generated_Source\PSoC4/cyfitter_cfg.c **** 			{0xB1u, 0x10u},
 311:Generated_Source\PSoC4/cyfitter_cfg.c **** 			{0xE8u, 0x02u},
 312:Generated_Source\PSoC4/cyfitter_cfg.c **** 			{0x58u, 0x01u},
 313:Generated_Source\PSoC4/cyfitter_cfg.c **** 			{0x60u, 0x20u},
 314:Generated_Source\PSoC4/cyfitter_cfg.c **** 			{0x65u, 0x40u},
 315:Generated_Source\PSoC4/cyfitter_cfg.c **** 			{0x85u, 0x40u},
 316:Generated_Source\PSoC4/cyfitter_cfg.c **** 			{0xD6u, 0x03u},
 317:Generated_Source\PSoC4/cyfitter_cfg.c **** 			{0xD8u, 0x02u},
 318:Generated_Source\PSoC4/cyfitter_cfg.c **** 			{0xACu, 0x01u},
 319:Generated_Source\PSoC4/cyfitter_cfg.c **** 			{0xB0u, 0x20u},
 320:Generated_Source\PSoC4/cyfitter_cfg.c **** 			{0xE8u, 0x01u},
 321:Generated_Source\PSoC4/cyfitter_cfg.c **** 		};
 322:Generated_Source\PSoC4/cyfitter_cfg.c **** 
 323:Generated_Source\PSoC4/cyfitter_cfg.c **** 
 324:Generated_Source\PSoC4/cyfitter_cfg.c **** 
 325:Generated_Source\PSoC4/cyfitter_cfg.c **** 		CYPACKED typedef struct {
 326:Generated_Source\PSoC4/cyfitter_cfg.c **** 			void CYFAR *address;
 327:Generated_Source\PSoC4/cyfitter_cfg.c **** 			uint16 size;
 328:Generated_Source\PSoC4/cyfitter_cfg.c **** 		} CYPACKED_ATTR cfg_memset_t;
 329:Generated_Source\PSoC4/cyfitter_cfg.c **** 
 330:Generated_Source\PSoC4/cyfitter_cfg.c **** 		static const cfg_memset_t CYCODE cfg_memset_list[] = {
 331:Generated_Source\PSoC4/cyfitter_cfg.c **** 			/* address, size */
 332:Generated_Source\PSoC4/cyfitter_cfg.c **** 			{(void CYFAR *)(CYDEV_UDB_P0_U0_BASE), 1024u},
 333:Generated_Source\PSoC4/cyfitter_cfg.c **** 			{(void CYFAR *)(CYDEV_UDB_DSI0_BASE), 1024u},
 334:Generated_Source\PSoC4/cyfitter_cfg.c **** 		};
 335:Generated_Source\PSoC4/cyfitter_cfg.c **** 
 336:Generated_Source\PSoC4/cyfitter_cfg.c **** 		uint8 CYDATA i;
 337:Generated_Source\PSoC4/cyfitter_cfg.c **** 
 338:Generated_Source\PSoC4/cyfitter_cfg.c **** 		/* Zero out critical memory blocks before beginning configuration */
 339:Generated_Source\PSoC4/cyfitter_cfg.c **** 		for (i = 0u; i < (sizeof(cfg_memset_list)/sizeof(cfg_memset_list[0])); i++)
 267              		.loc 1 339 0
 268 0080 0024     		movs	r4, #0
 269 0082 0FE0     		b	.L14
ARM GAS  C:\Users\elizavet\AppData\Local\Temp\ccq3Z0Ml.s 			page 12


 270              	.LVL19:
 271              	.L15:
 272              	.LBB4:
 340:Generated_Source\PSoC4/cyfitter_cfg.c **** 		{
 341:Generated_Source\PSoC4/cyfitter_cfg.c **** 			const cfg_memset_t CYCODE * CYDATA ms = &cfg_memset_list[i];
 342:Generated_Source\PSoC4/cyfitter_cfg.c **** 			CYMEMZERO(ms->address, (size_t)(uint32)(ms->size));
 273              		.loc 1 342 0 discriminator 3
 274 0084 2848     		ldr	r0, .L16
 275 0086 6200     		lsls	r2, r4, #1
 276 0088 1319     		adds	r3, r2, r4
 277 008a 5900     		lsls	r1, r3, #1
 278 008c 0B00     		movs	r3, r1
 279 008e 4118     		adds	r1, r0, r1
 280 0090 8988     		ldrh	r1, [r1, #4]
 281 0092 1A5A     		ldrh	r2, [r3, r0]
 282 0094 C318     		adds	r3, r0, r3
 283 0096 5888     		ldrh	r0, [r3, #2]
 284 0098 0004     		lsls	r0, r0, #16
 285 009a 1043     		orrs	r0, r2
 286 009c FFF7FEFF 		bl	CYMEMZERO
 287              	.LVL20:
 288              	.LBE4:
 339:Generated_Source\PSoC4/cyfitter_cfg.c **** 		{
 289              		.loc 1 339 0 discriminator 3
 290 00a0 0134     		adds	r4, r4, #1
 291              	.LVL21:
 292 00a2 E4B2     		uxtb	r4, r4
 293              	.LVL22:
 294              	.L14:
 339:Generated_Source\PSoC4/cyfitter_cfg.c **** 		{
 295              		.loc 1 339 0 is_stmt 0 discriminator 1
 296 00a4 012C     		cmp	r4, #1
 297 00a6 EDD9     		bls	.L15
 343:Generated_Source\PSoC4/cyfitter_cfg.c **** 		}
 344:Generated_Source\PSoC4/cyfitter_cfg.c **** 
 345:Generated_Source\PSoC4/cyfitter_cfg.c **** 		cfg_write_bytes32(cy_cfg_addr_table, cy_cfg_data_table);
 298              		.loc 1 345 0 is_stmt 1
 299 00a8 1F48     		ldr	r0, .L16
 300 00aa 0100     		movs	r1, r0
 301 00ac 0C31     		adds	r1, r1, #12
 302 00ae 3430     		adds	r0, r0, #52
 303 00b0 FFF7FEFF 		bl	cfg_write_bytes32
 304              	.LVL23:
 346:Generated_Source\PSoC4/cyfitter_cfg.c **** 
 347:Generated_Source\PSoC4/cyfitter_cfg.c **** 		/* HSIOM Starting address: CYDEV_HSIOM_BASE */
 348:Generated_Source\PSoC4/cyfitter_cfg.c **** 		CY_SET_REG32((void *)(CYREG_HSIOM_PORT_SEL2), 0x03330000u);
 305              		.loc 1 348 0
 306 00b4 1D4A     		ldr	r2, .L16+4
 307 00b6 1E4B     		ldr	r3, .L16+8
 308 00b8 1A60     		str	r2, [r3]
 349:Generated_Source\PSoC4/cyfitter_cfg.c **** 		CY_SET_REG32((void *)(CYREG_HSIOM_PORT_SEL3), 0x0000EE00u);
 309              		.loc 1 349 0
 310 00ba EE22     		movs	r2, #238
 311 00bc 1202     		lsls	r2, r2, #8
 312 00be 1D4B     		ldr	r3, .L16+12
 313 00c0 1A60     		str	r2, [r3]
 350:Generated_Source\PSoC4/cyfitter_cfg.c **** 
ARM GAS  C:\Users\elizavet\AppData\Local\Temp\ccq3Z0Ml.s 			page 13


 351:Generated_Source\PSoC4/cyfitter_cfg.c **** 		/* UDB_PA_0 Starting address: CYDEV_UDB_PA0_BASE */
 352:Generated_Source\PSoC4/cyfitter_cfg.c **** 		CY_SET_REG32((void *)(CYDEV_UDB_PA0_BASE), 0x00990000u);
 314              		.loc 1 352 0
 315 00c2 9923     		movs	r3, #153
 316 00c4 1B04     		lsls	r3, r3, #16
 317 00c6 1C4A     		ldr	r2, .L16+16
 318 00c8 1360     		str	r3, [r2]
 353:Generated_Source\PSoC4/cyfitter_cfg.c **** 
 354:Generated_Source\PSoC4/cyfitter_cfg.c **** 		/* UDB_PA_2 Starting address: CYDEV_UDB_PA2_BASE */
 355:Generated_Source\PSoC4/cyfitter_cfg.c **** 		CY_SET_REG32((void *)(CYDEV_UDB_PA2_BASE), 0x00990000u);
 319              		.loc 1 355 0
 320 00ca 1C4A     		ldr	r2, .L16+20
 321 00cc 1360     		str	r3, [r2]
 356:Generated_Source\PSoC4/cyfitter_cfg.c **** 		CY_SET_REG32((void *)(CYREG_UDB_PA2_CFG8), 0xD8000000u);
 322              		.loc 1 356 0
 323 00ce D821     		movs	r1, #216
 324 00d0 0906     		lsls	r1, r1, #24
 325 00d2 1B4A     		ldr	r2, .L16+24
 326 00d4 1160     		str	r1, [r2]
 357:Generated_Source\PSoC4/cyfitter_cfg.c **** 
 358:Generated_Source\PSoC4/cyfitter_cfg.c **** 		/* UDB_PA_3 Starting address: CYDEV_UDB_PA3_BASE */
 359:Generated_Source\PSoC4/cyfitter_cfg.c **** 		CY_SET_REG32((void *)(CYDEV_UDB_PA3_BASE), 0x00990000u);
 327              		.loc 1 359 0
 328 00d6 1B4A     		ldr	r2, .L16+28
 329 00d8 1360     		str	r3, [r2]
 360:Generated_Source\PSoC4/cyfitter_cfg.c **** 
 361:Generated_Source\PSoC4/cyfitter_cfg.c **** 		/* Enable UDB array and digital routing */
 362:Generated_Source\PSoC4/cyfitter_cfg.c **** 		CY_SET_XTND_REG8((void *)CYREG_UDB_UDBIF_WAIT_CFG, (uint8)((CY_GET_XTND_REG8((void *)CYREG_UDB_UD
 330              		.loc 1 362 0
 331 00da 1B49     		ldr	r1, .L16+32
 332 00dc 0B78     		ldrb	r3, [r1]
 333 00de 3C22     		movs	r2, #60
 334 00e0 9343     		bics	r3, r2
 335 00e2 1422     		movs	r2, #20
 336 00e4 1343     		orrs	r3, r2
 337 00e6 DBB2     		uxtb	r3, r3
 338 00e8 0B70     		strb	r3, [r1]
 363:Generated_Source\PSoC4/cyfitter_cfg.c **** 		CY_SET_XTND_REG8((void *)CYREG_UDB_UDBIF_BANK_CTL, (uint8)(CY_GET_XTND_REG8((void *)CYREG_UDB_UDB
 339              		.loc 1 363 0
 340 00ea 184A     		ldr	r2, .L16+36
 341 00ec 1178     		ldrb	r1, [r2]
 342 00ee 1623     		movs	r3, #22
 343 00f0 0B43     		orrs	r3, r1
 344 00f2 DBB2     		uxtb	r3, r3
 345 00f4 1370     		strb	r3, [r2]
 346              	.LBE3:
 364:Generated_Source\PSoC4/cyfitter_cfg.c **** 	}
 365:Generated_Source\PSoC4/cyfitter_cfg.c **** 
 366:Generated_Source\PSoC4/cyfitter_cfg.c **** 	/* Perform second pass device configuration. These items must be configured in specific order afte
 367:Generated_Source\PSoC4/cyfitter_cfg.c **** 	/* IOPINS0_0 Starting address: CYDEV_GPIO_PRT0_BASE */
 368:Generated_Source\PSoC4/cyfitter_cfg.c **** 	CY_SET_REG32((void *)(CYREG_GPIO_PRT0_PC), 0x00600000u);
 347              		.loc 1 368 0
 348 00f6 C022     		movs	r2, #192
 349 00f8 D203     		lsls	r2, r2, #15
 350 00fa 154B     		ldr	r3, .L16+40
 351 00fc 1A60     		str	r2, [r3]
 369:Generated_Source\PSoC4/cyfitter_cfg.c **** 	CY_SET_REG32((void *)(CYREG_GPIO_PRT0_INTR_CFG), 0x00008000u);
ARM GAS  C:\Users\elizavet\AppData\Local\Temp\ccq3Z0Ml.s 			page 14


 352              		.loc 1 369 0
 353 00fe 8022     		movs	r2, #128
 354 0100 1202     		lsls	r2, r2, #8
 355 0102 144B     		ldr	r3, .L16+44
 356 0104 1A60     		str	r2, [r3]
 370:Generated_Source\PSoC4/cyfitter_cfg.c **** 
 371:Generated_Source\PSoC4/cyfitter_cfg.c **** 	/* IOPINS0_2 Starting address: CYDEV_GPIO_PRT2_BASE */
 372:Generated_Source\PSoC4/cyfitter_cfg.c **** 	CY_SET_REG32((void *)(CYDEV_GPIO_PRT2_BASE), 0x00000070u);
 357              		.loc 1 372 0
 358 0106 7022     		movs	r2, #112
 359 0108 134B     		ldr	r3, .L16+48
 360 010a 1A60     		str	r2, [r3]
 373:Generated_Source\PSoC4/cyfitter_cfg.c **** 	CY_SET_REG32((void *)(CYREG_GPIO_PRT2_PC), 0x001B6000u);
 361              		.loc 1 373 0
 362 010c DB22     		movs	r2, #219
 363 010e 5203     		lsls	r2, r2, #13
 364 0110 124B     		ldr	r3, .L16+52
 365 0112 1A60     		str	r2, [r3]
 374:Generated_Source\PSoC4/cyfitter_cfg.c **** 
 375:Generated_Source\PSoC4/cyfitter_cfg.c **** 	/* IOPINS0_3 Starting address: CYDEV_GPIO_PRT3_BASE */
 376:Generated_Source\PSoC4/cyfitter_cfg.c **** 	CY_SET_REG32((void *)(CYREG_GPIO_PRT3_PC), 0x00000D80u);
 366              		.loc 1 376 0
 367 0114 D822     		movs	r2, #216
 368 0116 1201     		lsls	r2, r2, #4
 369 0118 114B     		ldr	r3, .L16+56
 370 011a 1A60     		str	r2, [r3]
 377:Generated_Source\PSoC4/cyfitter_cfg.c **** 
 378:Generated_Source\PSoC4/cyfitter_cfg.c **** 
 379:Generated_Source\PSoC4/cyfitter_cfg.c **** 	/* Setup clocks based on selections from Clock DWR */
 380:Generated_Source\PSoC4/cyfitter_cfg.c **** 	ClockSetup();
 371              		.loc 1 380 0
 372 011c FFF770FF 		bl	ClockSetup
 373              	.LVL24:
 381:Generated_Source\PSoC4/cyfitter_cfg.c **** 
 382:Generated_Source\PSoC4/cyfitter_cfg.c **** 	/* Perform basic analog initialization to defaults */
 383:Generated_Source\PSoC4/cyfitter_cfg.c **** 	AnalogSetDefault();
 374              		.loc 1 383 0
 375 0120 FFF7FEFF 		bl	AnalogSetDefault
 376              	.LVL25:
 384:Generated_Source\PSoC4/cyfitter_cfg.c **** 
 385:Generated_Source\PSoC4/cyfitter_cfg.c **** }
 377              		.loc 1 385 0
 378              		@ sp needed
 379              	.LVL26:
 380 0124 10BD     		pop	{r4, pc}
 381              	.L17:
 382 0126 C046     		.align	2
 383              	.L16:
 384 0128 00000000 		.word	.LANCHOR0
 385 012c 00003303 		.word	53673984
 386 0130 00020240 		.word	1073873408
 387 0134 00030240 		.word	1073873664
 388 0138 00500F40 		.word	1074745344
 389 013c 20500F40 		.word	1074745376
 390 0140 28500F40 		.word	1074745384
 391 0144 30500F40 		.word	1074745392
 392 0148 01700F40 		.word	1074753537
ARM GAS  C:\Users\elizavet\AppData\Local\Temp\ccq3Z0Ml.s 			page 15


 393 014c 00700F40 		.word	1074753536
 394 0150 08000440 		.word	1074003976
 395 0154 0C000440 		.word	1074003980
 396 0158 00020440 		.word	1074004480
 397 015c 08020440 		.word	1074004488
 398 0160 08030440 		.word	1074004744
 399              		.cfi_endproc
 400              	.LFE7:
 401              		.size	cyfitter_cfg, .-cyfitter_cfg
 402              		.section	.rodata
 403              		.align	2
 404              		.set	.LANCHOR0,. + 0
 405              		.type	cfg_memset_list.4911, %object
 406              		.size	cfg_memset_list.4911, 12
 407              	cfg_memset_list.4911:
 408 0000 00300F40 		.word	1074737152
 409 0004 0004     		.short	1024
 410 0006 00400F40 		.4byte	1074741248
 411 000a 0004     		.short	1024
 412              		.type	cy_cfg_data_table.4906, %object
 413              		.size	cy_cfg_data_table.4906, 38
 414              	cy_cfg_data_table.4906:
 415 000c 5B       		.byte	91
 416 000d 04       		.byte	4
 417 000e 5F       		.byte	95
 418 000f 01       		.byte	1
 419 0010 69       		.byte	105
 420 0011 10       		.byte	16
 421 0012 6A       		.byte	106
 422 0013 08       		.byte	8
 423 0014 6B       		.byte	107
 424 0015 01       		.byte	1
 425 0016 86       		.byte	-122
 426 0017 04       		.byte	4
 427 0018 E4       		.byte	-28
 428 0019 08       		.byte	8
 429 001a AF       		.byte	-81
 430 001b 01       		.byte	1
 431 001c B1       		.byte	-79
 432 001d 10       		.byte	16
 433 001e E8       		.byte	-24
 434 001f 02       		.byte	2
 435 0020 58       		.byte	88
 436 0021 01       		.byte	1
 437 0022 60       		.byte	96
 438 0023 20       		.byte	32
 439 0024 65       		.byte	101
 440 0025 40       		.byte	64
 441 0026 85       		.byte	-123
 442 0027 40       		.byte	64
 443 0028 D6       		.byte	-42
 444 0029 03       		.byte	3
 445 002a D8       		.byte	-40
 446 002b 02       		.byte	2
 447 002c AC       		.byte	-84
 448 002d 01       		.byte	1
 449 002e B0       		.byte	-80
ARM GAS  C:\Users\elizavet\AppData\Local\Temp\ccq3Z0Ml.s 			page 16


 450 002f 20       		.byte	32
 451 0030 E8       		.byte	-24
 452 0031 01       		.byte	1
 453 0032 0000     		.space	2
 454              		.type	cy_cfg_addr_table.4905, %object
 455              		.size	cy_cfg_addr_table.4905, 20
 456              	cy_cfg_addr_table.4905:
 457 0034 02300F40 		.word	1074737154
 458 0038 05310F40 		.word	1074737413
 459 003c 03330F40 		.word	1074737923
 460 0040 06420F40 		.word	1074741766
 461 0044 03430F40 		.word	1074742019
 462              		.text
 463              	.Letext0:
 464              		.file 2 "c:\\program files (x86)\\cypress\\psoc creator\\4.4\\psoc creator\\import\\gnu\\arm\\5.4.
 465              		.file 3 "Generated_Source\\PSoC4\\cytypes.h"
 466              		.file 4 "Generated_Source\\PSoC4\\CyLib.h"
 467              		.section	.debug_info,"",%progbits
 468              	.Ldebug_info0:
 469 0000 B8030000 		.4byte	0x3b8
 470 0004 0400     		.2byte	0x4
 471 0006 00000000 		.4byte	.Ldebug_abbrev0
 472 000a 04       		.byte	0x4
 473 000b 01       		.uleb128 0x1
 474 000c 8E010000 		.4byte	.LASF39
 475 0010 0C       		.byte	0xc
 476 0011 BB020000 		.4byte	.LASF40
 477 0015 15010000 		.4byte	.LASF41
 478 0019 00000000 		.4byte	.Ldebug_ranges0+0
 479 001d 00000000 		.4byte	0
 480 0021 00000000 		.4byte	.Ldebug_line0
 481 0025 02       		.uleb128 0x2
 482 0026 04       		.byte	0x4
 483 0027 05       		.byte	0x5
 484 0028 696E7400 		.ascii	"int\000"
 485 002c 03       		.uleb128 0x3
 486 002d 06000000 		.4byte	.LASF12
 487 0031 02       		.byte	0x2
 488 0032 D8       		.byte	0xd8
 489 0033 37000000 		.4byte	0x37
 490 0037 04       		.uleb128 0x4
 491 0038 04       		.byte	0x4
 492 0039 07       		.byte	0x7
 493 003a 08010000 		.4byte	.LASF0
 494 003e 04       		.uleb128 0x4
 495 003f 08       		.byte	0x8
 496 0040 05       		.byte	0x5
 497 0041 4E020000 		.4byte	.LASF1
 498 0045 04       		.uleb128 0x4
 499 0046 08       		.byte	0x8
 500 0047 04       		.byte	0x4
 501 0048 A3020000 		.4byte	.LASF2
 502 004c 04       		.uleb128 0x4
 503 004d 01       		.byte	0x1
 504 004e 06       		.byte	0x6
 505 004f AF020000 		.4byte	.LASF3
 506 0053 04       		.uleb128 0x4
ARM GAS  C:\Users\elizavet\AppData\Local\Temp\ccq3Z0Ml.s 			page 17


 507 0054 01       		.byte	0x1
 508 0055 08       		.byte	0x8
 509 0056 AA000000 		.4byte	.LASF4
 510 005a 04       		.uleb128 0x4
 511 005b 02       		.byte	0x2
 512 005c 05       		.byte	0x5
 513 005d 7B020000 		.4byte	.LASF5
 514 0061 04       		.uleb128 0x4
 515 0062 02       		.byte	0x2
 516 0063 07       		.byte	0x7
 517 0064 3B020000 		.4byte	.LASF6
 518 0068 04       		.uleb128 0x4
 519 0069 04       		.byte	0x4
 520 006a 05       		.byte	0x5
 521 006b 9A020000 		.4byte	.LASF7
 522 006f 04       		.uleb128 0x4
 523 0070 04       		.byte	0x4
 524 0071 07       		.byte	0x7
 525 0072 88000000 		.4byte	.LASF8
 526 0076 04       		.uleb128 0x4
 527 0077 08       		.byte	0x8
 528 0078 07       		.byte	0x7
 529 0079 77010000 		.4byte	.LASF9
 530 007d 04       		.uleb128 0x4
 531 007e 04       		.byte	0x4
 532 007f 07       		.byte	0x7
 533 0080 32020000 		.4byte	.LASF10
 534 0084 05       		.uleb128 0x5
 535 0085 04       		.byte	0x4
 536 0086 04       		.uleb128 0x4
 537 0087 01       		.byte	0x1
 538 0088 08       		.byte	0x8
 539 0089 5C020000 		.4byte	.LASF11
 540 008d 06       		.uleb128 0x6
 541 008e 9A000000 		.4byte	.LASF13
 542 0092 03       		.byte	0x3
 543 0093 F701     		.2byte	0x1f7
 544 0095 53000000 		.4byte	0x53
 545 0099 06       		.uleb128 0x6
 546 009a EF000000 		.4byte	.LASF14
 547 009e 03       		.byte	0x3
 548 009f F801     		.2byte	0x1f8
 549 00a1 61000000 		.4byte	0x61
 550 00a5 06       		.uleb128 0x6
 551 00a6 01010000 		.4byte	.LASF15
 552 00aa 03       		.byte	0x3
 553 00ab F901     		.2byte	0x1f9
 554 00ad 6F000000 		.4byte	0x6f
 555 00b1 04       		.uleb128 0x4
 556 00b2 04       		.byte	0x4
 557 00b3 04       		.byte	0x4
 558 00b4 68000000 		.4byte	.LASF16
 559 00b8 04       		.uleb128 0x4
 560 00b9 08       		.byte	0x8
 561 00ba 04       		.byte	0x4
 562 00bb BF000000 		.4byte	.LASF17
 563 00bf 06       		.uleb128 0x6
ARM GAS  C:\Users\elizavet\AppData\Local\Temp\ccq3Z0Ml.s 			page 18


 564 00c0 83000000 		.4byte	.LASF18
 565 00c4 03       		.byte	0x3
 566 00c5 A102     		.2byte	0x2a1
 567 00c7 CB000000 		.4byte	0xcb
 568 00cb 07       		.uleb128 0x7
 569 00cc 8D000000 		.4byte	0x8d
 570 00d0 06       		.uleb128 0x6
 571 00d1 00000000 		.4byte	.LASF19
 572 00d5 03       		.byte	0x3
 573 00d6 A302     		.2byte	0x2a3
 574 00d8 DC000000 		.4byte	0xdc
 575 00dc 07       		.uleb128 0x7
 576 00dd A5000000 		.4byte	0xa5
 577 00e1 08       		.uleb128 0x8
 578 00e2 02       		.byte	0x2
 579 00e3 01       		.byte	0x1
 580 00e4 97       		.byte	0x97
 581 00e5 02010000 		.4byte	0x102
 582 00e9 09       		.uleb128 0x9
 583 00ea 74020000 		.4byte	.LASF20
 584 00ee 01       		.byte	0x1
 585 00ef 99       		.byte	0x99
 586 00f0 8D000000 		.4byte	0x8d
 587 00f4 00       		.byte	0
 588 00f5 09       		.uleb128 0x9
 589 00f6 2D000000 		.4byte	.LASF21
 590 00fa 01       		.byte	0x1
 591 00fb 9A       		.byte	0x9a
 592 00fc 8D000000 		.4byte	0x8d
 593 0100 01       		.byte	0x1
 594 0101 00       		.byte	0
 595 0102 03       		.uleb128 0x3
 596 0103 61020000 		.4byte	.LASF22
 597 0107 01       		.byte	0x1
 598 0108 9B       		.byte	0x9b
 599 0109 E1000000 		.4byte	0xe1
 600 010d 0A       		.uleb128 0xa
 601 010e C6000000 		.4byte	.LASF27
 602 0112 01       		.byte	0x1
 603 0113 AE       		.byte	0xae
 604 0114 00000000 		.4byte	.LFB4
 605 0118 32000000 		.4byte	.LFE4-.LFB4
 606 011c 01       		.uleb128 0x1
 607 011d 9C       		.byte	0x9c
 608 011e 7F010000 		.4byte	0x17f
 609 0122 0B       		.uleb128 0xb
 610 0123 E4000000 		.4byte	.LASF23
 611 0127 01       		.byte	0x1
 612 0128 AE       		.byte	0xae
 613 0129 7F010000 		.4byte	0x17f
 614 012d 01       		.uleb128 0x1
 615 012e 50       		.byte	0x50
 616 012f 0B       		.uleb128 0xb
 617 0130 F6000000 		.4byte	.LASF24
 618 0134 01       		.byte	0x1
 619 0135 AE       		.byte	0xae
 620 0136 8A010000 		.4byte	0x18a
ARM GAS  C:\Users\elizavet\AppData\Local\Temp\ccq3Z0Ml.s 			page 19


 621 013a 01       		.uleb128 0x1
 622 013b 51       		.byte	0x51
 623 013c 0C       		.uleb128 0xc
 624 013d 6900     		.ascii	"i\000"
 625 013f 01       		.byte	0x1
 626 0140 B1       		.byte	0xb1
 627 0141 A5000000 		.4byte	0xa5
 628 0145 00000000 		.4byte	.LLST0
 629 0149 0C       		.uleb128 0xc
 630 014a 6A00     		.ascii	"j\000"
 631 014c 01       		.byte	0x1
 632 014d B1       		.byte	0xb1
 633 014e A5000000 		.4byte	0xa5
 634 0152 1F000000 		.4byte	.LLST1
 635 0156 0D       		.uleb128 0xd
 636 0157 08000000 		.4byte	.LBB2
 637 015b 22000000 		.4byte	.LBE2-.LBB2
 638 015f 0E       		.uleb128 0xe
 639 0160 29020000 		.4byte	.LASF25
 640 0164 01       		.byte	0x1
 641 0165 B4       		.byte	0xb4
 642 0166 A5000000 		.4byte	0xa5
 643 016a 3E000000 		.4byte	.LLST2
 644 016e 0E       		.uleb128 0xe
 645 016f 33000000 		.4byte	.LASF26
 646 0173 01       		.byte	0x1
 647 0174 B5       		.byte	0xb5
 648 0175 8D000000 		.4byte	0x8d
 649 0179 51000000 		.4byte	.LLST3
 650 017d 00       		.byte	0
 651 017e 00       		.byte	0
 652 017f 0F       		.uleb128 0xf
 653 0180 04       		.byte	0x4
 654 0181 85010000 		.4byte	0x185
 655 0185 10       		.uleb128 0x10
 656 0186 A5000000 		.4byte	0xa5
 657 018a 0F       		.uleb128 0xf
 658 018b 04       		.byte	0x4
 659 018c 90010000 		.4byte	0x190
 660 0190 10       		.uleb128 0x10
 661 0191 02010000 		.4byte	0x102
 662 0195 11       		.uleb128 0x11
 663 0196 0D000000 		.4byte	.LASF42
 664 019a 01       		.byte	0x1
 665 019b 0401     		.2byte	0x104
 666 019d 00000000 		.4byte	.LFB6
 667 01a1 20000000 		.4byte	.LFE6-.LFB6
 668 01a5 01       		.uleb128 0x1
 669 01a6 9C       		.byte	0x9c
 670 01a7 0A       		.uleb128 0xa
 671 01a8 A0000000 		.4byte	.LASF28
 672 01ac 01       		.byte	0x1
 673 01ad 4C       		.byte	0x4c
 674 01ae 00000000 		.4byte	.LFB1
 675 01b2 0C000000 		.4byte	.LFE1-.LFB1
 676 01b6 01       		.uleb128 0x1
 677 01b7 9C       		.byte	0x9c
ARM GAS  C:\Users\elizavet\AppData\Local\Temp\ccq3Z0Ml.s 			page 20


 678 01b8 F4010000 		.4byte	0x1f4
 679 01bc 12       		.uleb128 0x12
 680 01bd 7300     		.ascii	"s\000"
 681 01bf 01       		.byte	0x1
 682 01c0 4C       		.byte	0x4c
 683 01c1 84000000 		.4byte	0x84
 684 01c5 6F000000 		.4byte	.LLST4
 685 01c9 12       		.uleb128 0x12
 686 01ca 6E00     		.ascii	"n\000"
 687 01cc 01       		.byte	0x1
 688 01cd 4C       		.byte	0x4c
 689 01ce 2C000000 		.4byte	0x2c
 690 01d2 90000000 		.4byte	.LLST5
 691 01d6 13       		.uleb128 0x13
 692 01d7 0A000000 		.4byte	.LVL14
 693 01db 91030000 		.4byte	0x391
 694 01df 14       		.uleb128 0x14
 695 01e0 01       		.uleb128 0x1
 696 01e1 50       		.byte	0x50
 697 01e2 03       		.uleb128 0x3
 698 01e3 F3       		.byte	0xf3
 699 01e4 01       		.uleb128 0x1
 700 01e5 50       		.byte	0x50
 701 01e6 14       		.uleb128 0x14
 702 01e7 01       		.uleb128 0x1
 703 01e8 51       		.byte	0x51
 704 01e9 01       		.uleb128 0x1
 705 01ea 30       		.byte	0x30
 706 01eb 14       		.uleb128 0x14
 707 01ec 01       		.uleb128 0x1
 708 01ed 52       		.byte	0x52
 709 01ee 03       		.uleb128 0x3
 710 01ef F3       		.byte	0xf3
 711 01f0 01       		.uleb128 0x1
 712 01f1 51       		.byte	0x51
 713 01f2 00       		.byte	0
 714 01f3 00       		.byte	0
 715 01f4 0A       		.uleb128 0xa
 716 01f5 39000000 		.4byte	.LASF29
 717 01f9 01       		.byte	0x1
 718 01fa D3       		.byte	0xd3
 719 01fb 00000000 		.4byte	.LFB5
 720 01ff 7C000000 		.4byte	.LFE5-.LFB5
 721 0203 01       		.uleb128 0x1
 722 0204 9C       		.byte	0x9c
 723 0205 40020000 		.4byte	0x240
 724 0209 15       		.uleb128 0x15
 725 020a 0E000000 		.4byte	.LVL15
 726 020e 9A030000 		.4byte	0x39a
 727 0212 1D020000 		.4byte	0x21d
 728 0216 14       		.uleb128 0x14
 729 0217 01       		.uleb128 0x1
 730 0218 50       		.byte	0x50
 731 0219 02       		.uleb128 0x2
 732 021a 08       		.byte	0x8
 733 021b 30       		.byte	0x30
 734 021c 00       		.byte	0
ARM GAS  C:\Users\elizavet\AppData\Local\Temp\ccq3Z0Ml.s 			page 21


 735 021d 15       		.uleb128 0x15
 736 021e 3E000000 		.4byte	.LVL16
 737 0222 A5030000 		.4byte	0x3a5
 738 0226 30020000 		.4byte	0x230
 739 022a 14       		.uleb128 0x14
 740 022b 01       		.uleb128 0x1
 741 022c 50       		.byte	0x50
 742 022d 01       		.uleb128 0x1
 743 022e 37       		.byte	0x37
 744 022f 00       		.byte	0
 745 0230 13       		.uleb128 0x13
 746 0231 44000000 		.4byte	.LVL17
 747 0235 B0030000 		.4byte	0x3b0
 748 0239 14       		.uleb128 0x14
 749 023a 01       		.uleb128 0x1
 750 023b 50       		.byte	0x50
 751 023c 01       		.uleb128 0x1
 752 023d 37       		.byte	0x37
 753 023e 00       		.byte	0
 754 023f 00       		.byte	0
 755 0240 16       		.uleb128 0x16
 756 0241 62010000 		.4byte	.LASF43
 757 0245 01       		.byte	0x1
 758 0246 1F01     		.2byte	0x11f
 759 0248 7C000000 		.4byte	.LFB7
 760 024c E8000000 		.4byte	.LFE7-.LFB7
 761 0250 01       		.uleb128 0x1
 762 0251 9C       		.byte	0x9c
 763 0252 67030000 		.4byte	0x367
 764 0256 17       		.uleb128 0x17
 765 0257 80000000 		.4byte	.LBB3
 766 025b 76000000 		.4byte	.LBE3-.LBB3
 767 025f 54030000 		.4byte	0x354
 768 0263 18       		.uleb128 0x18
 769 0264 44000000 		.4byte	.LASF30
 770 0268 01       		.byte	0x1
 771 0269 2501     		.2byte	0x125
 772 026b 77030000 		.4byte	0x377
 773 026f 05       		.uleb128 0x5
 774 0270 03       		.byte	0x3
 775 0271 34000000 		.4byte	cy_cfg_addr_table.4905
 776 0275 18       		.uleb128 0x18
 777 0276 56000000 		.4byte	.LASF31
 778 027a 01       		.byte	0x1
 779 027b 2D01     		.2byte	0x12d
 780 027d 8C030000 		.4byte	0x38c
 781 0281 05       		.uleb128 0x5
 782 0282 03       		.byte	0x3
 783 0283 0C000000 		.4byte	cy_cfg_data_table.4906
 784 0287 19       		.uleb128 0x19
 785 0288 06       		.byte	0x6
 786 0289 01       		.byte	0x1
 787 028a 4501     		.2byte	0x145
 788 028c AB020000 		.4byte	0x2ab
 789 0290 1A       		.uleb128 0x1a
 790 0291 6F010000 		.4byte	.LASF32
 791 0295 01       		.byte	0x1
ARM GAS  C:\Users\elizavet\AppData\Local\Temp\ccq3Z0Ml.s 			page 22


 792 0296 4601     		.2byte	0x146
 793 0298 84000000 		.4byte	0x84
 794 029c 00       		.byte	0
 795 029d 1A       		.uleb128 0x1a
 796 029e 7E000000 		.4byte	.LASF33
 797 02a2 01       		.byte	0x1
 798 02a3 4701     		.2byte	0x147
 799 02a5 99000000 		.4byte	0x99
 800 02a9 04       		.byte	0x4
 801 02aa 00       		.byte	0
 802 02ab 06       		.uleb128 0x6
 803 02ac 1C020000 		.4byte	.LASF34
 804 02b0 01       		.byte	0x1
 805 02b1 4801     		.2byte	0x148
 806 02b3 87020000 		.4byte	0x287
 807 02b7 1B       		.uleb128 0x1b
 808 02b8 C7020000 		.4byte	0x2c7
 809 02bc C7020000 		.4byte	0x2c7
 810 02c0 1C       		.uleb128 0x1c
 811 02c1 7D000000 		.4byte	0x7d
 812 02c5 01       		.byte	0x1
 813 02c6 00       		.byte	0
 814 02c7 10       		.uleb128 0x10
 815 02c8 AB020000 		.4byte	0x2ab
 816 02cc 18       		.uleb128 0x18
 817 02cd 6E000000 		.4byte	.LASF35
 818 02d1 01       		.byte	0x1
 819 02d2 4A01     		.2byte	0x14a
 820 02d4 DE020000 		.4byte	0x2de
 821 02d8 05       		.uleb128 0x5
 822 02d9 03       		.byte	0x3
 823 02da 00000000 		.4byte	cfg_memset_list.4911
 824 02de 10       		.uleb128 0x10
 825 02df B7020000 		.4byte	0x2b7
 826 02e3 1D       		.uleb128 0x1d
 827 02e4 6900     		.ascii	"i\000"
 828 02e6 01       		.byte	0x1
 829 02e7 5001     		.2byte	0x150
 830 02e9 8D000000 		.4byte	0x8d
 831 02ed BC000000 		.4byte	.LLST6
 832 02f1 17       		.uleb128 0x17
 833 02f2 84000000 		.4byte	.LBB4
 834 02f6 1C000000 		.4byte	.LBE4-.LBB4
 835 02fa 37030000 		.4byte	0x337
 836 02fe 1D       		.uleb128 0x1d
 837 02ff 6D7300   		.ascii	"ms\000"
 838 0302 01       		.byte	0x1
 839 0303 5501     		.2byte	0x155
 840 0305 0D030000 		.4byte	0x30d
 841 0309 E6000000 		.4byte	.LLST7
 842 030d 0F       		.uleb128 0xf
 843 030e 04       		.byte	0x4
 844 030f C7020000 		.4byte	0x2c7
 845 0313 13       		.uleb128 0x13
 846 0314 A0000000 		.4byte	.LVL20
 847 0318 A7010000 		.4byte	0x1a7
 848 031c 14       		.uleb128 0x14
ARM GAS  C:\Users\elizavet\AppData\Local\Temp\ccq3Z0Ml.s 			page 23


 849 031d 01       		.uleb128 0x1
 850 031e 51       		.byte	0x51
 851 031f 15       		.uleb128 0x15
 852 0320 74       		.byte	0x74
 853 0321 00       		.sleb128 0
 854 0322 31       		.byte	0x31
 855 0323 24       		.byte	0x24
 856 0324 74       		.byte	0x74
 857 0325 00       		.sleb128 0
 858 0326 22       		.byte	0x22
 859 0327 31       		.byte	0x31
 860 0328 24       		.byte	0x24
 861 0329 03       		.byte	0x3
 862 032a 04000000 		.4byte	.LANCHOR0+4
 863 032e 22       		.byte	0x22
 864 032f 94       		.byte	0x94
 865 0330 02       		.byte	0x2
 866 0331 0A       		.byte	0xa
 867 0332 FFFF     		.2byte	0xffff
 868 0334 1A       		.byte	0x1a
 869 0335 00       		.byte	0
 870 0336 00       		.byte	0
 871 0337 13       		.uleb128 0x13
 872 0338 B4000000 		.4byte	.LVL23
 873 033c 0D010000 		.4byte	0x10d
 874 0340 14       		.uleb128 0x14
 875 0341 01       		.uleb128 0x1
 876 0342 50       		.byte	0x50
 877 0343 05       		.uleb128 0x5
 878 0344 03       		.byte	0x3
 879 0345 34000000 		.4byte	.LANCHOR0+52
 880 0349 14       		.uleb128 0x14
 881 034a 01       		.uleb128 0x1
 882 034b 51       		.byte	0x51
 883 034c 05       		.uleb128 0x5
 884 034d 03       		.byte	0x3
 885 034e 0C000000 		.4byte	.LANCHOR0+12
 886 0352 00       		.byte	0
 887 0353 00       		.byte	0
 888 0354 1E       		.uleb128 0x1e
 889 0355 20010000 		.4byte	.LVL24
 890 0359 F4010000 		.4byte	0x1f4
 891 035d 1E       		.uleb128 0x1e
 892 035e 24010000 		.4byte	.LVL25
 893 0362 95010000 		.4byte	0x195
 894 0366 00       		.byte	0
 895 0367 1B       		.uleb128 0x1b
 896 0368 85010000 		.4byte	0x185
 897 036c 77030000 		.4byte	0x377
 898 0370 1C       		.uleb128 0x1c
 899 0371 7D000000 		.4byte	0x7d
 900 0375 04       		.byte	0x4
 901 0376 00       		.byte	0
 902 0377 10       		.uleb128 0x10
 903 0378 67030000 		.4byte	0x367
 904 037c 1B       		.uleb128 0x1b
 905 037d 90010000 		.4byte	0x190
ARM GAS  C:\Users\elizavet\AppData\Local\Temp\ccq3Z0Ml.s 			page 24


 906 0381 8C030000 		.4byte	0x38c
 907 0385 1C       		.uleb128 0x1c
 908 0386 7D000000 		.4byte	0x7d
 909 038a 12       		.byte	0x12
 910 038b 00       		.byte	0
 911 038c 10       		.uleb128 0x10
 912 038d 7C030000 		.4byte	0x37c
 913 0391 1F       		.uleb128 0x1f
 914 0392 B8000000 		.4byte	.LASF44
 915 0396 B8000000 		.4byte	.LASF44
 916 039a 20       		.uleb128 0x20
 917 039b 85020000 		.4byte	.LASF36
 918 039f 85020000 		.4byte	.LASF36
 919 03a3 04       		.byte	0x4
 920 03a4 6C       		.byte	0x6c
 921 03a5 20       		.uleb128 0x20
 922 03a6 1E000000 		.4byte	.LASF37
 923 03aa 1E000000 		.4byte	.LASF37
 924 03ae 04       		.byte	0x4
 925 03af D0       		.byte	0xd0
 926 03b0 20       		.uleb128 0x20
 927 03b1 D8000000 		.4byte	.LASF38
 928 03b5 D8000000 		.4byte	.LASF38
 929 03b9 04       		.byte	0x4
 930 03ba D6       		.byte	0xd6
 931 03bb 00       		.byte	0
 932              		.section	.debug_abbrev,"",%progbits
 933              	.Ldebug_abbrev0:
 934 0000 01       		.uleb128 0x1
 935 0001 11       		.uleb128 0x11
 936 0002 01       		.byte	0x1
 937 0003 25       		.uleb128 0x25
 938 0004 0E       		.uleb128 0xe
 939 0005 13       		.uleb128 0x13
 940 0006 0B       		.uleb128 0xb
 941 0007 03       		.uleb128 0x3
 942 0008 0E       		.uleb128 0xe
 943 0009 1B       		.uleb128 0x1b
 944 000a 0E       		.uleb128 0xe
 945 000b 55       		.uleb128 0x55
 946 000c 17       		.uleb128 0x17
 947 000d 11       		.uleb128 0x11
 948 000e 01       		.uleb128 0x1
 949 000f 10       		.uleb128 0x10
 950 0010 17       		.uleb128 0x17
 951 0011 00       		.byte	0
 952 0012 00       		.byte	0
 953 0013 02       		.uleb128 0x2
 954 0014 24       		.uleb128 0x24
 955 0015 00       		.byte	0
 956 0016 0B       		.uleb128 0xb
 957 0017 0B       		.uleb128 0xb
 958 0018 3E       		.uleb128 0x3e
 959 0019 0B       		.uleb128 0xb
 960 001a 03       		.uleb128 0x3
 961 001b 08       		.uleb128 0x8
 962 001c 00       		.byte	0
ARM GAS  C:\Users\elizavet\AppData\Local\Temp\ccq3Z0Ml.s 			page 25


 963 001d 00       		.byte	0
 964 001e 03       		.uleb128 0x3
 965 001f 16       		.uleb128 0x16
 966 0020 00       		.byte	0
 967 0021 03       		.uleb128 0x3
 968 0022 0E       		.uleb128 0xe
 969 0023 3A       		.uleb128 0x3a
 970 0024 0B       		.uleb128 0xb
 971 0025 3B       		.uleb128 0x3b
 972 0026 0B       		.uleb128 0xb
 973 0027 49       		.uleb128 0x49
 974 0028 13       		.uleb128 0x13
 975 0029 00       		.byte	0
 976 002a 00       		.byte	0
 977 002b 04       		.uleb128 0x4
 978 002c 24       		.uleb128 0x24
 979 002d 00       		.byte	0
 980 002e 0B       		.uleb128 0xb
 981 002f 0B       		.uleb128 0xb
 982 0030 3E       		.uleb128 0x3e
 983 0031 0B       		.uleb128 0xb
 984 0032 03       		.uleb128 0x3
 985 0033 0E       		.uleb128 0xe
 986 0034 00       		.byte	0
 987 0035 00       		.byte	0
 988 0036 05       		.uleb128 0x5
 989 0037 0F       		.uleb128 0xf
 990 0038 00       		.byte	0
 991 0039 0B       		.uleb128 0xb
 992 003a 0B       		.uleb128 0xb
 993 003b 00       		.byte	0
 994 003c 00       		.byte	0
 995 003d 06       		.uleb128 0x6
 996 003e 16       		.uleb128 0x16
 997 003f 00       		.byte	0
 998 0040 03       		.uleb128 0x3
 999 0041 0E       		.uleb128 0xe
 1000 0042 3A       		.uleb128 0x3a
 1001 0043 0B       		.uleb128 0xb
 1002 0044 3B       		.uleb128 0x3b
 1003 0045 05       		.uleb128 0x5
 1004 0046 49       		.uleb128 0x49
 1005 0047 13       		.uleb128 0x13
 1006 0048 00       		.byte	0
 1007 0049 00       		.byte	0
 1008 004a 07       		.uleb128 0x7
 1009 004b 35       		.uleb128 0x35
 1010 004c 00       		.byte	0
 1011 004d 49       		.uleb128 0x49
 1012 004e 13       		.uleb128 0x13
 1013 004f 00       		.byte	0
 1014 0050 00       		.byte	0
 1015 0051 08       		.uleb128 0x8
 1016 0052 13       		.uleb128 0x13
 1017 0053 01       		.byte	0x1
 1018 0054 0B       		.uleb128 0xb
 1019 0055 0B       		.uleb128 0xb
ARM GAS  C:\Users\elizavet\AppData\Local\Temp\ccq3Z0Ml.s 			page 26


 1020 0056 3A       		.uleb128 0x3a
 1021 0057 0B       		.uleb128 0xb
 1022 0058 3B       		.uleb128 0x3b
 1023 0059 0B       		.uleb128 0xb
 1024 005a 01       		.uleb128 0x1
 1025 005b 13       		.uleb128 0x13
 1026 005c 00       		.byte	0
 1027 005d 00       		.byte	0
 1028 005e 09       		.uleb128 0x9
 1029 005f 0D       		.uleb128 0xd
 1030 0060 00       		.byte	0
 1031 0061 03       		.uleb128 0x3
 1032 0062 0E       		.uleb128 0xe
 1033 0063 3A       		.uleb128 0x3a
 1034 0064 0B       		.uleb128 0xb
 1035 0065 3B       		.uleb128 0x3b
 1036 0066 0B       		.uleb128 0xb
 1037 0067 49       		.uleb128 0x49
 1038 0068 13       		.uleb128 0x13
 1039 0069 38       		.uleb128 0x38
 1040 006a 0B       		.uleb128 0xb
 1041 006b 00       		.byte	0
 1042 006c 00       		.byte	0
 1043 006d 0A       		.uleb128 0xa
 1044 006e 2E       		.uleb128 0x2e
 1045 006f 01       		.byte	0x1
 1046 0070 03       		.uleb128 0x3
 1047 0071 0E       		.uleb128 0xe
 1048 0072 3A       		.uleb128 0x3a
 1049 0073 0B       		.uleb128 0xb
 1050 0074 3B       		.uleb128 0x3b
 1051 0075 0B       		.uleb128 0xb
 1052 0076 27       		.uleb128 0x27
 1053 0077 19       		.uleb128 0x19
 1054 0078 11       		.uleb128 0x11
 1055 0079 01       		.uleb128 0x1
 1056 007a 12       		.uleb128 0x12
 1057 007b 06       		.uleb128 0x6
 1058 007c 40       		.uleb128 0x40
 1059 007d 18       		.uleb128 0x18
 1060 007e 9742     		.uleb128 0x2117
 1061 0080 19       		.uleb128 0x19
 1062 0081 01       		.uleb128 0x1
 1063 0082 13       		.uleb128 0x13
 1064 0083 00       		.byte	0
 1065 0084 00       		.byte	0
 1066 0085 0B       		.uleb128 0xb
 1067 0086 05       		.uleb128 0x5
 1068 0087 00       		.byte	0
 1069 0088 03       		.uleb128 0x3
 1070 0089 0E       		.uleb128 0xe
 1071 008a 3A       		.uleb128 0x3a
 1072 008b 0B       		.uleb128 0xb
 1073 008c 3B       		.uleb128 0x3b
 1074 008d 0B       		.uleb128 0xb
 1075 008e 49       		.uleb128 0x49
 1076 008f 13       		.uleb128 0x13
ARM GAS  C:\Users\elizavet\AppData\Local\Temp\ccq3Z0Ml.s 			page 27


 1077 0090 02       		.uleb128 0x2
 1078 0091 18       		.uleb128 0x18
 1079 0092 00       		.byte	0
 1080 0093 00       		.byte	0
 1081 0094 0C       		.uleb128 0xc
 1082 0095 34       		.uleb128 0x34
 1083 0096 00       		.byte	0
 1084 0097 03       		.uleb128 0x3
 1085 0098 08       		.uleb128 0x8
 1086 0099 3A       		.uleb128 0x3a
 1087 009a 0B       		.uleb128 0xb
 1088 009b 3B       		.uleb128 0x3b
 1089 009c 0B       		.uleb128 0xb
 1090 009d 49       		.uleb128 0x49
 1091 009e 13       		.uleb128 0x13
 1092 009f 02       		.uleb128 0x2
 1093 00a0 17       		.uleb128 0x17
 1094 00a1 00       		.byte	0
 1095 00a2 00       		.byte	0
 1096 00a3 0D       		.uleb128 0xd
 1097 00a4 0B       		.uleb128 0xb
 1098 00a5 01       		.byte	0x1
 1099 00a6 11       		.uleb128 0x11
 1100 00a7 01       		.uleb128 0x1
 1101 00a8 12       		.uleb128 0x12
 1102 00a9 06       		.uleb128 0x6
 1103 00aa 00       		.byte	0
 1104 00ab 00       		.byte	0
 1105 00ac 0E       		.uleb128 0xe
 1106 00ad 34       		.uleb128 0x34
 1107 00ae 00       		.byte	0
 1108 00af 03       		.uleb128 0x3
 1109 00b0 0E       		.uleb128 0xe
 1110 00b1 3A       		.uleb128 0x3a
 1111 00b2 0B       		.uleb128 0xb
 1112 00b3 3B       		.uleb128 0x3b
 1113 00b4 0B       		.uleb128 0xb
 1114 00b5 49       		.uleb128 0x49
 1115 00b6 13       		.uleb128 0x13
 1116 00b7 02       		.uleb128 0x2
 1117 00b8 17       		.uleb128 0x17
 1118 00b9 00       		.byte	0
 1119 00ba 00       		.byte	0
 1120 00bb 0F       		.uleb128 0xf
 1121 00bc 0F       		.uleb128 0xf
 1122 00bd 00       		.byte	0
 1123 00be 0B       		.uleb128 0xb
 1124 00bf 0B       		.uleb128 0xb
 1125 00c0 49       		.uleb128 0x49
 1126 00c1 13       		.uleb128 0x13
 1127 00c2 00       		.byte	0
 1128 00c3 00       		.byte	0
 1129 00c4 10       		.uleb128 0x10
 1130 00c5 26       		.uleb128 0x26
 1131 00c6 00       		.byte	0
 1132 00c7 49       		.uleb128 0x49
 1133 00c8 13       		.uleb128 0x13
ARM GAS  C:\Users\elizavet\AppData\Local\Temp\ccq3Z0Ml.s 			page 28


 1134 00c9 00       		.byte	0
 1135 00ca 00       		.byte	0
 1136 00cb 11       		.uleb128 0x11
 1137 00cc 2E       		.uleb128 0x2e
 1138 00cd 00       		.byte	0
 1139 00ce 03       		.uleb128 0x3
 1140 00cf 0E       		.uleb128 0xe
 1141 00d0 3A       		.uleb128 0x3a
 1142 00d1 0B       		.uleb128 0xb
 1143 00d2 3B       		.uleb128 0x3b
 1144 00d3 05       		.uleb128 0x5
 1145 00d4 27       		.uleb128 0x27
 1146 00d5 19       		.uleb128 0x19
 1147 00d6 11       		.uleb128 0x11
 1148 00d7 01       		.uleb128 0x1
 1149 00d8 12       		.uleb128 0x12
 1150 00d9 06       		.uleb128 0x6
 1151 00da 40       		.uleb128 0x40
 1152 00db 18       		.uleb128 0x18
 1153 00dc 9742     		.uleb128 0x2117
 1154 00de 19       		.uleb128 0x19
 1155 00df 00       		.byte	0
 1156 00e0 00       		.byte	0
 1157 00e1 12       		.uleb128 0x12
 1158 00e2 05       		.uleb128 0x5
 1159 00e3 00       		.byte	0
 1160 00e4 03       		.uleb128 0x3
 1161 00e5 08       		.uleb128 0x8
 1162 00e6 3A       		.uleb128 0x3a
 1163 00e7 0B       		.uleb128 0xb
 1164 00e8 3B       		.uleb128 0x3b
 1165 00e9 0B       		.uleb128 0xb
 1166 00ea 49       		.uleb128 0x49
 1167 00eb 13       		.uleb128 0x13
 1168 00ec 02       		.uleb128 0x2
 1169 00ed 17       		.uleb128 0x17
 1170 00ee 00       		.byte	0
 1171 00ef 00       		.byte	0
 1172 00f0 13       		.uleb128 0x13
 1173 00f1 898201   		.uleb128 0x4109
 1174 00f4 01       		.byte	0x1
 1175 00f5 11       		.uleb128 0x11
 1176 00f6 01       		.uleb128 0x1
 1177 00f7 31       		.uleb128 0x31
 1178 00f8 13       		.uleb128 0x13
 1179 00f9 00       		.byte	0
 1180 00fa 00       		.byte	0
 1181 00fb 14       		.uleb128 0x14
 1182 00fc 8A8201   		.uleb128 0x410a
 1183 00ff 00       		.byte	0
 1184 0100 02       		.uleb128 0x2
 1185 0101 18       		.uleb128 0x18
 1186 0102 9142     		.uleb128 0x2111
 1187 0104 18       		.uleb128 0x18
 1188 0105 00       		.byte	0
 1189 0106 00       		.byte	0
 1190 0107 15       		.uleb128 0x15
ARM GAS  C:\Users\elizavet\AppData\Local\Temp\ccq3Z0Ml.s 			page 29


 1191 0108 898201   		.uleb128 0x4109
 1192 010b 01       		.byte	0x1
 1193 010c 11       		.uleb128 0x11
 1194 010d 01       		.uleb128 0x1
 1195 010e 31       		.uleb128 0x31
 1196 010f 13       		.uleb128 0x13
 1197 0110 01       		.uleb128 0x1
 1198 0111 13       		.uleb128 0x13
 1199 0112 00       		.byte	0
 1200 0113 00       		.byte	0
 1201 0114 16       		.uleb128 0x16
 1202 0115 2E       		.uleb128 0x2e
 1203 0116 01       		.byte	0x1
 1204 0117 3F       		.uleb128 0x3f
 1205 0118 19       		.uleb128 0x19
 1206 0119 03       		.uleb128 0x3
 1207 011a 0E       		.uleb128 0xe
 1208 011b 3A       		.uleb128 0x3a
 1209 011c 0B       		.uleb128 0xb
 1210 011d 3B       		.uleb128 0x3b
 1211 011e 05       		.uleb128 0x5
 1212 011f 27       		.uleb128 0x27
 1213 0120 19       		.uleb128 0x19
 1214 0121 11       		.uleb128 0x11
 1215 0122 01       		.uleb128 0x1
 1216 0123 12       		.uleb128 0x12
 1217 0124 06       		.uleb128 0x6
 1218 0125 40       		.uleb128 0x40
 1219 0126 18       		.uleb128 0x18
 1220 0127 9742     		.uleb128 0x2117
 1221 0129 19       		.uleb128 0x19
 1222 012a 01       		.uleb128 0x1
 1223 012b 13       		.uleb128 0x13
 1224 012c 00       		.byte	0
 1225 012d 00       		.byte	0
 1226 012e 17       		.uleb128 0x17
 1227 012f 0B       		.uleb128 0xb
 1228 0130 01       		.byte	0x1
 1229 0131 11       		.uleb128 0x11
 1230 0132 01       		.uleb128 0x1
 1231 0133 12       		.uleb128 0x12
 1232 0134 06       		.uleb128 0x6
 1233 0135 01       		.uleb128 0x1
 1234 0136 13       		.uleb128 0x13
 1235 0137 00       		.byte	0
 1236 0138 00       		.byte	0
 1237 0139 18       		.uleb128 0x18
 1238 013a 34       		.uleb128 0x34
 1239 013b 00       		.byte	0
 1240 013c 03       		.uleb128 0x3
 1241 013d 0E       		.uleb128 0xe
 1242 013e 3A       		.uleb128 0x3a
 1243 013f 0B       		.uleb128 0xb
 1244 0140 3B       		.uleb128 0x3b
 1245 0141 05       		.uleb128 0x5
 1246 0142 49       		.uleb128 0x49
 1247 0143 13       		.uleb128 0x13
ARM GAS  C:\Users\elizavet\AppData\Local\Temp\ccq3Z0Ml.s 			page 30


 1248 0144 02       		.uleb128 0x2
 1249 0145 18       		.uleb128 0x18
 1250 0146 00       		.byte	0
 1251 0147 00       		.byte	0
 1252 0148 19       		.uleb128 0x19
 1253 0149 13       		.uleb128 0x13
 1254 014a 01       		.byte	0x1
 1255 014b 0B       		.uleb128 0xb
 1256 014c 0B       		.uleb128 0xb
 1257 014d 3A       		.uleb128 0x3a
 1258 014e 0B       		.uleb128 0xb
 1259 014f 3B       		.uleb128 0x3b
 1260 0150 05       		.uleb128 0x5
 1261 0151 01       		.uleb128 0x1
 1262 0152 13       		.uleb128 0x13
 1263 0153 00       		.byte	0
 1264 0154 00       		.byte	0
 1265 0155 1A       		.uleb128 0x1a
 1266 0156 0D       		.uleb128 0xd
 1267 0157 00       		.byte	0
 1268 0158 03       		.uleb128 0x3
 1269 0159 0E       		.uleb128 0xe
 1270 015a 3A       		.uleb128 0x3a
 1271 015b 0B       		.uleb128 0xb
 1272 015c 3B       		.uleb128 0x3b
 1273 015d 05       		.uleb128 0x5
 1274 015e 49       		.uleb128 0x49
 1275 015f 13       		.uleb128 0x13
 1276 0160 38       		.uleb128 0x38
 1277 0161 0B       		.uleb128 0xb
 1278 0162 00       		.byte	0
 1279 0163 00       		.byte	0
 1280 0164 1B       		.uleb128 0x1b
 1281 0165 01       		.uleb128 0x1
 1282 0166 01       		.byte	0x1
 1283 0167 49       		.uleb128 0x49
 1284 0168 13       		.uleb128 0x13
 1285 0169 01       		.uleb128 0x1
 1286 016a 13       		.uleb128 0x13
 1287 016b 00       		.byte	0
 1288 016c 00       		.byte	0
 1289 016d 1C       		.uleb128 0x1c
 1290 016e 21       		.uleb128 0x21
 1291 016f 00       		.byte	0
 1292 0170 49       		.uleb128 0x49
 1293 0171 13       		.uleb128 0x13
 1294 0172 2F       		.uleb128 0x2f
 1295 0173 0B       		.uleb128 0xb
 1296 0174 00       		.byte	0
 1297 0175 00       		.byte	0
 1298 0176 1D       		.uleb128 0x1d
 1299 0177 34       		.uleb128 0x34
 1300 0178 00       		.byte	0
 1301 0179 03       		.uleb128 0x3
 1302 017a 08       		.uleb128 0x8
 1303 017b 3A       		.uleb128 0x3a
 1304 017c 0B       		.uleb128 0xb
ARM GAS  C:\Users\elizavet\AppData\Local\Temp\ccq3Z0Ml.s 			page 31


 1305 017d 3B       		.uleb128 0x3b
 1306 017e 05       		.uleb128 0x5
 1307 017f 49       		.uleb128 0x49
 1308 0180 13       		.uleb128 0x13
 1309 0181 02       		.uleb128 0x2
 1310 0182 17       		.uleb128 0x17
 1311 0183 00       		.byte	0
 1312 0184 00       		.byte	0
 1313 0185 1E       		.uleb128 0x1e
 1314 0186 898201   		.uleb128 0x4109
 1315 0189 00       		.byte	0
 1316 018a 11       		.uleb128 0x11
 1317 018b 01       		.uleb128 0x1
 1318 018c 31       		.uleb128 0x31
 1319 018d 13       		.uleb128 0x13
 1320 018e 00       		.byte	0
 1321 018f 00       		.byte	0
 1322 0190 1F       		.uleb128 0x1f
 1323 0191 2E       		.uleb128 0x2e
 1324 0192 00       		.byte	0
 1325 0193 3F       		.uleb128 0x3f
 1326 0194 19       		.uleb128 0x19
 1327 0195 3C       		.uleb128 0x3c
 1328 0196 19       		.uleb128 0x19
 1329 0197 6E       		.uleb128 0x6e
 1330 0198 0E       		.uleb128 0xe
 1331 0199 03       		.uleb128 0x3
 1332 019a 0E       		.uleb128 0xe
 1333 019b 00       		.byte	0
 1334 019c 00       		.byte	0
 1335 019d 20       		.uleb128 0x20
 1336 019e 2E       		.uleb128 0x2e
 1337 019f 00       		.byte	0
 1338 01a0 3F       		.uleb128 0x3f
 1339 01a1 19       		.uleb128 0x19
 1340 01a2 3C       		.uleb128 0x3c
 1341 01a3 19       		.uleb128 0x19
 1342 01a4 6E       		.uleb128 0x6e
 1343 01a5 0E       		.uleb128 0xe
 1344 01a6 03       		.uleb128 0x3
 1345 01a7 0E       		.uleb128 0xe
 1346 01a8 3A       		.uleb128 0x3a
 1347 01a9 0B       		.uleb128 0xb
 1348 01aa 3B       		.uleb128 0x3b
 1349 01ab 0B       		.uleb128 0xb
 1350 01ac 00       		.byte	0
 1351 01ad 00       		.byte	0
 1352 01ae 00       		.byte	0
 1353              		.section	.debug_loc,"",%progbits
 1354              	.Ldebug_loc0:
 1355              	.LLST0:
 1356 0000 02000000 		.4byte	.LVL1
 1357 0004 08000000 		.4byte	.LVL2
 1358 0008 0200     		.2byte	0x2
 1359 000a 30       		.byte	0x30
 1360 000b 9F       		.byte	0x9f
 1361 000c 08000000 		.4byte	.LVL2
ARM GAS  C:\Users\elizavet\AppData\Local\Temp\ccq3Z0Ml.s 			page 32


 1362 0010 30000000 		.4byte	.LVL11
 1363 0014 0100     		.2byte	0x1
 1364 0016 57       		.byte	0x57
 1365 0017 00000000 		.4byte	0
 1366 001b 00000000 		.4byte	0
 1367              	.LLST1:
 1368 001f 02000000 		.4byte	.LVL1
 1369 0023 08000000 		.4byte	.LVL2
 1370 0027 0200     		.2byte	0x2
 1371 0029 30       		.byte	0x30
 1372 002a 9F       		.byte	0x9f
 1373 002b 08000000 		.4byte	.LVL2
 1374 002f 30000000 		.4byte	.LVL10
 1375 0033 0100     		.2byte	0x1
 1376 0035 55       		.byte	0x55
 1377 0036 00000000 		.4byte	0
 1378 003a 00000000 		.4byte	0
 1379              	.LLST2:
 1380 003e 0C000000 		.4byte	.LVL3
 1381 0042 2C000000 		.4byte	.LVL9
 1382 0046 0100     		.2byte	0x1
 1383 0048 56       		.byte	0x56
 1384 0049 00000000 		.4byte	0
 1385 004d 00000000 		.4byte	0
 1386              	.LLST3:
 1387 0051 0E000000 		.4byte	.LVL4
 1388 0055 24000000 		.4byte	.LVL7
 1389 0059 0100     		.2byte	0x1
 1390 005b 53       		.byte	0x53
 1391 005c 26000000 		.4byte	.LVL8
 1392 0060 2C000000 		.4byte	.LVL9
 1393 0064 0100     		.2byte	0x1
 1394 0066 53       		.byte	0x53
 1395 0067 00000000 		.4byte	0
 1396 006b 00000000 		.4byte	0
 1397              	.LLST4:
 1398 006f 00000000 		.4byte	.LVL12
 1399 0073 09000000 		.4byte	.LVL14-1
 1400 0077 0100     		.2byte	0x1
 1401 0079 50       		.byte	0x50
 1402 007a 09000000 		.4byte	.LVL14-1
 1403 007e 0C000000 		.4byte	.LFE1
 1404 0082 0400     		.2byte	0x4
 1405 0084 F3       		.byte	0xf3
 1406 0085 01       		.uleb128 0x1
 1407 0086 50       		.byte	0x50
 1408 0087 9F       		.byte	0x9f
 1409 0088 00000000 		.4byte	0
 1410 008c 00000000 		.4byte	0
 1411              	.LLST5:
 1412 0090 00000000 		.4byte	.LVL12
 1413 0094 06000000 		.4byte	.LVL13
 1414 0098 0100     		.2byte	0x1
 1415 009a 51       		.byte	0x51
 1416 009b 06000000 		.4byte	.LVL13
 1417 009f 09000000 		.4byte	.LVL14-1
 1418 00a3 0100     		.2byte	0x1
ARM GAS  C:\Users\elizavet\AppData\Local\Temp\ccq3Z0Ml.s 			page 33


 1419 00a5 52       		.byte	0x52
 1420 00a6 09000000 		.4byte	.LVL14-1
 1421 00aa 0C000000 		.4byte	.LFE1
 1422 00ae 0400     		.2byte	0x4
 1423 00b0 F3       		.byte	0xf3
 1424 00b1 01       		.uleb128 0x1
 1425 00b2 51       		.byte	0x51
 1426 00b3 9F       		.byte	0x9f
 1427 00b4 00000000 		.4byte	0
 1428 00b8 00000000 		.4byte	0
 1429              	.LLST6:
 1430 00bc 80000000 		.4byte	.LVL18
 1431 00c0 84000000 		.4byte	.LVL19
 1432 00c4 0200     		.2byte	0x2
 1433 00c6 30       		.byte	0x30
 1434 00c7 9F       		.byte	0x9f
 1435 00c8 84000000 		.4byte	.LVL19
 1436 00cc A2000000 		.4byte	.LVL21
 1437 00d0 0100     		.2byte	0x1
 1438 00d2 54       		.byte	0x54
 1439 00d3 A4000000 		.4byte	.LVL22
 1440 00d7 24010000 		.4byte	.LVL26
 1441 00db 0100     		.2byte	0x1
 1442 00dd 54       		.byte	0x54
 1443 00de 00000000 		.4byte	0
 1444 00e2 00000000 		.4byte	0
 1445              	.LLST7:
 1446 00e6 84000000 		.4byte	.LVL19
 1447 00ea A2000000 		.4byte	.LVL21
 1448 00ee 0B00     		.2byte	0xb
 1449 00f0 74       		.byte	0x74
 1450 00f1 00       		.sleb128 0
 1451 00f2 36       		.byte	0x36
 1452 00f3 1E       		.byte	0x1e
 1453 00f4 03       		.byte	0x3
 1454 00f5 00000000 		.4byte	cfg_memset_list.4911
 1455 00f9 22       		.byte	0x22
 1456 00fa 9F       		.byte	0x9f
 1457 00fb A2000000 		.4byte	.LVL21
 1458 00ff A4000000 		.4byte	.LVL22
 1459 0103 0B00     		.2byte	0xb
 1460 0105 74       		.byte	0x74
 1461 0106 7F       		.sleb128 -1
 1462 0107 36       		.byte	0x36
 1463 0108 1E       		.byte	0x1e
 1464 0109 03       		.byte	0x3
 1465 010a 00000000 		.4byte	cfg_memset_list.4911
 1466 010e 22       		.byte	0x22
 1467 010f 9F       		.byte	0x9f
 1468 0110 00000000 		.4byte	0
 1469 0114 00000000 		.4byte	0
 1470              		.section	.debug_aranges,"",%progbits
 1471 0000 3C000000 		.4byte	0x3c
 1472 0004 0200     		.2byte	0x2
 1473 0006 00000000 		.4byte	.Ldebug_info0
 1474 000a 04       		.byte	0x4
 1475 000b 00       		.byte	0
ARM GAS  C:\Users\elizavet\AppData\Local\Temp\ccq3Z0Ml.s 			page 34


 1476 000c 0000     		.2byte	0
 1477 000e 0000     		.2byte	0
 1478 0010 00000000 		.4byte	.LFB4
 1479 0014 32000000 		.4byte	.LFE4-.LFB4
 1480 0018 00000000 		.4byte	.LFB6
 1481 001c 20000000 		.4byte	.LFE6-.LFB6
 1482 0020 00000000 		.4byte	.LFB1
 1483 0024 0C000000 		.4byte	.LFE1-.LFB1
 1484 0028 00000000 		.4byte	.LFB5
 1485 002c 7C000000 		.4byte	.LFE5-.LFB5
 1486 0030 7C000000 		.4byte	.LFB7
 1487 0034 E8000000 		.4byte	.LFE7-.LFB7
 1488 0038 00000000 		.4byte	0
 1489 003c 00000000 		.4byte	0
 1490              		.section	.debug_ranges,"",%progbits
 1491              	.Ldebug_ranges0:
 1492 0000 00000000 		.4byte	.LFB4
 1493 0004 32000000 		.4byte	.LFE4
 1494 0008 00000000 		.4byte	.LFB6
 1495 000c 20000000 		.4byte	.LFE6
 1496 0010 00000000 		.4byte	.LFB1
 1497 0014 0C000000 		.4byte	.LFE1
 1498 0018 00000000 		.4byte	.LFB5
 1499 001c 7C000000 		.4byte	.LFE5
 1500 0020 7C000000 		.4byte	.LFB7
 1501 0024 64010000 		.4byte	.LFE7
 1502 0028 00000000 		.4byte	0
 1503 002c 00000000 		.4byte	0
 1504              		.section	.debug_line,"",%progbits
 1505              	.Ldebug_line0:
 1506 0000 71010000 		.section	.debug_str,"MS",%progbits,1
 1506      0200D600 
 1506      00000201 
 1506      FB0E0D00 
 1506      01010101 
 1507              	.LASF19:
 1508 0000 72656733 		.ascii	"reg32\000"
 1508      3200
 1509              	.LASF12:
 1510 0006 73697A65 		.ascii	"size_t\000"
 1510      5F7400
 1511              	.LASF42:
 1512 000d 416E616C 		.ascii	"AnalogSetDefault\000"
 1512      6F675365 
 1512      74446566 
 1512      61756C74 
 1512      00
 1513              	.LASF37:
 1514 001e 4379496E 		.ascii	"CyIntSetVector\000"
 1514      74536574 
 1514      56656374 
 1514      6F7200
 1515              	.LASF21:
 1516 002d 76616C75 		.ascii	"value\000"
 1516      6500
 1517              	.LASF26:
 1518 0033 636F756E 		.ascii	"count\000"
ARM GAS  C:\Users\elizavet\AppData\Local\Temp\ccq3Z0Ml.s 			page 35


 1518      7400
 1519              	.LASF29:
 1520 0039 436C6F63 		.ascii	"ClockSetup\000"
 1520      6B536574 
 1520      757000
 1521              	.LASF30:
 1522 0044 63795F63 		.ascii	"cy_cfg_addr_table\000"
 1522      66675F61 
 1522      6464725F 
 1522      7461626C 
 1522      6500
 1523              	.LASF31:
 1524 0056 63795F63 		.ascii	"cy_cfg_data_table\000"
 1524      66675F64 
 1524      6174615F 
 1524      7461626C 
 1524      6500
 1525              	.LASF16:
 1526 0068 666C6F61 		.ascii	"float\000"
 1526      7400
 1527              	.LASF35:
 1528 006e 6366675F 		.ascii	"cfg_memset_list\000"
 1528      6D656D73 
 1528      65745F6C 
 1528      69737400 
 1529              	.LASF33:
 1530 007e 73697A65 		.ascii	"size\000"
 1530      00
 1531              	.LASF18:
 1532 0083 72656738 		.ascii	"reg8\000"
 1532      00
 1533              	.LASF8:
 1534 0088 6C6F6E67 		.ascii	"long unsigned int\000"
 1534      20756E73 
 1534      69676E65 
 1534      6420696E 
 1534      7400
 1535              	.LASF13:
 1536 009a 75696E74 		.ascii	"uint8\000"
 1536      3800
 1537              	.LASF28:
 1538 00a0 43594D45 		.ascii	"CYMEMZERO\000"
 1538      4D5A4552 
 1538      4F00
 1539              	.LASF4:
 1540 00aa 756E7369 		.ascii	"unsigned char\000"
 1540      676E6564 
 1540      20636861 
 1540      7200
 1541              	.LASF44:
 1542 00b8 6D656D73 		.ascii	"memset\000"
 1542      657400
 1543              	.LASF17:
 1544 00bf 646F7562 		.ascii	"double\000"
 1544      6C6500
 1545              	.LASF27:
 1546 00c6 6366675F 		.ascii	"cfg_write_bytes32\000"
ARM GAS  C:\Users\elizavet\AppData\Local\Temp\ccq3Z0Ml.s 			page 36


 1546      77726974 
 1546      655F6279 
 1546      74657333 
 1546      3200
 1547              	.LASF38:
 1548 00d8 4379496E 		.ascii	"CyIntEnable\000"
 1548      74456E61 
 1548      626C6500 
 1549              	.LASF23:
 1550 00e4 61646472 		.ascii	"addr_table\000"
 1550      5F746162 
 1550      6C6500
 1551              	.LASF14:
 1552 00ef 75696E74 		.ascii	"uint16\000"
 1552      313600
 1553              	.LASF24:
 1554 00f6 64617461 		.ascii	"data_table\000"
 1554      5F746162 
 1554      6C6500
 1555              	.LASF15:
 1556 0101 75696E74 		.ascii	"uint32\000"
 1556      333200
 1557              	.LASF0:
 1558 0108 756E7369 		.ascii	"unsigned int\000"
 1558      676E6564 
 1558      20696E74 
 1558      00
 1559              	.LASF41:
 1560 0115 433A5C55 		.ascii	"C:\\Users\\elizavet\\Documents\\PSoC Creator\\Micro"
 1560      73657273 
 1560      5C656C69 
 1560      7A617665 
 1560      745C446F 
 1561 0143 636F6E74 		.ascii	"controllers_part_2\\lab-2.cydsn\000"
 1561      726F6C6C 
 1561      6572735F 
 1561      70617274 
 1561      5F325C6C 
 1562              	.LASF43:
 1563 0162 63796669 		.ascii	"cyfitter_cfg\000"
 1563      74746572 
 1563      5F636667 
 1563      00
 1564              	.LASF32:
 1565 016f 61646472 		.ascii	"address\000"
 1565      65737300 
 1566              	.LASF9:
 1567 0177 6C6F6E67 		.ascii	"long long unsigned int\000"
 1567      206C6F6E 
 1567      6720756E 
 1567      7369676E 
 1567      65642069 
 1568              	.LASF39:
 1569 018e 474E5520 		.ascii	"GNU C11 5.4.1 20160609 (release) [ARM/embedded-5-br"
 1569      43313120 
 1569      352E342E 
 1569      31203230 
ARM GAS  C:\Users\elizavet\AppData\Local\Temp\ccq3Z0Ml.s 			page 37


 1569      31363036 
 1570 01c1 616E6368 		.ascii	"anch revision 237715] -mcpu=cortex-m0 -mthumb -g -O"
 1570      20726576 
 1570      6973696F 
 1570      6E203233 
 1570      37373135 
 1571 01f4 67202D66 		.ascii	"g -ffunction-sections -ffat-lto-objects\000"
 1571      66756E63 
 1571      74696F6E 
 1571      2D736563 
 1571      74696F6E 
 1572              	.LASF34:
 1573 021c 6366675F 		.ascii	"cfg_memset_t\000"
 1573      6D656D73 
 1573      65745F74 
 1573      00
 1574              	.LASF25:
 1575 0229 62617365 		.ascii	"baseAddr\000"
 1575      41646472 
 1575      00
 1576              	.LASF10:
 1577 0232 73697A65 		.ascii	"sizetype\000"
 1577      74797065 
 1577      00
 1578              	.LASF6:
 1579 023b 73686F72 		.ascii	"short unsigned int\000"
 1579      7420756E 
 1579      7369676E 
 1579      65642069 
 1579      6E7400
 1580              	.LASF1:
 1581 024e 6C6F6E67 		.ascii	"long long int\000"
 1581      206C6F6E 
 1581      6720696E 
 1581      7400
 1582              	.LASF11:
 1583 025c 63686172 		.ascii	"char\000"
 1583      00
 1584              	.LASF22:
 1585 0261 63795F63 		.ascii	"cy_cfg_addrvalue_t\000"
 1585      66675F61 
 1585      64647276 
 1585      616C7565 
 1585      5F7400
 1586              	.LASF20:
 1587 0274 6F666673 		.ascii	"offset\000"
 1587      657400
 1588              	.LASF5:
 1589 027b 73686F72 		.ascii	"short int\000"
 1589      7420696E 
 1589      7400
 1590              	.LASF36:
 1591 0285 43795379 		.ascii	"CySysClkWriteImoFreq\000"
 1591      73436C6B 
 1591      57726974 
 1591      65496D6F 
 1591      46726571 
ARM GAS  C:\Users\elizavet\AppData\Local\Temp\ccq3Z0Ml.s 			page 38


 1592              	.LASF7:
 1593 029a 6C6F6E67 		.ascii	"long int\000"
 1593      20696E74 
 1593      00
 1594              	.LASF2:
 1595 02a3 6C6F6E67 		.ascii	"long double\000"
 1595      20646F75 
 1595      626C6500 
 1596              	.LASF3:
 1597 02af 7369676E 		.ascii	"signed char\000"
 1597      65642063 
 1597      68617200 
 1598              	.LASF40:
 1599 02bb 47656E65 		.ascii	"Generated_Source\\PSoC4\\cyfitter_cfg.c\000"
 1599      72617465 
 1599      645F536F 
 1599      75726365 
 1599      5C50536F 
 1600              		.ident	"GCC: (GNU Tools for ARM Embedded Processors) 5.4.1 20160609 (release) [ARM/embedded-5-bran
