Archive member included to satisfy reference by file (symbol)

.\CortexM0\ARM_GCC_541\Debug\lab-2.a(Timer_Counter.o)
                              .\CortexM0\ARM_GCC_541\Debug\main.o (Timer_Counter_Start)
.\CortexM0\ARM_GCC_541\Debug\lab-2.a(timer_isr.o)
                              .\CortexM0\ARM_GCC_541\Debug\main.o (timer_isr_StartEx)
.\CortexM0\ARM_GCC_541\Debug\lab-2.a(Control_Reg.o)
                              .\CortexM0\ARM_GCC_541\Debug\main.o (Control_Reg_Write)
.\CortexM0\ARM_GCC_541\Debug\lab-2.a(CyLib.o)
                              .\CortexM0\ARM_GCC_541\Debug\cyfitter_cfg.o (CyIntEnable)
.\CortexM0\ARM_GCC_541\Debug\lab-2.a(CyLFClk.o)
                              .\CortexM0\ARM_GCC_541\Debug\lab-2.a(CyLib.o) (CySysClkWcoEnabled)
.\CortexM0\ARM_GCC_541\Debug\lab-2.a(Button.o)
                              .\CortexM0\ARM_GCC_541\Debug\main.o (Button_ClearInterrupt)
.\CortexM0\ARM_GCC_541\Debug\lab-2.a(button_isr.o)
                              .\CortexM0\ARM_GCC_541\Debug\main.o (button_isr_StartEx)
.\CortexM0\ARM_GCC_541\Debug\lab-2.a(CyBootAsmGnu.o)
                              .\CortexM0\ARM_GCC_541\Debug\lab-2.a(CyLib.o) (CyDelayCycles)
.\CortexM0\ARM_GCC_541\Debug\lab-2.a(CyFlash.o)
                              .\CortexM0\ARM_GCC_541\Debug\lab-2.a(CyLib.o) (CySysFlashSetWaitCycles)
c:/program files (x86)/cypress/psoc creator/4.4/psoc creator/import/gnu/arm/5.4.1/bin/../lib/gcc/arm-none-eabi/5.4.1/armv6-m\libgcc.a(_udivsi3.o)
                              .\CortexM0\ARM_GCC_541\Debug\lab-2.a(CyLib.o) (__aeabi_uidiv)
c:/program files (x86)/cypress/psoc creator/4.4/psoc creator/import/gnu/arm/5.4.1/bin/../lib/gcc/arm-none-eabi/5.4.1/armv6-m\libgcc.a(_divsi3.o)
                              .\CortexM0\ARM_GCC_541\Debug\lab-2.a(CyLFClk.o) (__aeabi_idiv)
c:/program files (x86)/cypress/psoc creator/4.4/psoc creator/import/gnu/arm/5.4.1/bin/../lib/gcc/arm-none-eabi/5.4.1/armv6-m\libgcc.a(_dvmd_tls.o)
                              c:/program files (x86)/cypress/psoc creator/4.4/psoc creator/import/gnu/arm/5.4.1/bin/../lib/gcc/arm-none-eabi/5.4.1/armv6-m\libgcc.a(_udivsi3.o) (__aeabi_idiv0)
c:/program files (x86)/cypress/psoc creator/4.4/psoc creator/import/gnu/arm/5.4.1/bin/../lib/gcc/arm-none-eabi/5.4.1/../../../../arm-none-eabi/lib/armv6-m\libg_nano.a(lib_a-errno.o)
                              .\CortexM0\ARM_GCC_541\Debug\Cm0Start.o (__errno)
c:/program files (x86)/cypress/psoc creator/4.4/psoc creator/import/gnu/arm/5.4.1/bin/../lib/gcc/arm-none-eabi/5.4.1/../../../../arm-none-eabi/lib/armv6-m\libg_nano.a(lib_a-exit.o)
                              c:/program files (x86)/cypress/psoc creator/4.4/psoc creator/import/gnu/arm/5.4.1/bin/../lib/gcc/arm-none-eabi/5.4.1/../../../../arm-none-eabi/lib/armv6-m/crt0.o (exit)
c:/program files (x86)/cypress/psoc creator/4.4/psoc creator/import/gnu/arm/5.4.1/bin/../lib/gcc/arm-none-eabi/5.4.1/../../../../arm-none-eabi/lib/armv6-m\libg_nano.a(lib_a-impure.o)
                              c:/program files (x86)/cypress/psoc creator/4.4/psoc creator/import/gnu/arm/5.4.1/bin/../lib/gcc/arm-none-eabi/5.4.1/../../../../arm-none-eabi/lib/armv6-m\libg_nano.a(lib_a-exit.o) (_global_impure_ptr)
c:/program files (x86)/cypress/psoc creator/4.4/psoc creator/import/gnu/arm/5.4.1/bin/../lib/gcc/arm-none-eabi/5.4.1/../../../../arm-none-eabi/lib/armv6-m\libg_nano.a(lib_a-init.o)
                              c:/program files (x86)/cypress/psoc creator/4.4/psoc creator/import/gnu/arm/5.4.1/bin/../lib/gcc/arm-none-eabi/5.4.1/../../../../arm-none-eabi/lib/armv6-m/crt0.o (__libc_init_array)
c:/program files (x86)/cypress/psoc creator/4.4/psoc creator/import/gnu/arm/5.4.1/bin/../lib/gcc/arm-none-eabi/5.4.1/../../../../arm-none-eabi/lib/armv6-m\libg_nano.a(lib_a-memcpy-stub.o)
                              .\CortexM0\ARM_GCC_541\Debug\lab-2.a(CyFlash.o) (memcpy)
c:/program files (x86)/cypress/psoc creator/4.4/psoc creator/import/gnu/arm/5.4.1/bin/../lib/gcc/arm-none-eabi/5.4.1/../../../../arm-none-eabi/lib/armv6-m\libg_nano.a(lib_a-memset.o)
                              c:/program files (x86)/cypress/psoc creator/4.4/psoc creator/import/gnu/arm/5.4.1/bin/../lib/gcc/arm-none-eabi/5.4.1/../../../../arm-none-eabi/lib/armv6-m/crt0.o (memset)

Discarded input sections

 .text          0x00000000        0x0 c:/program files (x86)/cypress/psoc creator/4.4/psoc creator/import/gnu/arm/5.4.1/bin/../lib/gcc/arm-none-eabi/5.4.1/armv6-m/crti.o
 .data          0x00000000        0x0 c:/program files (x86)/cypress/psoc creator/4.4/psoc creator/import/gnu/arm/5.4.1/bin/../lib/gcc/arm-none-eabi/5.4.1/armv6-m/crti.o
 .bss           0x00000000        0x0 c:/program files (x86)/cypress/psoc creator/4.4/psoc creator/import/gnu/arm/5.4.1/bin/../lib/gcc/arm-none-eabi/5.4.1/armv6-m/crti.o
 .data          0x00000000        0x4 c:/program files (x86)/cypress/psoc creator/4.4/psoc creator/import/gnu/arm/5.4.1/bin/../lib/gcc/arm-none-eabi/5.4.1/armv6-m/crtbegin.o
 .text          0x00000000       0x78 c:/program files (x86)/cypress/psoc creator/4.4/psoc creator/import/gnu/arm/5.4.1/bin/../lib/gcc/arm-none-eabi/5.4.1/../../../../arm-none-eabi/lib/armv6-m/crt0.o
 .data          0x00000000        0x0 c:/program files (x86)/cypress/psoc creator/4.4/psoc creator/import/gnu/arm/5.4.1/bin/../lib/gcc/arm-none-eabi/5.4.1/../../../../arm-none-eabi/lib/armv6-m/crt0.o
 .bss           0x00000000        0x0 c:/program files (x86)/cypress/psoc creator/4.4/psoc creator/import/gnu/arm/5.4.1/bin/../lib/gcc/arm-none-eabi/5.4.1/../../../../arm-none-eabi/lib/armv6-m/crt0.o
 .ARM.extab     0x00000000        0x0 c:/program files (x86)/cypress/psoc creator/4.4/psoc creator/import/gnu/arm/5.4.1/bin/../lib/gcc/arm-none-eabi/5.4.1/../../../../arm-none-eabi/lib/armv6-m/crt0.o
 .ARM.exidx     0x00000000        0x8 c:/program files (x86)/cypress/psoc creator/4.4/psoc creator/import/gnu/arm/5.4.1/bin/../lib/gcc/arm-none-eabi/5.4.1/../../../../arm-none-eabi/lib/armv6-m/crt0.o
 .text          0x00000000        0x0 .\CortexM0\ARM_GCC_541\Debug\main.o
 .data          0x00000000        0x0 .\CortexM0\ARM_GCC_541\Debug\main.o
 .text          0x00000000        0x0 .\CortexM0\ARM_GCC_541\Debug\cyfitter_cfg.o
 .data          0x00000000        0x0 .\CortexM0\ARM_GCC_541\Debug\cyfitter_cfg.o
 .bss           0x00000000        0x0 .\CortexM0\ARM_GCC_541\Debug\cyfitter_cfg.o
 .text          0x00000000        0x0 .\CortexM0\ARM_GCC_541\Debug\cymetadata.o
 .data          0x00000000        0x0 .\CortexM0\ARM_GCC_541\Debug\cymetadata.o
 .bss           0x00000000        0x0 .\CortexM0\ARM_GCC_541\Debug\cymetadata.o
 .text          0x00000000        0x0 .\CortexM0\ARM_GCC_541\Debug\Cm0Start.o
 .data          0x00000000        0x4 .\CortexM0\ARM_GCC_541\Debug\Cm0Start.o
 .bss           0x00000000        0x0 .\CortexM0\ARM_GCC_541\Debug\Cm0Start.o
 .text._exit    0x00000000        0xc .\CortexM0\ARM_GCC_541\Debug\Cm0Start.o
 .text._sbrk    0x00000000       0x30 .\CortexM0\ARM_GCC_541\Debug\Cm0Start.o
 .text          0x00000000        0x0 .\CortexM0\ARM_GCC_541\Debug\lab-2.a(Timer_Counter.o)
 .data          0x00000000        0x0 .\CortexM0\ARM_GCC_541\Debug\lab-2.a(Timer_Counter.o)
 .text.Timer_Counter_Stop
                0x00000000       0x1c .\CortexM0\ARM_GCC_541\Debug\lab-2.a(Timer_Counter.o)
 .text.Timer_Counter_SetMode
                0x00000000       0x28 .\CortexM0\ARM_GCC_541\Debug\lab-2.a(Timer_Counter.o)
 .text.Timer_Counter_SetQDMode
                0x00000000       0x28 .\CortexM0\ARM_GCC_541\Debug\lab-2.a(Timer_Counter.o)
 .text.Timer_Counter_SetPrescaler
                0x00000000       0x28 .\CortexM0\ARM_GCC_541\Debug\lab-2.a(Timer_Counter.o)
 .text.Timer_Counter_SetOneShot
                0x00000000       0x30 .\CortexM0\ARM_GCC_541\Debug\lab-2.a(Timer_Counter.o)
 .text.Timer_Counter_SetPWMMode
                0x00000000       0x10 .\CortexM0\ARM_GCC_541\Debug\lab-2.a(Timer_Counter.o)
 .text.Timer_Counter_SetPWMSyncKill
                0x00000000       0x28 .\CortexM0\ARM_GCC_541\Debug\lab-2.a(Timer_Counter.o)
 .text.Timer_Counter_SetPWMStopOnKill
                0x00000000       0x28 .\CortexM0\ARM_GCC_541\Debug\lab-2.a(Timer_Counter.o)
 .text.Timer_Counter_SetPWMDeadTime
                0x00000000       0x2c .\CortexM0\ARM_GCC_541\Debug\lab-2.a(Timer_Counter.o)
 .text.Timer_Counter_SetPWMInvert
                0x00000000       0x28 .\CortexM0\ARM_GCC_541\Debug\lab-2.a(Timer_Counter.o)
 .text.Timer_Counter_ReadCounter
                0x00000000       0x10 .\CortexM0\ARM_GCC_541\Debug\lab-2.a(Timer_Counter.o)
 .text.Timer_Counter_SetCounterMode
                0x00000000       0x28 .\CortexM0\ARM_GCC_541\Debug\lab-2.a(Timer_Counter.o)
 .text.Timer_Counter_ReadPeriod
                0x00000000       0x10 .\CortexM0\ARM_GCC_541\Debug\lab-2.a(Timer_Counter.o)
 .text.Timer_Counter_SetCompareSwap
                0x00000000       0x24 .\CortexM0\ARM_GCC_541\Debug\lab-2.a(Timer_Counter.o)
 .text.Timer_Counter_WritePeriodBuf
                0x00000000       0x10 .\CortexM0\ARM_GCC_541\Debug\lab-2.a(Timer_Counter.o)
 .text.Timer_Counter_ReadPeriodBuf
                0x00000000       0x10 .\CortexM0\ARM_GCC_541\Debug\lab-2.a(Timer_Counter.o)
 .text.Timer_Counter_SetPeriodSwap
                0x00000000       0x28 .\CortexM0\ARM_GCC_541\Debug\lab-2.a(Timer_Counter.o)
 .text.Timer_Counter_WriteCompare
                0x00000000       0x10 .\CortexM0\ARM_GCC_541\Debug\lab-2.a(Timer_Counter.o)
 .text.Timer_Counter_ReadCompare
                0x00000000       0x10 .\CortexM0\ARM_GCC_541\Debug\lab-2.a(Timer_Counter.o)
 .text.Timer_Counter_WriteCompareBuf
                0x00000000       0x10 .\CortexM0\ARM_GCC_541\Debug\lab-2.a(Timer_Counter.o)
 .text.Timer_Counter_ReadCompareBuf
                0x00000000       0x10 .\CortexM0\ARM_GCC_541\Debug\lab-2.a(Timer_Counter.o)
 .text.Timer_Counter_ReadCapture
                0x00000000       0x10 .\CortexM0\ARM_GCC_541\Debug\lab-2.a(Timer_Counter.o)
 .text.Timer_Counter_ReadCaptureBuf
                0x00000000       0x10 .\CortexM0\ARM_GCC_541\Debug\lab-2.a(Timer_Counter.o)
 .text.Timer_Counter_SetCaptureMode
                0x00000000       0x24 .\CortexM0\ARM_GCC_541\Debug\lab-2.a(Timer_Counter.o)
 .text.Timer_Counter_SetReloadMode
                0x00000000       0x24 .\CortexM0\ARM_GCC_541\Debug\lab-2.a(Timer_Counter.o)
 .text.Timer_Counter_SetStartMode
                0x00000000       0x28 .\CortexM0\ARM_GCC_541\Debug\lab-2.a(Timer_Counter.o)
 .text.Timer_Counter_SetStopMode
                0x00000000       0x24 .\CortexM0\ARM_GCC_541\Debug\lab-2.a(Timer_Counter.o)
 .text.Timer_Counter_SetCountMode
                0x00000000       0x24 .\CortexM0\ARM_GCC_541\Debug\lab-2.a(Timer_Counter.o)
 .text.Timer_Counter_ReadStatus
                0x00000000       0x14 .\CortexM0\ARM_GCC_541\Debug\lab-2.a(Timer_Counter.o)
 .text.Timer_Counter_GetInterruptSourceMasked
                0x00000000        0xc .\CortexM0\ARM_GCC_541\Debug\lab-2.a(Timer_Counter.o)
 .text.Timer_Counter_GetInterruptSource
                0x00000000        0xc .\CortexM0\ARM_GCC_541\Debug\lab-2.a(Timer_Counter.o)
 .text.Timer_Counter_SetInterrupt
                0x00000000        0xc .\CortexM0\ARM_GCC_541\Debug\lab-2.a(Timer_Counter.o)
 .text          0x00000000        0x0 .\CortexM0\ARM_GCC_541\Debug\lab-2.a(timer_isr.o)
 .data          0x00000000        0x0 .\CortexM0\ARM_GCC_541\Debug\lab-2.a(timer_isr.o)
 .bss           0x00000000        0x0 .\CortexM0\ARM_GCC_541\Debug\lab-2.a(timer_isr.o)
 .text.timer_isr_Interrupt
                0x00000000        0x4 .\CortexM0\ARM_GCC_541\Debug\lab-2.a(timer_isr.o)
 .text.timer_isr_GetVector
                0x00000000        0xc .\CortexM0\ARM_GCC_541\Debug\lab-2.a(timer_isr.o)
 .text.timer_isr_GetPriority
                0x00000000        0xc .\CortexM0\ARM_GCC_541\Debug\lab-2.a(timer_isr.o)
 .text.timer_isr_GetState
                0x00000000       0x14 .\CortexM0\ARM_GCC_541\Debug\lab-2.a(timer_isr.o)
 .text.timer_isr_Start
                0x00000000       0x1c .\CortexM0\ARM_GCC_541\Debug\lab-2.a(timer_isr.o)
 .text.timer_isr_Stop
                0x00000000       0x14 .\CortexM0\ARM_GCC_541\Debug\lab-2.a(timer_isr.o)
 .text.timer_isr_SetPending
                0x00000000       0x10 .\CortexM0\ARM_GCC_541\Debug\lab-2.a(timer_isr.o)
 .text.timer_isr_ClearPending
                0x00000000       0x10 .\CortexM0\ARM_GCC_541\Debug\lab-2.a(timer_isr.o)
 .text          0x00000000        0x0 .\CortexM0\ARM_GCC_541\Debug\lab-2.a(Control_Reg.o)
 .data          0x00000000        0x0 .\CortexM0\ARM_GCC_541\Debug\lab-2.a(Control_Reg.o)
 .bss           0x00000000        0x0 .\CortexM0\ARM_GCC_541\Debug\lab-2.a(Control_Reg.o)
 .text.Control_Reg_Read
                0x00000000        0xc .\CortexM0\ARM_GCC_541\Debug\lab-2.a(Control_Reg.o)
 .text          0x00000000        0x0 .\CortexM0\ARM_GCC_541\Debug\lab-2.a(CyLib.o)
 .bss           0x00000000       0x18 .\CortexM0\ARM_GCC_541\Debug\lab-2.a(CyLib.o)
 .text.CySysClkImoStart
                0x00000000       0x14 .\CortexM0\ARM_GCC_541\Debug\lab-2.a(CyLib.o)
 .text.CySysClkImoStop
                0x00000000       0x18 .\CortexM0\ARM_GCC_541\Debug\lab-2.a(CyLib.o)
 .text.CySysClkWriteHfclkDirect
                0x00000000       0x20 .\CortexM0\ARM_GCC_541\Debug\lab-2.a(CyLib.o)
 .text.CySysEnablePumpClock
                0x00000000       0x38 .\CortexM0\ARM_GCC_541\Debug\lab-2.a(CyLib.o)
 .text.CySysClkGetSysclkSource
                0x00000000       0x1c .\CortexM0\ARM_GCC_541\Debug\lab-2.a(CyLib.o)
 .text.CySysClkWriteSysclkDiv
                0x00000000       0x30 .\CortexM0\ARM_GCC_541\Debug\lab-2.a(CyLib.o)
 .text.CySysLvdDisable
                0x00000000       0x20 .\CortexM0\ARM_GCC_541\Debug\lab-2.a(CyLib.o)
 .text.CySysLvdGetInterruptSource
                0x00000000       0x10 .\CortexM0\ARM_GCC_541\Debug\lab-2.a(CyLib.o)
 .text.CySysLvdClearInterrupt
                0x00000000        0xc .\CortexM0\ARM_GCC_541\Debug\lab-2.a(CyLib.o)
 .text.CySysGetResetReason
                0x00000000       0x14 .\CortexM0\ARM_GCC_541\Debug\lab-2.a(CyLib.o)
 .text.CyDisableInts
                0x00000000       0x10 .\CortexM0\ARM_GCC_541\Debug\lab-2.a(CyLib.o)
 .text.CyEnableInts
                0x00000000        0xc .\CortexM0\ARM_GCC_541\Debug\lab-2.a(CyLib.o)
 .text.CyIntGetState
                0x00000000       0x18 .\CortexM0\ARM_GCC_541\Debug\lab-2.a(CyLib.o)
 .text.CyIntDisable
                0x00000000       0x14 .\CortexM0\ARM_GCC_541\Debug\lab-2.a(CyLib.o)
 .text.CyIntSetPending
                0x00000000       0x14 .\CortexM0\ARM_GCC_541\Debug\lab-2.a(CyLib.o)
 .text.CyIntClearPending
                0x00000000       0x14 .\CortexM0\ARM_GCC_541\Debug\lab-2.a(CyLib.o)
 .text.CyIntSetSysVector
                0x00000000       0x20 .\CortexM0\ARM_GCC_541\Debug\lab-2.a(CyLib.o)
 .text.CyIntGetSysVector
                0x00000000       0x1c .\CortexM0\ARM_GCC_541\Debug\lab-2.a(CyLib.o)
 .text.CyIntGetVector
                0x00000000       0x20 .\CortexM0\ARM_GCC_541\Debug\lab-2.a(CyLib.o)
 .text.CyIntSetPriority
                0x00000000       0x4c .\CortexM0\ARM_GCC_541\Debug\lab-2.a(CyLib.o)
 .text.CyIntGetPriority
                0x00000000       0x2c .\CortexM0\ARM_GCC_541\Debug\lab-2.a(CyLib.o)
 .text.CySoftwareReset
                0x00000000       0x18 .\CortexM0\ARM_GCC_541\Debug\lab-2.a(CyLib.o)
 .text.CyDelayUs
                0x00000000       0x14 .\CortexM0\ARM_GCC_541\Debug\lab-2.a(CyLib.o)
 .text.CySysLvdEnable
                0x00000000       0x44 .\CortexM0\ARM_GCC_541\Debug\lab-2.a(CyLib.o)
 .text.CyDelayFreq
                0x00000000       0x4c .\CortexM0\ARM_GCC_541\Debug\lab-2.a(CyLib.o)
 .text.CySysTickStop
                0x00000000       0x10 .\CortexM0\ARM_GCC_541\Debug\lab-2.a(CyLib.o)
 .text.CySysTickEnableInterrupt
                0x00000000       0x10 .\CortexM0\ARM_GCC_541\Debug\lab-2.a(CyLib.o)
 .text.CySysTickEnable
                0x00000000       0x18 .\CortexM0\ARM_GCC_541\Debug\lab-2.a(CyLib.o)
 .text.CySysTickDisableInterrupt
                0x00000000       0x10 .\CortexM0\ARM_GCC_541\Debug\lab-2.a(CyLib.o)
 .text.CySysTickSetReload
                0x00000000       0x10 .\CortexM0\ARM_GCC_541\Debug\lab-2.a(CyLib.o)
 .text.CySysTickGetReload
                0x00000000       0x10 .\CortexM0\ARM_GCC_541\Debug\lab-2.a(CyLib.o)
 .text.CySysTickGetValue
                0x00000000       0x10 .\CortexM0\ARM_GCC_541\Debug\lab-2.a(CyLib.o)
 .text.CySysTickSetClockSource
                0x00000000       0x20 .\CortexM0\ARM_GCC_541\Debug\lab-2.a(CyLib.o)
 .text.CySysTickGetClockSource
                0x00000000       0x10 .\CortexM0\ARM_GCC_541\Debug\lab-2.a(CyLib.o)
 .text.CySysTickGetCountFlag
                0x00000000       0x10 .\CortexM0\ARM_GCC_541\Debug\lab-2.a(CyLib.o)
 .text.CySysTickServiceCallbacks
                0x00000000       0x28 .\CortexM0\ARM_GCC_541\Debug\lab-2.a(CyLib.o)
 .text.CySysTickClear
                0x00000000        0xc .\CortexM0\ARM_GCC_541\Debug\lab-2.a(CyLib.o)
 .text.CySysTickInit
                0x00000000       0x44 .\CortexM0\ARM_GCC_541\Debug\lab-2.a(CyLib.o)
 .text.CySysTickStart
                0x00000000       0x20 .\CortexM0\ARM_GCC_541\Debug\lab-2.a(CyLib.o)
 .text.CySysTickSetCallback
                0x00000000       0x10 .\CortexM0\ARM_GCC_541\Debug\lab-2.a(CyLib.o)
 .text.CySysTickGetCallback
                0x00000000        0xc .\CortexM0\ARM_GCC_541\Debug\lab-2.a(CyLib.o)
 .text.CyGetUniqueId
                0x00000000       0x70 .\CortexM0\ARM_GCC_541\Debug\lab-2.a(CyLib.o)
 .text.CySysSetRamAccessArbPriority
                0x00000000       0x20 .\CortexM0\ARM_GCC_541\Debug\lab-2.a(CyLib.o)
 .text.CySysSetFlashAccessArbPriority
                0x00000000       0x20 .\CortexM0\ARM_GCC_541\Debug\lab-2.a(CyLib.o)
 .text.CySysSetDmacAccessArbPriority
                0x00000000       0x20 .\CortexM0\ARM_GCC_541\Debug\lab-2.a(CyLib.o)
 .text.CySysSetPeripheralAccessArbPriority
                0x00000000       0x68 .\CortexM0\ARM_GCC_541\Debug\lab-2.a(CyLib.o)
 .text          0x00000000        0x0 .\CortexM0\ARM_GCC_541\Debug\lab-2.a(CyLFClk.o)
 .text.CySysClkIloEnabled
                0x00000000       0x14 .\CortexM0\ARM_GCC_541\Debug\lab-2.a(CyLFClk.o)
 .text.CySysClkGetLfclkSource
                0x00000000       0x10 .\CortexM0\ARM_GCC_541\Debug\lab-2.a(CyLFClk.o)
 .text.CySysClkIloStart
                0x00000000       0x14 .\CortexM0\ARM_GCC_541\Debug\lab-2.a(CyLFClk.o)
 .text.CySysClkIloStartMeasurement
                0x00000000       0x5c .\CortexM0\ARM_GCC_541\Debug\lab-2.a(CyLFClk.o)
 .text.CySysClkIloStopMeasurement
                0x00000000       0x14 .\CortexM0\ARM_GCC_541\Debug\lab-2.a(CyLFClk.o)
 .text.CySysClkIloCompensate
                0x00000000      0x104 .\CortexM0\ARM_GCC_541\Debug\lab-2.a(CyLFClk.o)
 .text.CySysClkIloUpdateTrimReg
                0x00000000       0xa8 .\CortexM0\ARM_GCC_541\Debug\lab-2.a(CyLFClk.o)
 .text.CySysClkIloTrim
                0x00000000       0xd8 .\CortexM0\ARM_GCC_541\Debug\lab-2.a(CyLFClk.o)
 .text.CySysClkIloRestoreFactoryTrim
                0x00000000       0x30 .\CortexM0\ARM_GCC_541\Debug\lab-2.a(CyLFClk.o)
 .text.CySysClkWcoStart
                0x00000000       0x40 .\CortexM0\ARM_GCC_541\Debug\lab-2.a(CyLFClk.o)
 .text.CySysClkWcoSetPowerMode
                0x00000000       0x4c .\CortexM0\ARM_GCC_541\Debug\lab-2.a(CyLFClk.o)
 .text.CySysClkWcoClockOutSelect
                0x00000000       0x2c .\CortexM0\ARM_GCC_541\Debug\lab-2.a(CyLFClk.o)
 .text.CySysWdtGetEnabledStatus
                0x00000000       0x24 .\CortexM0\ARM_GCC_541\Debug\lab-2.a(CyLFClk.o)
 .text.CySysWdtSetMode
                0x00000000       0x38 .\CortexM0\ARM_GCC_541\Debug\lab-2.a(CyLFClk.o)
 .text.CySysClkLfclkPosedgeRestore
                0x00000000       0x2c .\CortexM0\ARM_GCC_541\Debug\lab-2.a(CyLFClk.o)
 .text.CySysWdtGetMode
                0x00000000       0x14 .\CortexM0\ARM_GCC_541\Debug\lab-2.a(CyLFClk.o)
 .text.CySysWdtSetClearOnMatch
                0x00000000       0x34 .\CortexM0\ARM_GCC_541\Debug\lab-2.a(CyLFClk.o)
 .text.CySysWdtGetClearOnMatch
                0x00000000       0x24 .\CortexM0\ARM_GCC_541\Debug\lab-2.a(CyLFClk.o)
 .text.CySysWdtEnable
                0x00000000       0x3c .\CortexM0\ARM_GCC_541\Debug\lab-2.a(CyLFClk.o)
 .text.CySysWdtDisable
                0x00000000       0x44 .\CortexM0\ARM_GCC_541\Debug\lab-2.a(CyLFClk.o)
 .text.CySysWdtSetCascade
                0x00000000       0x34 .\CortexM0\ARM_GCC_541\Debug\lab-2.a(CyLFClk.o)
 .text.CySysWdtGetCascade
                0x00000000       0x14 .\CortexM0\ARM_GCC_541\Debug\lab-2.a(CyLFClk.o)
 .text.CySysWdtSetMatch
                0x00000000       0x54 .\CortexM0\ARM_GCC_541\Debug\lab-2.a(CyLFClk.o)
 .text.CySysWdtSetToggleBit
                0x00000000       0x30 .\CortexM0\ARM_GCC_541\Debug\lab-2.a(CyLFClk.o)
 .text.CySysWdtGetToggleBit
                0x00000000       0x10 .\CortexM0\ARM_GCC_541\Debug\lab-2.a(CyLFClk.o)
 .text.CySysWdtGetMatch
                0x00000000       0x20 .\CortexM0\ARM_GCC_541\Debug\lab-2.a(CyLFClk.o)
 .text.CySysWdtGetCount
                0x00000000       0x3c .\CortexM0\ARM_GCC_541\Debug\lab-2.a(CyLFClk.o)
 .text.CySysClkLfclkPosedgeCatch
                0x00000000       0x74 .\CortexM0\ARM_GCC_541\Debug\lab-2.a(CyLFClk.o)
 .text.CySysClkIloStop
                0x00000000       0x4c .\CortexM0\ARM_GCC_541\Debug\lab-2.a(CyLFClk.o)
 .text.CySysClkSetLfclkSource
                0x00000000       0x38 .\CortexM0\ARM_GCC_541\Debug\lab-2.a(CyLFClk.o)
 .text.CySysClkWcoStop
                0x00000000       0x48 .\CortexM0\ARM_GCC_541\Debug\lab-2.a(CyLFClk.o)
 .text.CySysWdtGetInterruptSource
                0x00000000       0x14 .\CortexM0\ARM_GCC_541\Debug\lab-2.a(CyLFClk.o)
 .text.CySysWdtResetCounters
                0x00000000       0x20 .\CortexM0\ARM_GCC_541\Debug\lab-2.a(CyLFClk.o)
 .text.CySysWdtSetInterruptCallback
                0x00000000       0x20 .\CortexM0\ARM_GCC_541\Debug\lab-2.a(CyLFClk.o)
 .text.CySysWdtGetInterruptCallback
                0x00000000       0x20 .\CortexM0\ARM_GCC_541\Debug\lab-2.a(CyLFClk.o)
 .text.CySysWdtEnableCounterIsr
                0x00000000       0x34 .\CortexM0\ARM_GCC_541\Debug\lab-2.a(CyLFClk.o)
 .text.CySysWdtDisableCounterIsr
                0x00000000       0x28 .\CortexM0\ARM_GCC_541\Debug\lab-2.a(CyLFClk.o)
 .text.CySysWatchdogFeed
                0x00000000       0x60 .\CortexM0\ARM_GCC_541\Debug\lab-2.a(CyLFClk.o)
 .text.CySysTimerDelayUntilMatch
                0x00000000       0x6c .\CortexM0\ARM_GCC_541\Debug\lab-2.a(CyLFClk.o)
 .text.CySysTimerDelay
                0x00000000       0x3c .\CortexM0\ARM_GCC_541\Debug\lab-2.a(CyLFClk.o)
 .rodata        0x00000000        0xc .\CortexM0\ARM_GCC_541\Debug\lab-2.a(CyLFClk.o)
 .text          0x00000000        0x0 .\CortexM0\ARM_GCC_541\Debug\lab-2.a(Button.o)
 .data          0x00000000        0x0 .\CortexM0\ARM_GCC_541\Debug\lab-2.a(Button.o)
 .bss           0x00000000        0x0 .\CortexM0\ARM_GCC_541\Debug\lab-2.a(Button.o)
 .text.Button_SetDriveMode
                0x00000000       0x18 .\CortexM0\ARM_GCC_541\Debug\lab-2.a(Button.o)
 .text.Button_Write
                0x00000000       0x18 .\CortexM0\ARM_GCC_541\Debug\lab-2.a(Button.o)
 .text.Button_Read
                0x00000000       0x10 .\CortexM0\ARM_GCC_541\Debug\lab-2.a(Button.o)
 .text.Button_ReadDataReg
                0x00000000       0x10 .\CortexM0\ARM_GCC_541\Debug\lab-2.a(Button.o)
 .text.Button_SetInterruptMode
                0x00000000       0x14 .\CortexM0\ARM_GCC_541\Debug\lab-2.a(Button.o)
 .text          0x00000000        0x0 .\CortexM0\ARM_GCC_541\Debug\lab-2.a(button_isr.o)
 .data          0x00000000        0x0 .\CortexM0\ARM_GCC_541\Debug\lab-2.a(button_isr.o)
 .bss           0x00000000        0x0 .\CortexM0\ARM_GCC_541\Debug\lab-2.a(button_isr.o)
 .text.button_isr_Interrupt
                0x00000000        0x4 .\CortexM0\ARM_GCC_541\Debug\lab-2.a(button_isr.o)
 .text.button_isr_GetVector
                0x00000000        0xc .\CortexM0\ARM_GCC_541\Debug\lab-2.a(button_isr.o)
 .text.button_isr_GetPriority
                0x00000000       0x10 .\CortexM0\ARM_GCC_541\Debug\lab-2.a(button_isr.o)
 .text.button_isr_GetState
                0x00000000       0x10 .\CortexM0\ARM_GCC_541\Debug\lab-2.a(button_isr.o)
 .text.button_isr_Start
                0x00000000       0x1c .\CortexM0\ARM_GCC_541\Debug\lab-2.a(button_isr.o)
 .text.button_isr_Stop
                0x00000000       0x14 .\CortexM0\ARM_GCC_541\Debug\lab-2.a(button_isr.o)
 .text.button_isr_SetPending
                0x00000000        0xc .\CortexM0\ARM_GCC_541\Debug\lab-2.a(button_isr.o)
 .text.button_isr_ClearPending
                0x00000000        0xc .\CortexM0\ARM_GCC_541\Debug\lab-2.a(button_isr.o)
 .data          0x00000000        0x0 .\CortexM0\ARM_GCC_541\Debug\lab-2.a(CyBootAsmGnu.o)
 .bss           0x00000000        0x0 .\CortexM0\ARM_GCC_541\Debug\lab-2.a(CyBootAsmGnu.o)
 .text          0x00000000        0x0 .\CortexM0\ARM_GCC_541\Debug\lab-2.a(CyFlash.o)
 .data          0x00000000        0x0 .\CortexM0\ARM_GCC_541\Debug\lab-2.a(CyFlash.o)
 .bss           0x00000000        0x0 .\CortexM0\ARM_GCC_541\Debug\lab-2.a(CyFlash.o)
 .text.CySysFlashClockBackup
                0x00000000        0x4 .\CortexM0\ARM_GCC_541\Debug\lab-2.a(CyFlash.o)
 .text.CySysFlashClockRestore
                0x00000000        0x4 .\CortexM0\ARM_GCC_541\Debug\lab-2.a(CyFlash.o)
 .text.CySysFlashWriteRow
                0x00000000      0x124 .\CortexM0\ARM_GCC_541\Debug\lab-2.a(CyFlash.o)
 .text.CySysSFlashWriteUserRow
                0x00000000      0x110 .\CortexM0\ARM_GCC_541\Debug\lab-2.a(CyFlash.o)
 .text          0x00000000      0x114 c:/program files (x86)/cypress/psoc creator/4.4/psoc creator/import/gnu/arm/5.4.1/bin/../lib/gcc/arm-none-eabi/5.4.1/armv6-m\libgcc.a(_udivsi3.o)
 .data          0x00000000        0x0 c:/program files (x86)/cypress/psoc creator/4.4/psoc creator/import/gnu/arm/5.4.1/bin/../lib/gcc/arm-none-eabi/5.4.1/armv6-m\libgcc.a(_udivsi3.o)
 .bss           0x00000000        0x0 c:/program files (x86)/cypress/psoc creator/4.4/psoc creator/import/gnu/arm/5.4.1/bin/../lib/gcc/arm-none-eabi/5.4.1/armv6-m\libgcc.a(_udivsi3.o)
 .text          0x00000000      0x1d4 c:/program files (x86)/cypress/psoc creator/4.4/psoc creator/import/gnu/arm/5.4.1/bin/../lib/gcc/arm-none-eabi/5.4.1/armv6-m\libgcc.a(_divsi3.o)
 .data          0x00000000        0x0 c:/program files (x86)/cypress/psoc creator/4.4/psoc creator/import/gnu/arm/5.4.1/bin/../lib/gcc/arm-none-eabi/5.4.1/armv6-m\libgcc.a(_divsi3.o)
 .bss           0x00000000        0x0 c:/program files (x86)/cypress/psoc creator/4.4/psoc creator/import/gnu/arm/5.4.1/bin/../lib/gcc/arm-none-eabi/5.4.1/armv6-m\libgcc.a(_divsi3.o)
 .text          0x00000000        0x4 c:/program files (x86)/cypress/psoc creator/4.4/psoc creator/import/gnu/arm/5.4.1/bin/../lib/gcc/arm-none-eabi/5.4.1/armv6-m\libgcc.a(_dvmd_tls.o)
 .data          0x00000000        0x0 c:/program files (x86)/cypress/psoc creator/4.4/psoc creator/import/gnu/arm/5.4.1/bin/../lib/gcc/arm-none-eabi/5.4.1/armv6-m\libgcc.a(_dvmd_tls.o)
 .bss           0x00000000        0x0 c:/program files (x86)/cypress/psoc creator/4.4/psoc creator/import/gnu/arm/5.4.1/bin/../lib/gcc/arm-none-eabi/5.4.1/armv6-m\libgcc.a(_dvmd_tls.o)
 .text          0x00000000        0x0 c:/program files (x86)/cypress/psoc creator/4.4/psoc creator/import/gnu/arm/5.4.1/bin/../lib/gcc/arm-none-eabi/5.4.1/../../../../arm-none-eabi/lib/armv6-m\libg_nano.a(lib_a-errno.o)
 .data          0x00000000        0x0 c:/program files (x86)/cypress/psoc creator/4.4/psoc creator/import/gnu/arm/5.4.1/bin/../lib/gcc/arm-none-eabi/5.4.1/../../../../arm-none-eabi/lib/armv6-m\libg_nano.a(lib_a-errno.o)
 .bss           0x00000000        0x0 c:/program files (x86)/cypress/psoc creator/4.4/psoc creator/import/gnu/arm/5.4.1/bin/../lib/gcc/arm-none-eabi/5.4.1/../../../../arm-none-eabi/lib/armv6-m\libg_nano.a(lib_a-errno.o)
 .text          0x00000000        0x0 c:/program files (x86)/cypress/psoc creator/4.4/psoc creator/import/gnu/arm/5.4.1/bin/../lib/gcc/arm-none-eabi/5.4.1/../../../../arm-none-eabi/lib/armv6-m\libg_nano.a(lib_a-exit.o)
 .data          0x00000000        0x0 c:/program files (x86)/cypress/psoc creator/4.4/psoc creator/import/gnu/arm/5.4.1/bin/../lib/gcc/arm-none-eabi/5.4.1/../../../../arm-none-eabi/lib/armv6-m\libg_nano.a(lib_a-exit.o)
 .bss           0x00000000        0x0 c:/program files (x86)/cypress/psoc creator/4.4/psoc creator/import/gnu/arm/5.4.1/bin/../lib/gcc/arm-none-eabi/5.4.1/../../../../arm-none-eabi/lib/armv6-m\libg_nano.a(lib_a-exit.o)
 .text.exit     0x00000000       0x2c c:/program files (x86)/cypress/psoc creator/4.4/psoc creator/import/gnu/arm/5.4.1/bin/../lib/gcc/arm-none-eabi/5.4.1/../../../../arm-none-eabi/lib/armv6-m\libg_nano.a(lib_a-exit.o)
 .text          0x00000000        0x0 c:/program files (x86)/cypress/psoc creator/4.4/psoc creator/import/gnu/arm/5.4.1/bin/../lib/gcc/arm-none-eabi/5.4.1/../../../../arm-none-eabi/lib/armv6-m\libg_nano.a(lib_a-impure.o)
 .data          0x00000000        0x0 c:/program files (x86)/cypress/psoc creator/4.4/psoc creator/import/gnu/arm/5.4.1/bin/../lib/gcc/arm-none-eabi/5.4.1/../../../../arm-none-eabi/lib/armv6-m\libg_nano.a(lib_a-impure.o)
 .bss           0x00000000        0x0 c:/program files (x86)/cypress/psoc creator/4.4/psoc creator/import/gnu/arm/5.4.1/bin/../lib/gcc/arm-none-eabi/5.4.1/../../../../arm-none-eabi/lib/armv6-m\libg_nano.a(lib_a-impure.o)
 .rodata._global_impure_ptr
                0x00000000        0x4 c:/program files (x86)/cypress/psoc creator/4.4/psoc creator/import/gnu/arm/5.4.1/bin/../lib/gcc/arm-none-eabi/5.4.1/../../../../arm-none-eabi/lib/armv6-m\libg_nano.a(lib_a-impure.o)
 .text          0x00000000        0x0 c:/program files (x86)/cypress/psoc creator/4.4/psoc creator/import/gnu/arm/5.4.1/bin/../lib/gcc/arm-none-eabi/5.4.1/../../../../arm-none-eabi/lib/armv6-m\libg_nano.a(lib_a-init.o)
 .data          0x00000000        0x0 c:/program files (x86)/cypress/psoc creator/4.4/psoc creator/import/gnu/arm/5.4.1/bin/../lib/gcc/arm-none-eabi/5.4.1/../../../../arm-none-eabi/lib/armv6-m\libg_nano.a(lib_a-init.o)
 .bss           0x00000000        0x0 c:/program files (x86)/cypress/psoc creator/4.4/psoc creator/import/gnu/arm/5.4.1/bin/../lib/gcc/arm-none-eabi/5.4.1/../../../../arm-none-eabi/lib/armv6-m\libg_nano.a(lib_a-init.o)
 .text          0x00000000        0x0 c:/program files (x86)/cypress/psoc creator/4.4/psoc creator/import/gnu/arm/5.4.1/bin/../lib/gcc/arm-none-eabi/5.4.1/../../../../arm-none-eabi/lib/armv6-m\libg_nano.a(lib_a-memcpy-stub.o)
 .data          0x00000000        0x0 c:/program files (x86)/cypress/psoc creator/4.4/psoc creator/import/gnu/arm/5.4.1/bin/../lib/gcc/arm-none-eabi/5.4.1/../../../../arm-none-eabi/lib/armv6-m\libg_nano.a(lib_a-memcpy-stub.o)
 .bss           0x00000000        0x0 c:/program files (x86)/cypress/psoc creator/4.4/psoc creator/import/gnu/arm/5.4.1/bin/../lib/gcc/arm-none-eabi/5.4.1/../../../../arm-none-eabi/lib/armv6-m\libg_nano.a(lib_a-memcpy-stub.o)
 .text.memcpy   0x00000000       0x12 c:/program files (x86)/cypress/psoc creator/4.4/psoc creator/import/gnu/arm/5.4.1/bin/../lib/gcc/arm-none-eabi/5.4.1/../../../../arm-none-eabi/lib/armv6-m\libg_nano.a(lib_a-memcpy-stub.o)
 .text          0x00000000        0x0 c:/program files (x86)/cypress/psoc creator/4.4/psoc creator/import/gnu/arm/5.4.1/bin/../lib/gcc/arm-none-eabi/5.4.1/../../../../arm-none-eabi/lib/armv6-m\libg_nano.a(lib_a-memset.o)
 .data          0x00000000        0x0 c:/program files (x86)/cypress/psoc creator/4.4/psoc creator/import/gnu/arm/5.4.1/bin/../lib/gcc/arm-none-eabi/5.4.1/../../../../arm-none-eabi/lib/armv6-m\libg_nano.a(lib_a-memset.o)
 .bss           0x00000000        0x0 c:/program files (x86)/cypress/psoc creator/4.4/psoc creator/import/gnu/arm/5.4.1/bin/../lib/gcc/arm-none-eabi/5.4.1/../../../../arm-none-eabi/lib/armv6-m\libg_nano.a(lib_a-memset.o)
 .text          0x00000000        0x0 c:/program files (x86)/cypress/psoc creator/4.4/psoc creator/import/gnu/arm/5.4.1/bin/../lib/gcc/arm-none-eabi/5.4.1/armv6-m/crtend.o
 .data          0x00000000        0x0 c:/program files (x86)/cypress/psoc creator/4.4/psoc creator/import/gnu/arm/5.4.1/bin/../lib/gcc/arm-none-eabi/5.4.1/armv6-m/crtend.o
 .bss           0x00000000        0x0 c:/program files (x86)/cypress/psoc creator/4.4/psoc creator/import/gnu/arm/5.4.1/bin/../lib/gcc/arm-none-eabi/5.4.1/armv6-m/crtend.o
 .text          0x00000000        0x0 c:/program files (x86)/cypress/psoc creator/4.4/psoc creator/import/gnu/arm/5.4.1/bin/../lib/gcc/arm-none-eabi/5.4.1/armv6-m/crtn.o
 .data          0x00000000        0x0 c:/program files (x86)/cypress/psoc creator/4.4/psoc creator/import/gnu/arm/5.4.1/bin/../lib/gcc/arm-none-eabi/5.4.1/armv6-m/crtn.o
 .bss           0x00000000        0x0 c:/program files (x86)/cypress/psoc creator/4.4/psoc creator/import/gnu/arm/5.4.1/bin/../lib/gcc/arm-none-eabi/5.4.1/armv6-m/crtn.o

Memory Configuration

Name             Origin             Length             Attributes
rom              0x00000000         0x00020000         xr
ram              0x20000000         0x00004000         xrw
*default*        0x00000000         0xffffffff

Linker script and memory map

LOAD c:/program files (x86)/cypress/psoc creator/4.4/psoc creator/import/gnu/arm/5.4.1/bin/../lib/gcc/arm-none-eabi/5.4.1/armv6-m/crti.o
LOAD c:/program files (x86)/cypress/psoc creator/4.4/psoc creator/import/gnu/arm/5.4.1/bin/../lib/gcc/arm-none-eabi/5.4.1/armv6-m/crtbegin.o
LOAD c:/program files (x86)/cypress/psoc creator/4.4/psoc creator/import/gnu/arm/5.4.1/bin/../lib/gcc/arm-none-eabi/5.4.1/../../../../arm-none-eabi/lib/armv6-m/crt0.o
START GROUP
LOAD .\CortexM0\ARM_GCC_541\Debug\main.o
LOAD .\CortexM0\ARM_GCC_541\Debug\cyfitter_cfg.o
LOAD .\CortexM0\ARM_GCC_541\Debug\cymetadata.o
LOAD .\CortexM0\ARM_GCC_541\Debug\Cm0Start.o
LOAD .\CortexM0\ARM_GCC_541\Debug\lab-2.a
END GROUP
START GROUP
LOAD c:/program files (x86)/cypress/psoc creator/4.4/psoc creator/import/gnu/arm/5.4.1/bin/../lib/gcc/arm-none-eabi/5.4.1/armv6-m\libgcc.a
LOAD c:/program files (x86)/cypress/psoc creator/4.4/psoc creator/import/gnu/arm/5.4.1/bin/../lib/gcc/arm-none-eabi/5.4.1/../../../../arm-none-eabi/lib/armv6-m\libg_nano.a
LOAD c:/program files (x86)/cypress/psoc creator/4.4/psoc creator/import/gnu/arm/5.4.1/bin/../lib/gcc/arm-none-eabi/5.4.1/../../../../arm-none-eabi/lib/armv6-m\libc_nano.a
END GROUP
START GROUP
LOAD c:/program files (x86)/cypress/psoc creator/4.4/psoc creator/import/gnu/arm/5.4.1/bin/../lib/gcc/arm-none-eabi/5.4.1/armv6-m\libgcc.a
LOAD c:/program files (x86)/cypress/psoc creator/4.4/psoc creator/import/gnu/arm/5.4.1/bin/../lib/gcc/arm-none-eabi/5.4.1/../../../../arm-none-eabi/lib/armv6-m\libc_nano.a
END GROUP
LOAD c:/program files (x86)/cypress/psoc creator/4.4/psoc creator/import/gnu/arm/5.4.1/bin/../lib/gcc/arm-none-eabi/5.4.1/armv6-m/crtend.o
LOAD c:/program files (x86)/cypress/psoc creator/4.4/psoc creator/import/gnu/arm/5.4.1/bin/../lib/gcc/arm-none-eabi/5.4.1/armv6-m/crtn.o
START GROUP
LOAD c:/program files (x86)/cypress/psoc creator/4.4/psoc creator/import/gnu/arm/5.4.1/bin/../lib/gcc/arm-none-eabi/5.4.1/armv6-m\libgcc.a
LOAD c:/program files (x86)/cypress/psoc creator/4.4/psoc creator/import/gnu/arm/5.4.1/bin/../lib/gcc/arm-none-eabi/5.4.1/../../../../arm-none-eabi/lib/armv6-m\libc.a
LOAD c:/program files (x86)/cypress/psoc creator/4.4/psoc creator/import/gnu/arm/5.4.1/bin/../lib/gcc/arm-none-eabi/5.4.1/../../../../arm-none-eabi/lib/armv6-m\libnosys.a
END GROUP
                0x00000000                CY_APPL_ORIGIN = 0x0
                0x00000080                CY_FLASH_ROW_SIZE = 0x80
                0x00000001                CY_APPL_NUM = 0x1
                0x00000001                CY_APPL_MAX = 0x1
                0x00000040                CY_METADATA_SIZE = 0x40
                0x00000000                CY_APPL_LOADABLE = 0x0
                0x00000000                CY_CHECKSUM_EXCLUDE_SIZE = ALIGN (0x0, CY_FLASH_ROW_SIZE)
                0x00000000                CY_APP_FOR_STACK_AND_COPIER = 0x0
                [!provide]                PROVIDE (__cy_heap_start, _end)
                0x00000001                PROVIDE (__cy_region_num, ((__cy_regions_end - __cy_regions) / 0x10))
                0x20004000                PROVIDE (__cy_stack, (ORIGIN (ram) + LENGTH (ram)))
                [!provide]                PROVIDE (__cy_heap_end, (__cy_stack - 0x800))

.cybootloader   0x00000000        0x0
 *(.cybootloader)
                0x00000000                appl1_start = CY_APPL_ORIGIN?CY_APPL_ORIGIN:ALIGN (CY_FLASH_ROW_SIZE)
                0x0000ff80                appl2_start = (appl1_start + ALIGN ((((LENGTH (rom) - appl1_start) - (0x2 * CY_FLASH_ROW_SIZE)) / 0x2), CY_FLASH_ROW_SIZE))
                0x00000000                appl_start = (CY_APPL_NUM == 0x1)?appl1_start:appl2_start
                0x00000001                cy_project_type_bootloader = (appl_start == 0x0)?0x1:0x0
                0x00000000                cy_project_type_app_for_stack_and_copier = (CY_APP_FOR_STACK_AND_COPIER == 0x1)?0x1:0x0

.text           0x00000000      0xa64
 CREATE_OBJECT_SYMBOLS
                0x00000000                PROVIDE (__cy_interrupt_vector, RomVectors)
 *(.romvectors)
 .romvectors    0x00000000       0x10 .\CortexM0\ARM_GCC_541\Debug\Cm0Start.o
                0x00000000                RomVectors
                0x00000001                ASSERT ((. != __cy_interrupt_vector), No interrupt vector)
                0x00000001                ASSERT (CY_APPL_ORIGIN?(SIZEOF (.cybootloader) <= CY_APPL_ORIGIN):0x1, Wrong image location)
                0x00000010                PROVIDE (__cy_reset, Reset)
 *(.text.Reset)
 .text.Reset    0x00000010        0x8 .\CortexM0\ARM_GCC_541\Debug\Cm0Start.o
                0x00000010                Reset
                0x00000001                ASSERT ((. != __cy_reset), No reset code)
 *(.psocinit)
 .psocinit      0x00000018      0x164 .\CortexM0\ARM_GCC_541\Debug\cyfitter_cfg.o
                0x00000094                cyfitter_cfg
                0x0000017c                . = MAX (., 0x100)
 *(.text .text.* .gnu.linkonce.t.*)
 .text          0x0000017c       0x60 c:/program files (x86)/cypress/psoc creator/4.4/psoc creator/import/gnu/arm/5.4.1/bin/../lib/gcc/arm-none-eabi/5.4.1/armv6-m/crtbegin.o
 .text.timer_isr_interrupt
                0x000001dc       0x24 .\CortexM0\ARM_GCC_541\Debug\main.o
                0x000001dc                timer_isr_interrupt
 .text.button_isr_interrupt
                0x00000200       0x14 .\CortexM0\ARM_GCC_541\Debug\main.o
                0x00000200                button_isr_interrupt
 .text.main     0x00000214      0x110 .\CortexM0\ARM_GCC_541\Debug\main.o
                0x00000214                main
 .text.cfg_write_bytes32
                0x00000324       0x34 .\CortexM0\ARM_GCC_541\Debug\cyfitter_cfg.o
 .text.AnalogSetDefault
                0x00000358       0x20 .\CortexM0\ARM_GCC_541\Debug\cyfitter_cfg.o
 .text.CYMEMZERO
                0x00000378        0xc .\CortexM0\ARM_GCC_541\Debug\cyfitter_cfg.o
 .text.IntDefaultHandler
                0x00000384       0x10 .\CortexM0\ARM_GCC_541\Debug\Cm0Start.o
                0x00000384                IntDefaultHandler
 .text.Start_c  0x00000394       0x48 .\CortexM0\ARM_GCC_541\Debug\Cm0Start.o
                0x00000394                Start_c
 .text.initialize_psoc
                0x000003dc       0x4c .\CortexM0\ARM_GCC_541\Debug\Cm0Start.o
                0x000003dc                initialize_psoc
 .text.Timer_Counter_WriteCounter
                0x00000428       0x10 .\CortexM0\ARM_GCC_541\Debug\lab-2.a(Timer_Counter.o)
                0x00000428                Timer_Counter_WriteCounter
 .text.Timer_Counter_WritePeriod
                0x00000438       0x10 .\CortexM0\ARM_GCC_541\Debug\lab-2.a(Timer_Counter.o)
                0x00000438                Timer_Counter_WritePeriod
 .text.Timer_Counter_TriggerCommand
                0x00000448       0x1c .\CortexM0\ARM_GCC_541\Debug\lab-2.a(Timer_Counter.o)
                0x00000448                Timer_Counter_TriggerCommand
 .text.Timer_Counter_Enable
                0x00000464       0x24 .\CortexM0\ARM_GCC_541\Debug\lab-2.a(Timer_Counter.o)
                0x00000464                Timer_Counter_Enable
 .text.Timer_Counter_SetInterruptMode
                0x00000488        0xc .\CortexM0\ARM_GCC_541\Debug\lab-2.a(Timer_Counter.o)
                0x00000488                Timer_Counter_SetInterruptMode
 .text.Timer_Counter_Init
                0x00000494       0x30 .\CortexM0\ARM_GCC_541\Debug\lab-2.a(Timer_Counter.o)
                0x00000494                Timer_Counter_Init
 .text.Timer_Counter_Start
                0x000004c4       0x20 .\CortexM0\ARM_GCC_541\Debug\lab-2.a(Timer_Counter.o)
                0x000004c4                Timer_Counter_Start
 .text.Timer_Counter_ClearInterrupt
                0x000004e4        0xc .\CortexM0\ARM_GCC_541\Debug\lab-2.a(Timer_Counter.o)
                0x000004e4                Timer_Counter_ClearInterrupt
 .text.timer_isr_SetVector
                0x000004f0        0xc .\CortexM0\ARM_GCC_541\Debug\lab-2.a(timer_isr.o)
                0x000004f0                timer_isr_SetVector
 .text.timer_isr_SetPriority
                0x000004fc       0x20 .\CortexM0\ARM_GCC_541\Debug\lab-2.a(timer_isr.o)
                0x000004fc                timer_isr_SetPriority
 .text.timer_isr_Enable
                0x0000051c       0x10 .\CortexM0\ARM_GCC_541\Debug\lab-2.a(timer_isr.o)
                0x0000051c                timer_isr_Enable
 .text.timer_isr_Disable
                0x0000052c       0x10 .\CortexM0\ARM_GCC_541\Debug\lab-2.a(timer_isr.o)
                0x0000052c                timer_isr_Disable
 .text.timer_isr_StartEx
                0x0000053c       0x1c .\CortexM0\ARM_GCC_541\Debug\lab-2.a(timer_isr.o)
                0x0000053c                timer_isr_StartEx
 .text.Control_Reg_Write
                0x00000558        0xc .\CortexM0\ARM_GCC_541\Debug\lab-2.a(Control_Reg.o)
                0x00000558                Control_Reg_Write
 .text.CySysClkImoDisableWcoLock
                0x00000564       0x54 .\CortexM0\ARM_GCC_541\Debug\lab-2.a(CyLib.o)
                0x00000564                CySysClkImoDisableWcoLock
 .text.CySysClkImoGetWcoLock
                0x000005b8       0x14 .\CortexM0\ARM_GCC_541\Debug\lab-2.a(CyLib.o)
                0x000005b8                CySysClkImoGetWcoLock
 .text.CyIntEnable
                0x000005cc       0x14 .\CortexM0\ARM_GCC_541\Debug\lab-2.a(CyLib.o)
                0x000005cc                CyIntEnable
 .text.CyHalt   0x000005e0        0x4 .\CortexM0\ARM_GCC_541\Debug\lab-2.a(CyLib.o)
                0x000005e0                CyHalt
 .text.CyIntSetVector
                0x000005e4       0x24 .\CortexM0\ARM_GCC_541\Debug\lab-2.a(CyLib.o)
                0x000005e4                CyIntSetVector
 .text.CyDelay  0x00000608       0x30 .\CortexM0\ARM_GCC_541\Debug\lab-2.a(CyLib.o)
                0x00000608                CyDelay
 .text.CySysClkImoEnableWcoLock
                0x00000638       0xf4 .\CortexM0\ARM_GCC_541\Debug\lab-2.a(CyLib.o)
                0x00000638                CySysClkImoEnableWcoLock
 .text.CySysClkWriteImoFreq
                0x0000072c       0x80 .\CortexM0\ARM_GCC_541\Debug\lab-2.a(CyLib.o)
                0x0000072c                CySysClkWriteImoFreq
 .text.CySysWdtLocked
                0x000007ac       0x14 .\CortexM0\ARM_GCC_541\Debug\lab-2.a(CyLFClk.o)
 .text.CySysClkWcoEnabled
                0x000007c0       0x14 .\CortexM0\ARM_GCC_541\Debug\lab-2.a(CyLFClk.o)
                0x000007c0                CySysClkWcoEnabled
 .text.CySysWdtLock
                0x000007d4       0x1c .\CortexM0\ARM_GCC_541\Debug\lab-2.a(CyLFClk.o)
                0x000007d4                CySysWdtLock
 .text.CySysWdtUnlock
                0x000007f0       0x30 .\CortexM0\ARM_GCC_541\Debug\lab-2.a(CyLFClk.o)
                0x000007f0                CySysWdtUnlock
 .text.CySysWdtClearInterrupt
                0x00000820       0x4c .\CortexM0\ARM_GCC_541\Debug\lab-2.a(CyLFClk.o)
                0x00000820                CySysWdtClearInterrupt
 .text.CySysWdtIsr
                0x0000086c       0xa4 .\CortexM0\ARM_GCC_541\Debug\lab-2.a(CyLFClk.o)
                0x0000086c                CySysWdtIsr
 .text.Button_ClearInterrupt
                0x00000910       0x14 .\CortexM0\ARM_GCC_541\Debug\lab-2.a(Button.o)
                0x00000910                Button_ClearInterrupt
 .text.button_isr_SetVector
                0x00000924        0xc .\CortexM0\ARM_GCC_541\Debug\lab-2.a(button_isr.o)
                0x00000924                button_isr_SetVector
 .text.button_isr_SetPriority
                0x00000930       0x20 .\CortexM0\ARM_GCC_541\Debug\lab-2.a(button_isr.o)
                0x00000930                button_isr_SetPriority
 .text.button_isr_Enable
                0x00000950        0xc .\CortexM0\ARM_GCC_541\Debug\lab-2.a(button_isr.o)
                0x00000950                button_isr_Enable
 .text.button_isr_Disable
                0x0000095c        0xc .\CortexM0\ARM_GCC_541\Debug\lab-2.a(button_isr.o)
                0x0000095c                button_isr_Disable
 .text.button_isr_StartEx
                0x00000968       0x1c .\CortexM0\ARM_GCC_541\Debug\lab-2.a(button_isr.o)
                0x00000968                button_isr_StartEx
 *fill*         0x00000984        0x4 
 .text          0x00000988       0x20 .\CortexM0\ARM_GCC_541\Debug\lab-2.a(CyBootAsmGnu.o)
                0x00000988                CyDelayCycles
                0x0000099a                CyEnterCriticalSection
                0x000009a2                CyExitCriticalSection
 .text.CySysFlashSetWaitCycles
                0x000009a8       0x54 .\CortexM0\ARM_GCC_541\Debug\lab-2.a(CyFlash.o)
                0x000009a8                CySysFlashSetWaitCycles
 .text.__errno  0x000009fc        0xc c:/program files (x86)/cypress/psoc creator/4.4/psoc creator/import/gnu/arm/5.4.1/bin/../lib/gcc/arm-none-eabi/5.4.1/../../../../arm-none-eabi/lib/armv6-m\libg_nano.a(lib_a-errno.o)
                0x000009fc                __errno
 .text.__libc_init_array
                0x00000a08       0x4c c:/program files (x86)/cypress/psoc creator/4.4/psoc creator/import/gnu/arm/5.4.1/bin/../lib/gcc/arm-none-eabi/5.4.1/../../../../arm-none-eabi/lib/armv6-m\libg_nano.a(lib_a-init.o)
                0x00000a08                __libc_init_array
 .text.memset   0x00000a54       0x10 c:/program files (x86)/cypress/psoc creator/4.4/psoc creator/import/gnu/arm/5.4.1/bin/../lib/gcc/arm-none-eabi/5.4.1/../../../../arm-none-eabi/lib/armv6-m\libg_nano.a(lib_a-memset.o)
                0x00000a54                memset
 *(.plt)
 *(.gnu.warning)
 *(.glue_7t)
 .glue_7t       0x00000a64        0x0 linker stubs
 *(.glue_7)
 .glue_7        0x00000a64        0x0 linker stubs
 *(.vfp11_veneer)
 .vfp11_veneer  0x00000a64        0x0 linker stubs
 *(.bootloader)
 *(.ARM.extab* .gnu.linkonce.armextab.*)
 *(.gcc_except_table)

.v4_bx          0x00000a64        0x0
 .v4_bx         0x00000a64        0x0 linker stubs

.iplt           0x00000a64        0x0
 .iplt          0x00000a64        0x0 c:/program files (x86)/cypress/psoc creator/4.4/psoc creator/import/gnu/arm/5.4.1/bin/../lib/gcc/arm-none-eabi/5.4.1/armv6-m/crtbegin.o

.eh_frame_hdr
 *(.eh_frame_hdr)

.eh_frame       0x00000a64        0x4
 *(.eh_frame)
 .eh_frame      0x00000a64        0x0 c:/program files (x86)/cypress/psoc creator/4.4/psoc creator/import/gnu/arm/5.4.1/bin/../lib/gcc/arm-none-eabi/5.4.1/armv6-m/crtbegin.o
 .eh_frame      0x00000a64        0x4 c:/program files (x86)/cypress/psoc creator/4.4/psoc creator/import/gnu/arm/5.4.1/bin/../lib/gcc/arm-none-eabi/5.4.1/armv6-m/crtend.o
                [!provide]                PROVIDE (__exidx_start, .)

.ARM.exidx
 *(.ARM.exidx* .gnu.linkonce.armexidx.*)
                0x00000a68                __exidx_end = .

.rodata         0x00000a68       0xb0
 *(.rodata .rodata.* .gnu.linkonce.r.*)
 .rodata        0x00000a68       0x48 .\CortexM0\ARM_GCC_541\Debug\cyfitter_cfg.o
 .rodata        0x00000ab0       0x2e .\CortexM0\ARM_GCC_541\Debug\lab-2.a(CyLib.o)
                0x00000ab0                cyImoFreqMhz2Reg
 .rodata.str1.1
                0x00000ade        0x2 c:/program files (x86)/cypress/psoc creator/4.4/psoc creator/import/gnu/arm/5.4.1/bin/../lib/gcc/arm-none-eabi/5.4.1/../../../../arm-none-eabi/lib/armv6-m\libg_nano.a(lib_a-impure.o)
                0x00000ae0                . = ALIGN (0x4)
 *(.init)
 .init          0x00000ae0        0x4 c:/program files (x86)/cypress/psoc creator/4.4/psoc creator/import/gnu/arm/5.4.1/bin/../lib/gcc/arm-none-eabi/5.4.1/armv6-m/crti.o
                0x00000ae0                _init
 .init          0x00000ae4        0x8 c:/program files (x86)/cypress/psoc creator/4.4/psoc creator/import/gnu/arm/5.4.1/bin/../lib/gcc/arm-none-eabi/5.4.1/armv6-m/crtn.o
                0x00000aec                . = ALIGN (0x4)
                0x00000aec                __preinit_array_start = .
 *(.preinit_array)
                0x00000aec                __preinit_array_end = .
                0x00000aec                . = ALIGN (0x4)
                0x00000aec                __init_array_start = .
 *(SORT(.init_array.*))
 *(.init_array)
 .init_array    0x00000aec        0x4 c:/program files (x86)/cypress/psoc creator/4.4/psoc creator/import/gnu/arm/5.4.1/bin/../lib/gcc/arm-none-eabi/5.4.1/armv6-m/crtbegin.o
 .init_array    0x00000af0        0x4 .\CortexM0\ARM_GCC_541\Debug\Cm0Start.o
                0x00000af4                __init_array_end = .
                0x00000af4                . = ALIGN (0x4)
 *(.fini)
 .fini          0x00000af4        0x4 c:/program files (x86)/cypress/psoc creator/4.4/psoc creator/import/gnu/arm/5.4.1/bin/../lib/gcc/arm-none-eabi/5.4.1/armv6-m/crti.o
                0x00000af4                _fini
 .fini          0x00000af8        0x8 c:/program files (x86)/cypress/psoc creator/4.4/psoc creator/import/gnu/arm/5.4.1/bin/../lib/gcc/arm-none-eabi/5.4.1/armv6-m/crtn.o
                0x00000b00                . = ALIGN (0x4)
                0x00000b00                __fini_array_start = .
 *(.fini_array)
 .fini_array    0x00000b00        0x4 c:/program files (x86)/cypress/psoc creator/4.4/psoc creator/import/gnu/arm/5.4.1/bin/../lib/gcc/arm-none-eabi/5.4.1/armv6-m/crtbegin.o
 *(SORT(.fini_array.*))
                0x00000b04                __fini_array_end = .
                0x00000b04                . = ALIGN (0x4)
 *crtbegin.o(.ctors)
 *(EXCLUDE_FILE(*crtend.o) .ctors)
 *(SORT(.ctors.*))
 *crtend.o(.ctors)
                0x00000b04                . = ALIGN (0x4)
 *crtbegin.o(.dtors)
 *(EXCLUDE_FILE(*crtend.o) .dtors)
 *(SORT(.dtors.*))
 *crtend.o(.dtors)
                0x00000b04                . = ALIGN (0x4)
                0x00000b04                __cy_regions = .
                0x00000b04        0x4 LONG 0xb18 __cy_region_init_ram
                0x00000b08        0x4 LONG 0x200000c0 __cy_region_start_data
                0x00000b0c        0x4 LONG 0x88 __cy_region_init_size_ram
                0x00000b10        0x4 LONG 0x50 __cy_region_zero_size_ram
                0x00000b14                __cy_regions_end = .
                0x00000b18                . = ALIGN (0x8)
 *fill*         0x00000b14        0x4 
                0x00000b18                _etext = .

.cy_checksum_exclude
                0x00000b18        0x0
 *(.cy_checksum_exclude)

.ramvectors     0x20000000       0xc0
                0x20000000                __cy_region_start_ram = .
 *(.ramvectors)
 .ramvectors    0x20000000       0xc0 .\CortexM0\ARM_GCC_541\Debug\Cm0Start.o
                0x20000000                CyRamVectors

.noinit
 *(.noinit)

.data           0x200000c0       0x88 load address 0x00000b18
                0x200000c0                __cy_region_start_data = .
 *(.jcr)
 .jcr           0x200000c0        0x0 c:/program files (x86)/cypress/psoc creator/4.4/psoc creator/import/gnu/arm/5.4.1/bin/../lib/gcc/arm-none-eabi/5.4.1/armv6-m/crtbegin.o
 .jcr           0x200000c0        0x4 c:/program files (x86)/cypress/psoc creator/4.4/psoc creator/import/gnu/arm/5.4.1/bin/../lib/gcc/arm-none-eabi/5.4.1/armv6-m/crtend.o
 *(.got.plt)
 *(.got)
 *(.shdata)
 *(.data .data.* .gnu.linkonce.d.*)
 .data          0x200000c4       0x14 .\CortexM0\ARM_GCC_541\Debug\lab-2.a(CyLib.o)
                0x200000c4                CySysClkPumpConfig
                0x200000c8                cydelay32kMs
                0x200000cc                cydelayFreqKhz
                0x200000d0                cydelayFreqMhz
                0x200000d4                cydelayFreqHz
 .data          0x200000d8        0x8 .\CortexM0\ARM_GCC_541\Debug\lab-2.a(CyLFClk.o)
 .data.impure_data
                0x200000e0       0x60 c:/program files (x86)/cypress/psoc creator/4.4/psoc creator/import/gnu/arm/5.4.1/bin/../lib/gcc/arm-none-eabi/5.4.1/../../../../arm-none-eabi/lib/armv6-m\libg_nano.a(lib_a-impure.o)
 .data._impure_ptr
                0x20000140        0x4 c:/program files (x86)/cypress/psoc creator/4.4/psoc creator/import/gnu/arm/5.4.1/bin/../lib/gcc/arm-none-eabi/5.4.1/../../../../arm-none-eabi/lib/armv6-m\libg_nano.a(lib_a-impure.o)
                0x20000140                _impure_ptr
                0x20000148                . = ALIGN (0x8)
 *fill*         0x20000144        0x4 
 *(.ram)
                0x20000148                _edata = .

.igot.plt       0x20000148        0x0 load address 0x00000ba0
 .igot.plt      0x20000148        0x0 c:/program files (x86)/cypress/psoc creator/4.4/psoc creator/import/gnu/arm/5.4.1/bin/../lib/gcc/arm-none-eabi/5.4.1/armv6-m/crtbegin.o

.bss            0x20000148       0x50 load address 0x00000ba0
                0x20000148                PROVIDE (__bss_start__, .)
 *(.shbss)
 *(.bss .bss.* .gnu.linkonce.b.*)
 .bss           0x20000148       0x1c c:/program files (x86)/cypress/psoc creator/4.4/psoc creator/import/gnu/arm/5.4.1/bin/../lib/gcc/arm-none-eabi/5.4.1/armv6-m/crtbegin.o
 .bss           0x20000164        0x9 .\CortexM0\ARM_GCC_541\Debug\main.o
                0x20000164                counter
                0x20000168                state
                0x2000016c                algorithm
 .bss           0x2000016d        0x1 .\CortexM0\ARM_GCC_541\Debug\lab-2.a(Timer_Counter.o)
                0x2000016d                Timer_Counter_initVar
 *fill*         0x2000016e        0x2 
 .bss           0x20000170       0x28 .\CortexM0\ARM_GCC_541\Debug\lab-2.a(CyLFClk.o)
 *(COMMON)
                0x20000198                . = ALIGN (0x8)
 *(.ram.b)
                0x20000198                _end = .
                0x20000198                __end = .
                0x20000198                PROVIDE (end, .)
                0x20000198                PROVIDE (__bss_end__, .)
                0x00000b18                __cy_region_init_ram = LOADADDR (.data)
                0x00000088                __cy_region_init_size_ram = (_edata - ADDR (.data))
                0x00000050                __cy_region_zero_size_ram = (_end - _edata)

.heap           0x20000198       0x80 load address 0x00000ba0
                0x20000198                . = _end
                0x20000218                . = (. + 0x80)
 *fill*         0x20000198       0x80 
                0x20000218                __cy_heap_limit = .

.stack          0x20003800      0x800
                0x20003800                __cy_stack_limit = .
                0x20004000                . = (. + 0x800)
 *fill*         0x20003800      0x800 
                0x00000001                ASSERT ((__cy_stack_limit >= __cy_heap_limit), region RAM overflowed with stack)
                0x00000000                cy_checksum_exclude_size = (CY_APPL_LOADABLE == 0x1)?SIZEOF (.cy_checksum_exclude):0x0
                0x00000001                ASSERT ((cy_checksum_exclude_size <= CY_CHECKSUM_EXCLUDE_SIZE), CY_BOOT: Section .cy_checksum_exclude size exceedes specified limit.)
                0x0001ffc0                cyloadermeta_start = (cy_project_type_bootloader || cy_project_type_app_for_stack_and_copier)?(LENGTH (rom) - CY_METADATA_SIZE):0xf0000000

.cyloadermeta
 *(.cyloadermeta)
                0x0001ffc0                cyloadablemeta_start = cy_project_type_app_for_stack_and_copier?((LENGTH (rom) - CY_FLASH_ROW_SIZE) - CY_METADATA_SIZE):((LENGTH (rom) - (CY_FLASH_ROW_SIZE * (CY_APPL_NUM - 0x1))) - CY_METADATA_SIZE)

.cyloadablemeta
 *(.cyloadablemeta)

.cyflashprotect
                0x90400000       0x80
 *(.cyflashprotect)
 .cyflashprotect
                0x90400000       0x80 .\CortexM0\ARM_GCC_541\Debug\cymetadata.o
                0x90400000                cy_meta_flashprotect

.cymeta         0x90500000        0xc
 *(.cymeta)
 .cymeta        0x90500000        0xc .\CortexM0\ARM_GCC_541\Debug\cymetadata.o
                0x90500000                cy_metadata

.cychipprotect  0x90600000        0x1
 *(.cychipprotect)
 .cychipprotect
                0x90600000        0x1 .\CortexM0\ARM_GCC_541\Debug\cymetadata.o
                0x90600000                cy_meta_chipprotect

.rel.dyn        0x00000ba0        0x0 load address 0x90600004
 .rel.iplt      0x00000ba0        0x0 c:/program files (x86)/cypress/psoc creator/4.4/psoc creator/import/gnu/arm/5.4.1/bin/../lib/gcc/arm-none-eabi/5.4.1/armv6-m/crtbegin.o

.stab
 *(.stab)

.stabstr
 *(.stabstr)

.debug
 *(.debug)

.line
 *(.line)

.debug_srcinfo
 *(.debug_srcinfo)

.debug_sfnames
 *(.debug_sfnames)

.debug_aranges  0x00000000      0x748
 *(.debug_aranges)
 .debug_aranges
                0x00000000       0x30 .\CortexM0\ARM_GCC_541\Debug\main.o
 .debug_aranges
                0x00000030       0x40 .\CortexM0\ARM_GCC_541\Debug\cyfitter_cfg.o
 .debug_aranges
                0x00000070       0x18 .\CortexM0\ARM_GCC_541\Debug\cymetadata.o
 .debug_aranges
                0x00000088       0x48 .\CortexM0\ARM_GCC_541\Debug\Cm0Start.o
 .debug_aranges
                0x000000d0      0x158 .\CortexM0\ARM_GCC_541\Debug\lab-2.a(Timer_Counter.o)
 .debug_aranges
                0x00000228       0x80 .\CortexM0\ARM_GCC_541\Debug\lab-2.a(timer_isr.o)
 .debug_aranges
                0x000002a8       0x28 .\CortexM0\ARM_GCC_541\Debug\lab-2.a(Control_Reg.o)
 .debug_aranges
                0x000002d0      0x1c8 .\CortexM0\ARM_GCC_541\Debug\lab-2.a(CyLib.o)
 .debug_aranges
                0x00000498      0x188 .\CortexM0\ARM_GCC_541\Debug\lab-2.a(CyLFClk.o)
 .debug_aranges
                0x00000620       0x48 .\CortexM0\ARM_GCC_541\Debug\lab-2.a(Button.o)
 .debug_aranges
                0x00000668       0x80 .\CortexM0\ARM_GCC_541\Debug\lab-2.a(button_isr.o)
 .debug_aranges
                0x000006e8       0x20 .\CortexM0\ARM_GCC_541\Debug\lab-2.a(CyBootAsmGnu.o)
 .debug_aranges
                0x00000708       0x40 .\CortexM0\ARM_GCC_541\Debug\lab-2.a(CyFlash.o)

.debug_pubnames
 *(.debug_pubnames)

.debug_info     0x00000000     0x3ea2
 *(.debug_info .gnu.linkonce.wi.*)
 .debug_info    0x00000000      0x356 .\CortexM0\ARM_GCC_541\Debug\main.o
 .debug_info    0x00000356      0x3bc .\CortexM0\ARM_GCC_541\Debug\cyfitter_cfg.o
 .debug_info    0x00000712       0xf8 .\CortexM0\ARM_GCC_541\Debug\cymetadata.o
 .debug_info    0x0000080a      0x3a2 .\CortexM0\ARM_GCC_541\Debug\Cm0Start.o
 .debug_info    0x00000bac      0x8f6 .\CortexM0\ARM_GCC_541\Debug\lab-2.a(Timer_Counter.o)
 .debug_info    0x000014a2      0x305 .\CortexM0\ARM_GCC_541\Debug\lab-2.a(timer_isr.o)
 .debug_info    0x000017a7       0xd6 .\CortexM0\ARM_GCC_541\Debug\lab-2.a(Control_Reg.o)
 .debug_info    0x0000187d      0xd40 .\CortexM0\ARM_GCC_541\Debug\lab-2.a(CyLib.o)
 .debug_info    0x000025bd     0x1058 .\CortexM0\ARM_GCC_541\Debug\lab-2.a(CyLFClk.o)
 .debug_info    0x00003615      0x19d .\CortexM0\ARM_GCC_541\Debug\lab-2.a(Button.o)
 .debug_info    0x000037b2      0x305 .\CortexM0\ARM_GCC_541\Debug\lab-2.a(button_isr.o)
 .debug_info    0x00003ab7       0x9b .\CortexM0\ARM_GCC_541\Debug\lab-2.a(CyBootAsmGnu.o)
 .debug_info    0x00003b52      0x350 .\CortexM0\ARM_GCC_541\Debug\lab-2.a(CyFlash.o)

.debug_abbrev   0x00000000     0x106e
 *(.debug_abbrev)
 .debug_abbrev  0x00000000      0x10c .\CortexM0\ARM_GCC_541\Debug\main.o
 .debug_abbrev  0x0000010c      0x1af .\CortexM0\ARM_GCC_541\Debug\cyfitter_cfg.o
 .debug_abbrev  0x000002bb       0x5d .\CortexM0\ARM_GCC_541\Debug\cymetadata.o
 .debug_abbrev  0x00000318      0x1d7 .\CortexM0\ARM_GCC_541\Debug\Cm0Start.o
 .debug_abbrev  0x000004ef      0x119 .\CortexM0\ARM_GCC_541\Debug\lab-2.a(Timer_Counter.o)
 .debug_abbrev  0x00000608      0x19a .\CortexM0\ARM_GCC_541\Debug\lab-2.a(timer_isr.o)
 .debug_abbrev  0x000007a2       0x81 .\CortexM0\ARM_GCC_541\Debug\lab-2.a(Control_Reg.o)
 .debug_abbrev  0x00000823      0x20b .\CortexM0\ARM_GCC_541\Debug\lab-2.a(CyLib.o)
 .debug_abbrev  0x00000a2e      0x248 .\CortexM0\ARM_GCC_541\Debug\lab-2.a(CyLFClk.o)
 .debug_abbrev  0x00000c76       0xc8 .\CortexM0\ARM_GCC_541\Debug\lab-2.a(Button.o)
 .debug_abbrev  0x00000d3e      0x19a .\CortexM0\ARM_GCC_541\Debug\lab-2.a(button_isr.o)
 .debug_abbrev  0x00000ed8       0x14 .\CortexM0\ARM_GCC_541\Debug\lab-2.a(CyBootAsmGnu.o)
 .debug_abbrev  0x00000eec      0x182 .\CortexM0\ARM_GCC_541\Debug\lab-2.a(CyFlash.o)

.debug_line     0x00000000     0x1a52
 *(.debug_line)
 .debug_line    0x00000000       0xfd .\CortexM0\ARM_GCC_541\Debug\main.o
 .debug_line    0x000000fd      0x175 .\CortexM0\ARM_GCC_541\Debug\cyfitter_cfg.o
 .debug_line    0x00000272      0x141 .\CortexM0\ARM_GCC_541\Debug\cymetadata.o
 .debug_line    0x000003b3      0x236 .\CortexM0\ARM_GCC_541\Debug\Cm0Start.o
 .debug_line    0x000005e9      0x381 .\CortexM0\ARM_GCC_541\Debug\lab-2.a(Timer_Counter.o)
 .debug_line    0x0000096a      0x155 .\CortexM0\ARM_GCC_541\Debug\lab-2.a(timer_isr.o)
 .debug_line    0x00000abf       0x74 .\CortexM0\ARM_GCC_541\Debug\lab-2.a(Control_Reg.o)
 .debug_line    0x00000b33      0x563 .\CortexM0\ARM_GCC_541\Debug\lab-2.a(CyLib.o)
 .debug_line    0x00001096      0x5d1 .\CortexM0\ARM_GCC_541\Debug\lab-2.a(CyLFClk.o)
 .debug_line    0x00001667       0xbe .\CortexM0\ARM_GCC_541\Debug\lab-2.a(Button.o)
 .debug_line    0x00001725      0x152 .\CortexM0\ARM_GCC_541\Debug\lab-2.a(button_isr.o)
 .debug_line    0x00001877       0x68 .\CortexM0\ARM_GCC_541\Debug\lab-2.a(CyBootAsmGnu.o)
 .debug_line    0x000018df      0x173 .\CortexM0\ARM_GCC_541\Debug\lab-2.a(CyFlash.o)

.debug_frame    0x00000000     0x12d4
 *(.debug_frame)
 .debug_frame   0x00000000       0x64 .\CortexM0\ARM_GCC_541\Debug\main.o
 .debug_frame   0x00000064       0x98 .\CortexM0\ARM_GCC_541\Debug\cyfitter_cfg.o
 .debug_frame   0x000000fc       0xbc .\CortexM0\ARM_GCC_541\Debug\Cm0Start.o
 .debug_frame   0x000001b8      0x3a0 .\CortexM0\ARM_GCC_541\Debug\lab-2.a(Timer_Counter.o)
 .debug_frame   0x00000558      0x110 .\CortexM0\ARM_GCC_541\Debug\lab-2.a(timer_isr.o)
 .debug_frame   0x00000668       0x30 .\CortexM0\ARM_GCC_541\Debug\lab-2.a(Control_Reg.o)
 .debug_frame   0x00000698      0x48c .\CortexM0\ARM_GCC_541\Debug\lab-2.a(CyLib.o)
 .debug_frame   0x00000b24      0x4a4 .\CortexM0\ARM_GCC_541\Debug\lab-2.a(CyLFClk.o)
 .debug_frame   0x00000fc8       0x70 .\CortexM0\ARM_GCC_541\Debug\lab-2.a(Button.o)
 .debug_frame   0x00001038      0x110 .\CortexM0\ARM_GCC_541\Debug\lab-2.a(button_isr.o)
 .debug_frame   0x00001148       0x90 .\CortexM0\ARM_GCC_541\Debug\lab-2.a(CyFlash.o)
 .debug_frame   0x000011d8       0x20 c:/program files (x86)/cypress/psoc creator/4.4/psoc creator/import/gnu/arm/5.4.1/bin/../lib/gcc/arm-none-eabi/5.4.1/armv6-m\libgcc.a(_udivsi3.o)
 .debug_frame   0x000011f8       0x20 c:/program files (x86)/cypress/psoc creator/4.4/psoc creator/import/gnu/arm/5.4.1/bin/../lib/gcc/arm-none-eabi/5.4.1/armv6-m\libgcc.a(_divsi3.o)
 .debug_frame   0x00001218       0x20 c:/program files (x86)/cypress/psoc creator/4.4/psoc creator/import/gnu/arm/5.4.1/bin/../lib/gcc/arm-none-eabi/5.4.1/../../../../arm-none-eabi/lib/armv6-m\libg_nano.a(lib_a-errno.o)
 .debug_frame   0x00001238       0x28 c:/program files (x86)/cypress/psoc creator/4.4/psoc creator/import/gnu/arm/5.4.1/bin/../lib/gcc/arm-none-eabi/5.4.1/../../../../arm-none-eabi/lib/armv6-m\libg_nano.a(lib_a-exit.o)
 .debug_frame   0x00001260       0x2c c:/program files (x86)/cypress/psoc creator/4.4/psoc creator/import/gnu/arm/5.4.1/bin/../lib/gcc/arm-none-eabi/5.4.1/../../../../arm-none-eabi/lib/armv6-m\libg_nano.a(lib_a-init.o)
 .debug_frame   0x0000128c       0x28 c:/program files (x86)/cypress/psoc creator/4.4/psoc creator/import/gnu/arm/5.4.1/bin/../lib/gcc/arm-none-eabi/5.4.1/../../../../arm-none-eabi/lib/armv6-m\libg_nano.a(lib_a-memcpy-stub.o)
 .debug_frame   0x000012b4       0x20 c:/program files (x86)/cypress/psoc creator/4.4/psoc creator/import/gnu/arm/5.4.1/bin/../lib/gcc/arm-none-eabi/5.4.1/../../../../arm-none-eabi/lib/armv6-m\libg_nano.a(lib_a-memset.o)

.debug_str      0x00000000     0x1ac3
 *(.debug_str)
 .debug_str     0x00000000      0x240 .\CortexM0\ARM_GCC_541\Debug\main.o
                                0x280 (size before relaxing)
 .debug_str     0x00000240      0x12b .\CortexM0\ARM_GCC_541\Debug\cyfitter_cfg.o
                                0x2e1 (size before relaxing)
 .debug_str     0x0000036b       0x63 .\CortexM0\ARM_GCC_541\Debug\cymetadata.o
                                0x1d3 (size before relaxing)
 .debug_str     0x000003ce      0x13a .\CortexM0\ARM_GCC_541\Debug\Cm0Start.o
                                0x30c (size before relaxing)
 .debug_str     0x00000508      0x53c .\CortexM0\ARM_GCC_541\Debug\lab-2.a(Timer_Counter.o)
                                0x70c (size before relaxing)
 .debug_str     0x00000a44      0x133 .\CortexM0\ARM_GCC_541\Debug\lab-2.a(timer_isr.o)
                                0x32d (size before relaxing)
 .debug_str     0x00000b77       0x3e .\CortexM0\ARM_GCC_541\Debug\lab-2.a(Control_Reg.o)
                                0x1cc (size before relaxing)
 .debug_str     0x00000bb5      0x5c7 .\CortexM0\ARM_GCC_541\Debug\lab-2.a(CyLib.o)
                                0x808 (size before relaxing)
 .debug_str     0x0000117c      0x6eb .\CortexM0\ARM_GCC_541\Debug\lab-2.a(CyLFClk.o)
                                0x928 (size before relaxing)
 .debug_str     0x00001867       0x9c .\CortexM0\ARM_GCC_541\Debug\lab-2.a(Button.o)
                                0x248 (size before relaxing)
 .debug_str     0x00001903      0x119 .\CortexM0\ARM_GCC_541\Debug\lab-2.a(button_isr.o)
                                0x33b (size before relaxing)
 .debug_str     0x00001a1c       0xa7 .\CortexM0\ARM_GCC_541\Debug\lab-2.a(CyFlash.o)
                                0x2bb (size before relaxing)

.debug_loc      0x00000000     0x2087
 *(.debug_loc)
 .debug_loc     0x00000000      0x118 .\CortexM0\ARM_GCC_541\Debug\cyfitter_cfg.o
 .debug_loc     0x00000118      0x14f .\CortexM0\ARM_GCC_541\Debug\Cm0Start.o
 .debug_loc     0x00000267      0x547 .\CortexM0\ARM_GCC_541\Debug\lab-2.a(Timer_Counter.o)
 .debug_loc     0x000007ae       0x82 .\CortexM0\ARM_GCC_541\Debug\lab-2.a(timer_isr.o)
 .debug_loc     0x00000830      0x81c .\CortexM0\ARM_GCC_541\Debug\lab-2.a(CyLib.o)
 .debug_loc     0x0000104c      0xdb7 .\CortexM0\ARM_GCC_541\Debug\lab-2.a(CyLFClk.o)
 .debug_loc     0x00001e03       0xa2 .\CortexM0\ARM_GCC_541\Debug\lab-2.a(Button.o)
 .debug_loc     0x00001ea5       0x82 .\CortexM0\ARM_GCC_541\Debug\lab-2.a(button_isr.o)
 .debug_loc     0x00001f27      0x160 .\CortexM0\ARM_GCC_541\Debug\lab-2.a(CyFlash.o)

.debug_macinfo
 *(.debug_macinfo)

.debug_ranges   0x00000000      0x660
 *(.debug_ranges)
 .debug_ranges  0x00000000       0x20 .\CortexM0\ARM_GCC_541\Debug\main.o
 .debug_ranges  0x00000020       0x30 .\CortexM0\ARM_GCC_541\Debug\cyfitter_cfg.o
 .debug_ranges  0x00000050       0x38 .\CortexM0\ARM_GCC_541\Debug\Cm0Start.o
 .debug_ranges  0x00000088      0x148 .\CortexM0\ARM_GCC_541\Debug\lab-2.a(Timer_Counter.o)
 .debug_ranges  0x000001d0       0x70 .\CortexM0\ARM_GCC_541\Debug\lab-2.a(timer_isr.o)
 .debug_ranges  0x00000240       0x18 .\CortexM0\ARM_GCC_541\Debug\lab-2.a(Control_Reg.o)
 .debug_ranges  0x00000258      0x1b8 .\CortexM0\ARM_GCC_541\Debug\lab-2.a(CyLib.o)
 .debug_ranges  0x00000410      0x178 .\CortexM0\ARM_GCC_541\Debug\lab-2.a(CyLFClk.o)
 .debug_ranges  0x00000588       0x38 .\CortexM0\ARM_GCC_541\Debug\lab-2.a(Button.o)
 .debug_ranges  0x000005c0       0x70 .\CortexM0\ARM_GCC_541\Debug\lab-2.a(button_isr.o)
 .debug_ranges  0x00000630       0x30 .\CortexM0\ARM_GCC_541\Debug\lab-2.a(CyFlash.o)

.comment        0x00000000       0x6e
 .comment       0x00000000       0x6e .\CortexM0\ARM_GCC_541\Debug\main.o
                                 0x6f (size before relaxing)
 .comment       0x0000006e       0x6f .\CortexM0\ARM_GCC_541\Debug\cyfitter_cfg.o
 .comment       0x0000006e       0x6f .\CortexM0\ARM_GCC_541\Debug\cymetadata.o
 .comment       0x0000006e       0x6f .\CortexM0\ARM_GCC_541\Debug\Cm0Start.o
 .comment       0x0000006e       0x6f .\CortexM0\ARM_GCC_541\Debug\lab-2.a(Timer_Counter.o)
 .comment       0x0000006e       0x6f .\CortexM0\ARM_GCC_541\Debug\lab-2.a(timer_isr.o)
 .comment       0x0000006e       0x6f .\CortexM0\ARM_GCC_541\Debug\lab-2.a(Control_Reg.o)
 .comment       0x0000006e       0x6f .\CortexM0\ARM_GCC_541\Debug\lab-2.a(CyLib.o)
 .comment       0x0000006e       0x6f .\CortexM0\ARM_GCC_541\Debug\lab-2.a(CyLFClk.o)
 .comment       0x0000006e       0x6f .\CortexM0\ARM_GCC_541\Debug\lab-2.a(Button.o)
 .comment       0x0000006e       0x6f .\CortexM0\ARM_GCC_541\Debug\lab-2.a(button_isr.o)
 .comment       0x0000006e       0x6f .\CortexM0\ARM_GCC_541\Debug\lab-2.a(CyFlash.o)

.debug_weaknames
 *(.debug_weaknames)

.debug_funcnames
 *(.debug_funcnames)

.debug_typenames
 *(.debug_typenames)

.debug_varnames
 *(.debug_varnames)

.note.gnu.arm.ident
 *(.note.gnu.arm.ident)

.ARM.attributes
                0x00000000       0x28
 *(.ARM.attributes)
 .ARM.attributes
                0x00000000       0x1e c:/program files (x86)/cypress/psoc creator/4.4/psoc creator/import/gnu/arm/5.4.1/bin/../lib/gcc/arm-none-eabi/5.4.1/armv6-m/crti.o
 .ARM.attributes
                0x0000001e       0x2c c:/program files (x86)/cypress/psoc creator/4.4/psoc creator/import/gnu/arm/5.4.1/bin/../lib/gcc/arm-none-eabi/5.4.1/armv6-m/crtbegin.o
 .ARM.attributes
                0x0000004a       0x1b c:/program files (x86)/cypress/psoc creator/4.4/psoc creator/import/gnu/arm/5.4.1/bin/../lib/gcc/arm-none-eabi/5.4.1/../../../../arm-none-eabi/lib/armv6-m/crt0.o
 .ARM.attributes
                0x00000065       0x31 .\CortexM0\ARM_GCC_541\Debug\main.o
 .ARM.attributes
                0x00000096       0x31 .\CortexM0\ARM_GCC_541\Debug\cyfitter_cfg.o
 .ARM.attributes
                0x000000c7       0x31 .\CortexM0\ARM_GCC_541\Debug\cymetadata.o
 .ARM.attributes
                0x000000f8       0x31 .\CortexM0\ARM_GCC_541\Debug\Cm0Start.o
 .ARM.attributes
                0x00000129       0x31 .\CortexM0\ARM_GCC_541\Debug\lab-2.a(Timer_Counter.o)
 .ARM.attributes
                0x0000015a       0x31 .\CortexM0\ARM_GCC_541\Debug\lab-2.a(timer_isr.o)
 .ARM.attributes
                0x0000018b       0x31 .\CortexM0\ARM_GCC_541\Debug\lab-2.a(Control_Reg.o)
 .ARM.attributes
                0x000001bc       0x31 .\CortexM0\ARM_GCC_541\Debug\lab-2.a(CyLib.o)
 .ARM.attributes
                0x000001ed       0x31 .\CortexM0\ARM_GCC_541\Debug\lab-2.a(CyLFClk.o)
 .ARM.attributes
                0x0000021e       0x31 .\CortexM0\ARM_GCC_541\Debug\lab-2.a(Button.o)
 .ARM.attributes
                0x0000024f       0x31 .\CortexM0\ARM_GCC_541\Debug\lab-2.a(button_isr.o)
 .ARM.attributes
                0x00000280       0x21 .\CortexM0\ARM_GCC_541\Debug\lab-2.a(CyBootAsmGnu.o)
 .ARM.attributes
                0x000002a1       0x31 .\CortexM0\ARM_GCC_541\Debug\lab-2.a(CyFlash.o)
 .ARM.attributes
                0x000002d2       0x1e c:/program files (x86)/cypress/psoc creator/4.4/psoc creator/import/gnu/arm/5.4.1/bin/../lib/gcc/arm-none-eabi/5.4.1/armv6-m\libgcc.a(_udivsi3.o)
 .ARM.attributes
                0x000002f0       0x1e c:/program files (x86)/cypress/psoc creator/4.4/psoc creator/import/gnu/arm/5.4.1/bin/../lib/gcc/arm-none-eabi/5.4.1/armv6-m\libgcc.a(_divsi3.o)
 .ARM.attributes
                0x0000030e       0x1e c:/program files (x86)/cypress/psoc creator/4.4/psoc creator/import/gnu/arm/5.4.1/bin/../lib/gcc/arm-none-eabi/5.4.1/armv6-m\libgcc.a(_dvmd_tls.o)
 .ARM.attributes
                0x0000032c       0x2c c:/program files (x86)/cypress/psoc creator/4.4/psoc creator/import/gnu/arm/5.4.1/bin/../lib/gcc/arm-none-eabi/5.4.1/../../../../arm-none-eabi/lib/armv6-m\libg_nano.a(lib_a-errno.o)
 .ARM.attributes
                0x00000358       0x2c c:/program files (x86)/cypress/psoc creator/4.4/psoc creator/import/gnu/arm/5.4.1/bin/../lib/gcc/arm-none-eabi/5.4.1/../../../../arm-none-eabi/lib/armv6-m\libg_nano.a(lib_a-exit.o)
 .ARM.attributes
                0x00000384       0x2c c:/program files (x86)/cypress/psoc creator/4.4/psoc creator/import/gnu/arm/5.4.1/bin/../lib/gcc/arm-none-eabi/5.4.1/../../../../arm-none-eabi/lib/armv6-m\libg_nano.a(lib_a-impure.o)
 .ARM.attributes
                0x000003b0       0x2c c:/program files (x86)/cypress/psoc creator/4.4/psoc creator/import/gnu/arm/5.4.1/bin/../lib/gcc/arm-none-eabi/5.4.1/../../../../arm-none-eabi/lib/armv6-m\libg_nano.a(lib_a-init.o)
 .ARM.attributes
                0x000003dc       0x2c c:/program files (x86)/cypress/psoc creator/4.4/psoc creator/import/gnu/arm/5.4.1/bin/../lib/gcc/arm-none-eabi/5.4.1/../../../../arm-none-eabi/lib/armv6-m\libg_nano.a(lib_a-memcpy-stub.o)
 .ARM.attributes
                0x00000408       0x2c c:/program files (x86)/cypress/psoc creator/4.4/psoc creator/import/gnu/arm/5.4.1/bin/../lib/gcc/arm-none-eabi/5.4.1/../../../../arm-none-eabi/lib/armv6-m\libg_nano.a(lib_a-memset.o)
 .ARM.attributes
                0x00000434       0x2c c:/program files (x86)/cypress/psoc creator/4.4/psoc creator/import/gnu/arm/5.4.1/bin/../lib/gcc/arm-none-eabi/5.4.1/armv6-m/crtend.o
 .ARM.attributes
                0x00000460       0x1e c:/program files (x86)/cypress/psoc creator/4.4/psoc creator/import/gnu/arm/5.4.1/bin/../lib/gcc/arm-none-eabi/5.4.1/armv6-m/crtn.o

/DISCARD/
 *(.note.GNU-stack)
OUTPUT(C:\Users\elizavet\Documents\PSoC Creator\Microcontrollers_part_2\lab-2.cydsn\CortexM0\ARM_GCC_541\Debug\lab-2.elf elf32-littlearm)
